project_root=/home/user/small-client-pir
upstream=https://github.com/mayank0403/Verifiable-Hintless-PIR.git
commit=56b8b744276aa3f3c078509501200967d28cfc7b
target=//hintless_simplepir:new_pir_test
profile=honest-h-smoke-2mib
bazel_version=6.5.0
bazel_jobs=2
bzlmod=false
eigen_override=/home/user/small-client-pir/native/vendor/eigen-3.4.0
eigen_archive_sha256=eba3f3d414d2f8cba2919c78ec6daab08fc71ba2ba4ae502b7e5d4d99fc02cda
patched_client_sha256=2b24433a067a4747d3bcf210d16907a3c18eead802a05c0d8a59c69eb5b16b76
patched_mat_sha256=2de69ab966fa322ade2bf92f405b21214ffa6e2def6d0728afdea61e453e946e
highway_mode=native-dispatch
clear_inherited_proxy=true
CC=clang
CXX=clang++
command: env -u http_proxy -u https_proxy -u all_proxy -u HTTP_PROXY -u HTTPS_PROXY -u ALL_PROXY /home/user/small-client-pir/native/tools/bazel-6.5.0 --batch --output_user_root=/home/user/small-client-pir/native/cache/bazel-user build --noenable_bzlmod --override_repository=com_gitlab_libeigen-eigen=/home/user/small-client-pir/native/vendor/eigen-3.4.0 --jobs=2 --repository_cache=/home/user/small-client-pir/native/cache/repository --disk_cache=/home/user/small-client-pir/native/cache/disk --symlink_prefix=/home/user/small-client-pir/native/cache/symlinks/bazel- --color=no --curses=no -c opt --cxxopt=-std=c++17 --cxxopt=-w --copt=-w --verbose_failures //hintless_simplepir:new_pir_test
INFO: Invocation ID: 37d6f1fa-37f0-4d68-aacd-29d6ed90ae3f
Loading: 
Loading: 
Loading: 
Loading: 
Loading: 
Loading: 
Loading: 
Loading: 
Loading: 
Loading: 
Loading: 0 packages loaded
Loading: 0 packages loaded
    currently loading: hintless_simplepir
Analyzing: target //hintless_simplepir:new_pir_test (1 packages loaded, 0 targets configured)
Analyzing: target //hintless_simplepir:new_pir_test (39 packages loaded, 200 targets configured)
Analyzing: target //hintless_simplepir:new_pir_test (41 packages loaded, 200 targets configured)
Analyzing: target //hintless_simplepir:new_pir_test (43 packages loaded, 200 targets configured)
Analyzing: target //hintless_simplepir:new_pir_test (43 packages loaded, 200 targets configured)
Analyzing: target //hintless_simplepir:new_pir_test (43 packages loaded, 200 targets configured)
Analyzing: target //hintless_simplepir:new_pir_test (43 packages loaded, 200 targets configured)
Analyzing: target //hintless_simplepir:new_pir_test (66 packages loaded, 1412 targets configured)
Analyzing: target //hintless_simplepir:new_pir_test (80 packages loaded, 1584 targets configured)
Analyzing: target //hintless_simplepir:new_pir_test (82 packages loaded, 1867 targets configured)
Analyzing: target //hintless_simplepir:new_pir_test (85 packages loaded, 1925 targets configured)
Analyzing: target //hintless_simplepir:new_pir_test (87 packages loaded, 2183 targets configured)
Analyzing: target //hintless_simplepir:new_pir_test (88 packages loaded, 2299 targets configured)
Analyzing: target //hintless_simplepir:new_pir_test (90 packages loaded, 2356 targets configured)
Analyzing: target //hintless_simplepir:new_pir_test (90 packages loaded, 2356 targets configured)
Analyzing: target //hintless_simplepir:new_pir_test (90 packages loaded, 2356 targets configured)
Analyzing: target //hintless_simplepir:new_pir_test (90 packages loaded, 2356 targets configured)
Analyzing: target //hintless_simplepir:new_pir_test (90 packages loaded, 2356 targets configured)
Analyzing: target //hintless_simplepir:new_pir_test (90 packages loaded, 2356 targets configured)
Analyzing: target //hintless_simplepir:new_pir_test (90 packages loaded, 2356 targets configured)
Analyzing: target //hintless_simplepir:new_pir_test (90 packages loaded, 2356 targets configured)
Analyzing: target //hintless_simplepir:new_pir_test (90 packages loaded, 2356 targets configured)
Analyzing: target //hintless_simplepir:new_pir_test (90 packages loaded, 2356 targets configured)
Analyzing: target //hintless_simplepir:new_pir_test (90 packages loaded, 2356 targets configured)
Analyzing: target //hintless_simplepir:new_pir_test (90 packages loaded, 2356 targets configured)
Analyzing: target //hintless_simplepir:new_pir_test (90 packages loaded, 2356 targets configured)
Analyzing: target //hintless_simplepir:new_pir_test (90 packages loaded, 2356 targets configured)
Analyzing: target //hintless_simplepir:new_pir_test (90 packages loaded, 2356 targets configured)
Analyzing: target //hintless_simplepir:new_pir_test (90 packages loaded, 2356 targets configured)
Analyzing: target //hintless_simplepir:new_pir_test (90 packages loaded, 2356 targets configured)
Analyzing: target //hintless_simplepir:new_pir_test (90 packages loaded, 2356 targets configured)
Analyzing: target //hintless_simplepir:new_pir_test (90 packages loaded, 2356 targets configured)
Analyzing: target //hintless_simplepir:new_pir_test (90 packages loaded, 2356 targets configured)
Analyzing: target //hintless_simplepir:new_pir_test (90 packages loaded, 2356 targets configured)
Analyzing: target //hintless_simplepir:new_pir_test (90 packages loaded, 2356 targets configured)
Analyzing: target //hintless_simplepir:new_pir_test (90 packages loaded, 2356 targets configured)
Analyzing: target //hintless_simplepir:new_pir_test (90 packages loaded, 2356 targets configured)
Analyzing: target //hintless_simplepir:new_pir_test (90 packages loaded, 2356 targets configured)
Analyzing: target //hintless_simplepir:new_pir_test (90 packages loaded, 2356 targets configured)
Analyzing: target //hintless_simplepir:new_pir_test (90 packages loaded, 2356 targets configured)
Analyzing: target //hintless_simplepir:new_pir_test (90 packages loaded, 2356 targets configured)
Analyzing: target //hintless_simplepir:new_pir_test (90 packages loaded, 2356 targets configured)
INFO: Analyzed target //hintless_simplepir:new_pir_test (92 packages loaded, 3070 targets configured).
INFO: Found 1 target...
[0 / 121] [Prepa] BazelWorkspaceStatusAction stable-status.txt ... (2 actions, 1 running)
[28 / 177] Compiling bazel/expanded_template/expand_template.cc [for tool]; 1s remote-cache, linux-sandbox ... (4 actions running)
[29 / 177] Compiling bazel/expanded_template/expand_template.cc [for tool]; 2s remote-cache, linux-sandbox ... (4 actions running)
[104 / 239] Compiling hintless_simplepir/new_pir_test.cc; 0s remote-cache, linux-sandbox ... (3 actions, 2 running)
[106 / 239] Compiling hintless_simplepir/new_pir_test.cc; 1s remote-cache, linux-sandbox ... (3 actions, 2 running)
[107 / 239] Compiling hintless_simplepir/new_pir_test.cc; 3s remote-cache, linux-sandbox ... (4 actions running)
[128 / 259] Compiling verisimplepir/src/lib/pir/database.cpp; 0s remote-cache, linux-sandbox ... (4 actions running)
[129 / 259] Compiling hintless_simplepir/client.cc; 1s remote-cache, linux-sandbox ... (4 actions running)
[132 / 259] Compiling hintless_simplepir/client.cc; 2s remote-cache, linux-sandbox ... (3 actions, 2 running)
[134 / 259] Compiling hintless_simplepir/client.cc; 3s remote-cache, linux-sandbox ... (3 actions, 2 running)
[136 / 259] Compiling verisimplepir/src/lib/math/aes.cpp; 0s remote-cache, linux-sandbox ... (3 actions, 2 running)
[149 / 272] Compiling verisimplepir/src/lib/math/aes.cpp; 1s remote-cache, linux-sandbox ... (4 actions running)
[154 / 272] Compiling linpir/client.cc; 2s remote-cache, linux-sandbox ... (3 actions, 2 running)
[173 / 286] Compiling linpir/client.cc; 3s remote-cache, linux-sandbox ... (3 actions, 2 running)
[199 / 312] Compiling hintless_simplepir/server.cc; 0s remote-cache, linux-sandbox ... (3 actions, 2 running)
[202 / 312] Compiling hintless_simplepir/server.cc; 1s remote-cache, linux-sandbox ... (3 actions, 2 running)
[219 / 326] Compiling hintless_simplepir/server.cc; 2s remote-cache, linux-sandbox ... (3 actions, 2 running)
[225 / 343] Compiling hintless_simplepir/server.cc; 3s remote-cache, linux-sandbox ... (3 actions, 2 running)
[232 / 347] Compiling hintless_simplepir/database_hwy.cc; 0s remote-cache, linux-sandbox ... (3 actions, 2 running)
[234 / 347] Compiling hintless_simplepir/database_hwy.cc; 2s remote-cache, linux-sandbox ... (3 actions, 2 running)
[242 / 351] Compiling hintless_simplepir/inner_product_hwy.cc; 0s remote-cache, linux-sandbox ... (3 actions, 2 running)
[243 / 351] Compiling hintless_simplepir/inner_product_hwy.cc; 1s remote-cache, linux-sandbox ... (4 actions running)
[245 / 351] Compiling hintless_simplepir/inner_product_hwy.cc; 2s remote-cache, linux-sandbox ... (4 actions running)
[258 / 366] Compiling hintless_simplepir/inner_product_hwy.cc; 4s remote-cache, linux-sandbox ... (3 actions, 2 running)
[260 / 366] Compiling hintless_simplepir/inner_product_hwy.cc; 5s remote-cache, linux-sandbox ... (3 actions, 2 running)
[267 / 371] Compiling absl/strings/internal/str_format/bind.cc; 0s remote-cache, linux-sandbox ... (4 actions running)
[276 / 375] Compiling linpir/server.cc; 0s remote-cache, linux-sandbox ... (3 actions, 2 running)
[286 / 385] Compiling linpir/server.cc; 1s remote-cache, linux-sandbox ... (3 actions, 2 running)
[294 / 394] Compiling linpir/server.cc; 2s remote-cache, linux-sandbox ... (3 actions, 2 running)
[296 / 394] Compiling linpir/server.cc; 3s remote-cache, linux-sandbox ... (3 actions, 2 running)
[307 / 402] Compiling absl/time/internal/cctz/src/civil_time_detail.cc; 0s remote-cache, linux-sandbox ... (3 actions, 2 running)
[319 / 419] Compiling linpir/database.cc; 1s remote-cache, linux-sandbox ... (3 actions, 2 running)
[320 / 419] Compiling linpir/database.cc; 2s remote-cache, linux-sandbox ... (4 actions running)
[323 / 419] Linking linpir/libdatabase.so; 0s remote-cache, linux-sandbox ... (4 actions running)
[333 / 427] Compiling shell_encryption/rns/finite_field_encoder.cc; 1s remote-cache, linux-sandbox ... (3 actions, 2 running)
[339 / 435] Compiling shell_encryption/rns/finite_field_encoder.cc; 2s remote-cache, linux-sandbox ... (3 actions, 2 running)
[345 / 438] Compiling linpir/serialization.pb.cc; 0s remote-cache, linux-sandbox ... (3 actions, 2 running)
[354 / 444] Compiling shell_encryption/rns/rns_galois_key.cc; 0s remote-cache, linux-sandbox ... (3 actions, 2 running)
[364 / 452] Compiling shell_encryption/rns/rns_galois_key.cc; 2s remote-cache, linux-sandbox ... (4 actions running)
[371 / 458] Compiling shell_encryption/rns/rns_galois_key.cc; 3s remote-cache, linux-sandbox ... (3 actions, 2 running)
[387 / 470] Compiling shell_encryption/rns/rns_galois_key.cc; 4s remote-cache, linux-sandbox ... (3 actions, 2 running)
[396 / 489] Compiling shell_encryption/rns/rns_galois_key.cc; 5s remote-cache, linux-sandbox ... (3 actions, 2 running)
[399 / 489] Compiling absl/synchronization/internal/waiter_base.cc; 0s remote-cache, linux-sandbox ... (3 actions, 2 running)
[408 / 496] Compiling shell_encryption/rns/rns_gadget.cc; 1s remote-cache, linux-sandbox ... (4 actions running)
[410 / 496] Compiling shell_encryption/rns/rns_gadget.cc; 2s remote-cache, linux-sandbox ... (4 actions running)
[413 / 496] Compiling shell_encryption/rns/rns_gadget.cc; 3s remote-cache, linux-sandbox ... (3 actions, 2 running)
[419 / 499] Compiling shell_encryption/rns/rns_secret_key.cc; 0s remote-cache, linux-sandbox ... (3 actions, 2 running)
[431 / 507] Compiling shell_encryption/rns/rns_secret_key.cc; 1s remote-cache, linux-sandbox ... (3 actions, 2 running)
[446 / 526] Compiling shell_encryption/rns/coefficient_encoder.cc; 0s remote-cache, linux-sandbox ... (3 actions, 2 running)
[449 / 526] Compiling shell_encryption/rns/coefficient_encoder.cc; 1s remote-cache, linux-sandbox ... (3 actions, 2 running)
[450 / 526] Compiling shell_encryption/rns/coefficient_encoder.cc; 2s remote-cache, linux-sandbox ... (3 actions, 2 running)
[463 / 536] Compiling shell_encryption/sampler/discrete_gaussian.cc; 0s remote-cache, linux-sandbox ... (4 actions running)
[473 / 546] Compiling shell_encryption/rns/rns_bfv_ciphertext.cc; 0s remote-cache, linux-sandbox ... (4 actions running)
[474 / 546] Compiling shell_encryption/rns/rns_bfv_ciphertext.cc; 1s remote-cache, linux-sandbox ... (4 actions running)
[475 / 546] Compiling shell_encryption/rns/rns_bfv_ciphertext.cc; 2s remote-cache, linux-sandbox ... (3 actions, 2 running)
[485 / 556] Compiling shell_encryption/rns/rns_bfv_ciphertext.cc; 3s remote-cache, linux-sandbox ... (3 actions, 2 running)
[487 / 556] Compiling absl/status/internal/status_internal.cc; 0s remote-cache, linux-sandbox ... (3 actions, 2 running)
[497 / 564] Compiling shell_encryption/rns/rns_bgv_ciphertext.cc; 1s remote-cache, linux-sandbox ... (4 actions running)
[502 / 570] Compiling shell_encryption/rns/rns_bgv_ciphertext.cc; 2s remote-cache, linux-sandbox ... (4 actions running)
[504 / 570] Compiling src/gflags.cc; 0s remote-cache, linux-sandbox ... (3 actions, 2 running)
[514 / 583] Compiling shell_encryption/rns/rns_ciphertext.cc; 1s remote-cache, linux-sandbox ... (3 actions, 2 running)
[516 / 583] Compiling shell_encryption/rns/rns_ciphertext.cc; 2s remote-cache, linux-sandbox ... (3 actions, 2 running)
[517 / 583] Compiling shell_encryption/rns/rns_ciphertext.cc; 3s remote-cache, linux-sandbox ... (4 actions running)
[524 / 600] Compiling googletest/src/gtest.cc; 0s remote-cache, linux-sandbox ... (3 actions, 2 running)
[528 / 604] Compiling googletest/src/gtest.cc; 2s remote-cache, linux-sandbox ... (4 actions running)
[532 / 607] Compiling googletest/src/gtest.cc; 4s remote-cache, linux-sandbox ... (4 actions running)
[533 / 607] Compiling shell_encryption/rns/rns_polynomial_hwy.cc; 2s remote-cache, linux-sandbox ... (4 actions running)
[535 / 607] Compiling shell_encryption/rns/rns_polynomial_hwy.cc; 3s remote-cache, linux-sandbox ... (3 actions, 2 running)
[537 / 607] Compiling googletest/src/gtest-port.cc; 0s remote-cache, linux-sandbox ... (3 actions, 2 running)
[543 / 614] Compiling hwy/per_target.cc; 0s remote-cache, linux-sandbox ... (3 actions, 2 running)
[544 / 614] Compiling hwy/per_target.cc; 1s remote-cache, linux-sandbox ... (4 actions running)
[546 / 614] Compiling hwy/per_target.cc; 2s remote-cache, linux-sandbox ... (3 actions, 2 running)
[548 / 614] Compiling googlemock/src/gmock.cc; 1s remote-cache, linux-sandbox ... (3 actions, 2 running)
[556 / 618] Compiling shell_encryption/rns/rns_polynomial.cc; 1s remote-cache, linux-sandbox ... (3 actions, 2 running)
[557 / 618] Compiling shell_encryption/rns/rns_polynomial.cc; 2s remote-cache, linux-sandbox ... (3 actions, 2 running)
[558 / 618] Compiling shell_encryption/rns/rns_polynomial.cc; 3s remote-cache, linux-sandbox ... (3 actions, 2 running)
[566 / 977] Compiling shell_encryption/rns/rns_polynomial.cc; 4s remote-cache, linux-sandbox ... (3 actions, 2 running)
[583 / 977] Compiling shell_encryption/rns/rns_polynomial.cc; 5s remote-cache, linux-sandbox ... (3 actions, 2 running)
[600 / 977] Compiling linux-x86/crypto/fipsmodule/x86-mont-linux.S; 0s remote-cache, linux-sandbox ... (3 actions, 2 running)
[619 / 984] Compiling external/com_github_google_shell-encryption/shell_encryption/rns/serialization.pb.cc; 0s remote-cache, linux-sandbox ... (3 actions, 2 running)
[643 / 988] Compiling linux-arm/crypto/test/trampoline-armv4-linux.S; 0s remote-cache, linux-sandbox ... (3 actions, 2 running)
[666 / 992] Compiling apple-x86_64/crypto/fipsmodule/sha1-x86_64-apple.S; 0s remote-cache, linux-sandbox ... (3 actions, 2 running)
[684 / 1,034] Compiling shell_encryption/rns/rns_context.cc; 0s remote-cache, linux-sandbox ... (4 actions running)
[686 / 1,034] Compiling shell_encryption/rns/rns_context.cc; 1s remote-cache, linux-sandbox ... (3 actions, 2 running)
[688 / 1,034] Compiling shell_encryption/rns/rns_context.cc; 2s remote-cache, linux-sandbox ... (3 actions, 2 running)
[690 / 1,034] Compiling shell_encryption/rns/rns_context.cc; 3s remote-cache, linux-sandbox ... (3 actions, 2 running)
[693 / 1,034] Compiling shell_encryption/rns/rns_context.cc; 5s remote-cache, linux-sandbox ... (3 actions, 2 running)
[709 / 1,034] Compiling src/ssl/ssl_privkey.cc; 0s remote-cache, linux-sandbox ... (3 actions, 2 running)
[727 / 1,034] Compiling src/ssl/ssl_lib.cc; 0s remote-cache, linux-sandbox ... (3 actions, 2 running)
[742 / 1,034] Compiling src/ssl/ssl_file.cc; 0s remote-cache, linux-sandbox ... (3 actions, 2 running)
[753 / 1,034] Compiling src/crypto/x509v3/v3_genn.c; 0s remote-cache, linux-sandbox ... (3 actions, 2 running)
[763 / 1,034] Compiling src/ssl/ssl_buffer.cc; 0s remote-cache, linux-sandbox ... (4 actions running)
[776 / 1,034] Compiling src/ssl/ssl_aead_ctx.cc; 0s remote-cache, linux-sandbox ... (4 actions running)
[788 / 1,034] Compiling src/ssl/s3_lib.cc; 0s remote-cache, linux-sandbox ... (3 actions, 2 running)
[798 / 1,034] Compiling src/ssl/handshake_server.cc; 0s remote-cache, linux-sandbox ... (3 actions, 2 running)
[809 / 1,034] Compiling src/ssl/handshake_client.cc; 0s remote-cache, linux-sandbox ... (3 actions, 2 running)
[820 / 1,034] Compiling src/ssl/handoff.cc; 0s remote-cache, linux-sandbox ... (3 actions, 2 running)
[832 / 1,034] Compiling src/ssl/extensions.cc; 0s remote-cache, linux-sandbox ... (3 actions, 2 running)
[850 / 1,034] Compiling src/ssl/encrypted_client_hello.cc; 0s remote-cache, linux-sandbox ... (3 actions, 2 running)
[862 / 1,034] Compiling src/ssl/dtls_method.cc; 0s remote-cache, linux-sandbox ... (3 actions, 2 running)
[872 / 1,034] Compiling src/ssl/d1_lib.cc; 0s remote-cache, linux-sandbox ... (3 actions, 2 running)
[878 / 1,034] Compiling src/crypto/fipsmodule/bcm.c; 0s remote-cache, linux-sandbox ... (3 actions, 2 running)
[884 / 1,040] Compiling src/crypto/fipsmodule/bcm.c; 2s remote-cache, linux-sandbox ... (4 actions running)
[885 / 1,040] Compiling src/crypto/fipsmodule/bcm.c; 4s remote-cache, linux-sandbox ... (3 actions, 2 running)
[893 / 1,046] Compiling src/crypto/fipsmodule/bcm.c; 6s remote-cache, linux-sandbox ... (3 actions, 2 running)
[899 / 1,049] Compiling external/com_github_google_shell-encryption/shell_encryption/serialization.pb.cc; 0s remote-cache, linux-sandbox ... (3 actions, 2 running)
[916 / 1,104] Compiling src/google/protobuf/wrappers.pb.cc; 0s remote-cache, linux-sandbox ... (3 actions, 2 running)
[927 / 1,104] Compiling src/google/protobuf/wire_format.cc; 0s remote-cache, linux-sandbox ... (4 actions running)
[934 / 1,104] Compiling src/google/protobuf/wire_format.cc; 1s remote-cache, linux-sandbox ... (4 actions running)
[939 / 1,104] Compiling src/google/protobuf/util/type_resolver_util.cc; 0s remote-cache, linux-sandbox ... (3 actions, 2 running)
[953 / 1,104] Compiling src/google/protobuf/util/time_util.cc; 0s remote-cache, linux-sandbox ... (3 actions, 2 running)
[964 / 1,104] Compiling src/google/protobuf/util/message_differencer.cc; 0s remote-cache, linux-sandbox ... (3 actions, 2 running)
[977 / 1,104] Compiling src/google/protobuf/util/message_differencer.cc; 1s remote-cache, linux-sandbox ... (3 actions, 2 running)
[988 / 1,104] Compiling src/google/protobuf/util/json_util.cc; 0s remote-cache, linux-sandbox ... (3 actions, 2 running)
[1,003 / 1,104] Compiling src/google/protobuf/util/internal/utility.cc; 0s remote-cache, linux-sandbox ... (3 actions, 2 running)
[1,018 / 1,108] Compiling src/google/protobuf/util/internal/type_info.cc; 0s remote-cache, linux-sandbox ... (3 actions, 2 running)
[1,030 / 1,117] Compiling src/google/protobuf/util/internal/protostream_objectwriter.cc; 0s remote-cache, linux-sandbox ... (3 actions, 2 running)
[1,041 / 1,125] Compiling src/google/protobuf/util/internal/protostream_objectsource.cc; 0s remote-cache, linux-sandbox ... (3 actions, 2 running)
[1,052 / 1,133] Compiling src/google/protobuf/util/internal/proto_writer.cc; 0s remote-cache, linux-sandbox ... (3 actions, 2 running)
[1,062 / 1,141] Compiling absl/log/internal/globals.cc; 0s remote-cache, linux-sandbox ... (4 actions running)
[1,070 / 1,146] Compiling src/google/protobuf/util/internal/json_stream_parser.cc; 0s remote-cache, linux-sandbox ... (3 actions, 2 running)
[1,086 / 1,158] Compiling src/google/protobuf/util/internal/json_objectwriter.cc; 0s remote-cache, linux-sandbox ... (3 actions, 2 running)
[1,100 / 1,168] Compiling src/google/protobuf/util/internal/field_mask_utility.cc; 0s remote-cache, linux-sandbox ... (3 actions, 2 running)
[1,121 / 1,185] Compiling src/google/protobuf/util/internal/default_value_objectwriter.cc; 0s remote-cache, linux-sandbox ... (4 actions running)
[1,134 / 1,195] Compiling src/google/protobuf/util/internal/datapiece.cc; 0s remote-cache, linux-sandbox ... (4 actions running)
[1,141 / 1,199] Compiling src/google/protobuf/util/field_mask_util.cc; 0s remote-cache, linux-sandbox ... (3 actions, 2 running)
[1,157 / 1,211] Compiling tink/internal/md_util.cc; 0s remote-cache, linux-sandbox ... (3 actions, 2 running)
[1,170 / 1,221] Compiling src/google/protobuf/unknown_field_set.cc; 0s remote-cache, linux-sandbox ... (4 actions running)
[1,178 / 1,226] Compiling tink/subtle/hkdf.cc; 0s remote-cache, linux-sandbox ... (3 actions, 2 running)
[1,186 / 1,231] Compiling src/google/protobuf/text_format.cc; 0s remote-cache, linux-sandbox ... (3 actions, 2 running)
[1,196 / 1,240] Compiling src/google/protobuf/text_format.cc; 1s remote-cache, linux-sandbox ... (4 actions running)
[1,203 / 1,244] Compiling tink/aead/internal/ssl_aead.cc; 0s remote-cache, linux-sandbox ... (3 actions, 2 running)
[1,209 / 1,248] Compiling tink/aead/internal/zero_copy_aes_gcm_boringssl.cc; 0s remote-cache, linux-sandbox ... (3 actions, 2 running)
[1,216 / 1,252] Compiling src/google/protobuf/service.cc; 0s remote-cache, linux-sandbox ... (3 actions, 2 running)
[1,227 / 1,260] Compiling shell_encryption/prng/single_thread_hkdf_prng.cc; 0s remote-cache, linux-sandbox ... (3 actions, 2 running)
[1,231 / 1,263] Compiling src/google/protobuf/message.cc; 1s remote-cache, linux-sandbox ... (4 actions running)
[1,236 / 1,266] Compiling src/google/protobuf/map_field.cc; 0s remote-cache, linux-sandbox ... (4 actions running)
[1,245 / 1,272] Compiling absl/log/internal/check_op.cc; 0s remote-cache, linux-sandbox ... (3 actions, 2 running)
[1,254 / 1,289] Compiling inflate.c; 0s remote-cache, linux-sandbox ... (3 actions, 2 running)
[1,259 / 1,323] Compiling src/google/protobuf/generated_message_reflection.cc; 0s remote-cache, linux-sandbox ... (3 actions, 2 running)
[1,260 / 1,323] Compiling src/google/protobuf/generated_message_reflection.cc; 1s remote-cache, linux-sandbox ... (4 actions running)
[1,263 / 1,323] Compiling src/google/protobuf/generated_message_bases.cc; 0s remote-cache, linux-sandbox ... (4 actions running)
[1,269 / 1,323] Compiling src/google/protobuf/extension_set_heavy.cc; 0s remote-cache, linux-sandbox ... (3 actions, 2 running)
[1,272 / 1,323] Compiling src/google/protobuf/empty.pb.cc; 0s remote-cache, linux-sandbox ... (3 actions, 2 running)
[1,275 / 1,323] Compiling src/google/protobuf/repeated_field.cc; 0s remote-cache, linux-sandbox ... (3 actions, 2 running)
[1,277 / 1,323] Compiling src/google/protobuf/parse_context.cc; 0s remote-cache, linux-sandbox ... (4 actions running)
[1,279 / 1,323] Compiling src/google/protobuf/descriptor_database.cc; 1s remote-cache, linux-sandbox ... (3 actions, 2 running)
[1,282 / 1,323] Compiling src/google/protobuf/descriptor.pb.cc; 0s remote-cache, linux-sandbox ... (3 actions, 2 running)
[1,285 / 1,323] Compiling src/google/protobuf/descriptor.pb.cc; 1s remote-cache, linux-sandbox ... (3 actions, 2 running)
[1,288 / 1,323] Compiling src/google/protobuf/inlined_string_field.cc; 0s remote-cache, linux-sandbox ... (3 actions, 2 running)
[1,290 / 1,323] Compiling src/google/protobuf/descriptor.cc; 1s remote-cache, linux-sandbox ... (4 actions running)
[1,291 / 1,323] Compiling src/google/protobuf/descriptor.cc; 3s remote-cache, linux-sandbox ... (4 actions running)
[1,293 / 1,323] Compiling src/google/protobuf/descriptor.cc; 5s remote-cache, linux-sandbox ... (4 actions running)
[1,296 / 1,323] Compiling src/google/protobuf/descriptor.cc; 6s remote-cache, linux-sandbox ... (3 actions, 2 running)
[1,299 / 1,323] Compiling src/google/protobuf/compiler/parser.cc; 0s remote-cache, linux-sandbox ... (3 actions, 2 running)
[1,311 / 1,323] Compiling src/google/protobuf/compiler/parser.cc; 1s remote-cache, linux-sandbox ... (3 actions, 2 running)
[1,317 / 1,323] Compiling src/google/protobuf/compiler/importer.cc; 0s remote-cache, linux-sandbox ... (4 actions running)
[1,320 / 1,323] [Prepa] Linking external/com_github_protocolbuffers_protobuf/libprotobuf.so
Target //hintless_simplepir:new_pir_test up-to-date:
  /home/user/small-client-pir/native/cache/symlinks/bazel-bin/hintless_simplepir/new_pir_test
INFO: Elapsed time: 248.577s, Critical Path: 9.58s
INFO: 1323 processes: 487 internal, 836 linux-sandbox.
INFO: Build completed successfully, 1323 total actions
