project_root=/home/cj/PIR
upstream=https://github.com/mayank0403/Verifiable-Hintless-PIR.git
commit=56b8b744276aa3f3c078509501200967d28cfc7b
target=//hintless_simplepir:new_pir_test
profile=honest-h-smoke-2mib
bazel_version=6.5.0
bazel_jobs=2
bzlmod=false
eigen_override=/home/cj/PIR/native/vendor/eigen-3.4.0
eigen_archive_sha256=eba3f3d414d2f8cba2919c78ec6daab08fc71ba2ba4ae502b7e5d4d99fc02cda
patched_client_sha256=2b24433a067a4747d3bcf210d16907a3c18eead802a05c0d8a59c69eb5b16b76
patched_mat_sha256=2de69ab966fa322ade2bf92f405b21214ffa6e2def6d0728afdea61e453e946e
highway_mode=native-dispatch
clear_inherited_proxy=true
CC=clang
CXX=clang++
command: env -u http_proxy -u https_proxy -u all_proxy -u HTTP_PROXY -u HTTPS_PROXY -u ALL_PROXY /home/cj/PIR/native/tools/bazel-6.5.0 --batch --output_user_root=/home/cj/PIR/native/cache/bazel-user build --noenable_bzlmod --override_repository=com_gitlab_libeigen-eigen=/home/cj/PIR/native/vendor/eigen-3.4.0 --jobs=2 --repository_cache=/home/cj/PIR/native/cache/repository --disk_cache=/home/cj/PIR/native/cache/disk --symlink_prefix=/home/cj/PIR/native/cache/symlinks/bazel- --color=no --curses=no -c opt --cxxopt=-std=c++17 --cxxopt=-w --copt=-w --verbose_failures //hintless_simplepir:new_pir_test
INFO: Invocation ID: 54ba1325-a636-4adb-8fb9-6a170b209426
Loading: 
Loading: 
Loading: 
Loading: 0 packages loaded
Analyzing: target //hintless_simplepir:new_pir_test (1 packages loaded, 0 targets configured)
Analyzing: target //hintless_simplepir:new_pir_test (73 packages loaded, 688 targets configured)
INFO: Analyzed target //hintless_simplepir:new_pir_test (92 packages loaded, 3070 targets configured).
 checking cached actions
INFO: Found 1 target...
[0 / 121] [Prepa] BazelWorkspaceStatusAction stable-status.txt
[125 / 259] Compiling verisimplepir/src/lib/pir/mat.cpp; 0s remote-cache, linux-sandbox ... (3 actions, 2 running)
[281 / 415] Compiling verisimplepir/src/lib/pir/mat.cpp; 1s remote-cache, linux-sandbox ... (3 actions, 2 running)
[377 / 489] Compiling verisimplepir/src/lib/pir/mat.cpp; 2s remote-cache, linux-sandbox ... (3 actions, 2 running)
[655 / 710] Compiling absl/base/internal/sysinfo.cc; 0s remote-cache
Target //hintless_simplepir:new_pir_test up-to-date:
  /home/cj/PIR/native/cache/symlinks/bazel-bin/hintless_simplepir/new_pir_test
INFO: Elapsed time: 10.258s, Critical Path: 3.87s
INFO: 348 processes: 340 disk cache hit, 5 internal, 3 linux-sandbox.
INFO: Build completed successfully, 348 total actions
