project_root=/home/cj/PIR
upstream=https://github.com/mayank0403/Verifiable-Hintless-PIR.git
commit=56b8b744276aa3f3c078509501200967d28cfc7b
target=//hintless_simplepir:new_pir_test
profile=honest-h-smoke-2mib
bazel_version=6.5.0
bazel_jobs=2
bzlmod=false
eigen_override=/home/cj/PIR/native/vendor/eigen-3.4.0
eigen_archive_sha256=eba3f3d414d2f8cba2919c78ec6daab08fc71ba2ba4ae502b7e5d4d99fc02cda
patched_client_sha256=2b24433a067a4747d3bcf210d16907a3c18eead802a05c0d8a59c69eb5b16b76
highway_mode=scalar
clear_inherited_proxy=true
CC=clang
CXX=clang++
command: env -u http_proxy -u https_proxy -u all_proxy -u HTTP_PROXY -u HTTPS_PROXY -u ALL_PROXY /home/cj/PIR/native/tools/bazel-6.5.0 --batch --output_user_root=/home/cj/PIR/native/cache/bazel-user build --noenable_bzlmod --override_repository=com_gitlab_libeigen-eigen=/home/cj/PIR/native/vendor/eigen-3.4.0 --jobs=2 --repository_cache=/home/cj/PIR/native/cache/repository --disk_cache=/home/cj/PIR/native/cache/disk --symlink_prefix=/home/cj/PIR/native/cache/symlinks/bazel- --color=no --curses=no -c opt --cxxopt=-std=c++17 --cxxopt=-w --copt=-w --cxxopt=-DHWY_COMPILE_ONLY_SCALAR=1 --verbose_failures //hintless_simplepir:new_pir_test
INFO: Invocation ID: a6a1984c-3250-4077-9562-c05eb46c5590
Loading: 
Loading: 
Loading: 
Loading: 0 packages loaded
Analyzing: target //hintless_simplepir:new_pir_test (1 packages loaded, 0 targets configured)
Analyzing: target //hintless_simplepir:new_pir_test (69 packages loaded, 1204 targets configured)
INFO: Analyzed target //hintless_simplepir:new_pir_test (92 packages loaded, 3070 targets configured).
 checking cached actions
INFO: Found 1 target...
[0 / 121] [Prepa] BazelWorkspaceStatusAction stable-status.txt
[116 / 236] Compiling absl/numeric/int128.cc; 0s remote-cache, linux-sandbox ... (4 actions running)
[119 / 259] Compiling hintless_simplepir/client.cc; 1s remote-cache, linux-sandbox ... (3 actions, 2 running)
[119 / 259] Compiling hintless_simplepir/client.cc; 3s remote-cache, linux-sandbox ... (4 actions running)
[120 / 259] Compiling hintless_simplepir/client.cc; 4s remote-cache, linux-sandbox ... (3 actions, 2 running)
[120 / 259] Compiling hintless_simplepir/client.cc; 6s remote-cache, linux-sandbox ... (4 actions running)
[121 / 259] Compiling hintless_simplepir/client.cc; 7s remote-cache, linux-sandbox ... (3 actions, 2 running)
[121 / 259] Compiling hintless_simplepir/client.cc; 9s remote-cache, linux-sandbox ... (4 actions running)
[122 / 259] Compiling hintless_simplepir/client.cc; 10s remote-cache, linux-sandbox ... (3 actions, 2 running)
[122 / 259] Compiling hintless_simplepir/client.cc; 12s remote-cache, linux-sandbox ... (4 actions running)
[123 / 259] Compiling hintless_simplepir/client.cc; 13s remote-cache, linux-sandbox ... (4 actions running)
[124 / 259] Compiling hintless_simplepir/client.cc; 14s remote-cache, linux-sandbox ... (3 actions, 2 running)
[127 / 259] Compiling verisimplepir/src/lib/pir/mat.cpp; 1s remote-cache, linux-sandbox ... (3 actions, 2 running)
[127 / 259] Compiling verisimplepir/src/lib/pir/mat.cpp; 2s remote-cache, linux-sandbox ... (4 actions running)
[128 / 259] Compiling hintless_simplepir/new_pir_test.cc; 2s remote-cache, linux-sandbox ... (4 actions running)
[129 / 259] Compiling hintless_simplepir/new_pir_test.cc; 3s remote-cache, linux-sandbox ... (3 actions, 2 running)
[130 / 259] Compiling hintless_simplepir/new_pir_test.cc; 4s remote-cache, linux-sandbox ... (3 actions, 2 running)
[130 / 259] Compiling hintless_simplepir/new_pir_test.cc; 6s remote-cache, linux-sandbox ... (4 actions running)
[131 / 259] Compiling hintless_simplepir/new_pir_test.cc; 7s remote-cache, linux-sandbox ... (3 actions, 2 running)
[132 / 259] Compiling hintless_simplepir/new_pir_test.cc; 8s remote-cache, linux-sandbox ... (3 actions, 2 running)
[132 / 259] Compiling hintless_simplepir/new_pir_test.cc; 10s remote-cache, linux-sandbox ... (4 actions running)
[133 / 259] Compiling hintless_simplepir/new_pir_test.cc; 11s remote-cache, linux-sandbox ... (3 actions, 2 running)
[134 / 259] Compiling hintless_simplepir/new_pir_test.cc; 13s remote-cache, linux-sandbox ... (3 actions, 2 running)
[146 / 272] Compiling verisimplepir/src/lib/math/defines.cpp; 1s remote-cache, linux-sandbox ... (4 actions running)
[147 / 272] Compiling linpir/client.cc; 1s remote-cache, linux-sandbox ... (4 actions running)
[148 / 272] Compiling linpir/client.cc; 2s remote-cache, linux-sandbox ... (3 actions, 2 running)
[149 / 272] Compiling linpir/client.cc; 3s remote-cache, linux-sandbox ... (3 actions, 2 running)
[149 / 272] Compiling linpir/client.cc; 5s remote-cache, linux-sandbox ... (4 actions running)
[150 / 272] Compiling linpir/client.cc; 8s remote-cache, linux-sandbox ... (3 actions, 2 running)
[152 / 272] Compiling linpir/client.cc; 9s remote-cache, linux-sandbox ... (3 actions, 2 running)
[153 / 272] Compiling linpir/client.cc; 11s remote-cache, linux-sandbox ... (4 actions running)
[166 / 281] Compiling absl/base/log_severity.cc; 0s remote-cache, linux-sandbox ... (4 actions running)
[173 / 287] Compiling hintless_simplepir/server.cc; 1s remote-cache, linux-sandbox ... (4 actions running)
[178 / 291] Compiling hintless_simplepir/server.cc; 2s remote-cache, linux-sandbox ... (4 actions running)
[183 / 295] Compiling hintless_simplepir/server.cc; 3s remote-cache, linux-sandbox ... (4 actions running)
[189 / 300] Compiling hintless_simplepir/server.cc; 4s remote-cache, linux-sandbox ... (4 actions running)
[198 / 312] Compiling hintless_simplepir/server.cc; 5s remote-cache, linux-sandbox ... (4 actions running)
[201 / 316] Compiling hintless_simplepir/server.cc; 6s remote-cache, linux-sandbox ... (4 actions running)
[206 / 320] Compiling hintless_simplepir/database_hwy.cc; 6s remote-cache, linux-sandbox ... (3 actions, 2 running)
[206 / 320] Compiling hintless_simplepir/database_hwy.cc; 8s remote-cache, linux-sandbox ... (4 actions running)
[209 / 320] Compiling hintless_simplepir/inner_product_hwy.cc; 3s remote-cache, linux-sandbox ... (3 actions, 2 running)
[210 / 320] Compiling hintless_simplepir/inner_product_hwy.cc; 4s remote-cache, linux-sandbox ... (3 actions, 2 running)
[216 / 325] Compiling absl/base/internal/spinlock.cc; 1s remote-cache, linux-sandbox ... (4 actions running)
[222 / 328] Compiling hintless_simplepir/serialization.pb.cc; 1s remote-cache, linux-sandbox ... (4 actions running)
[227 / 332] Compiling hintless_simplepir/serialization.pb.cc; 2s remote-cache, linux-sandbox ... (3 actions, 2 running)
[237 / 343] Compiling absl/strings/internal/utf8.cc; 0s remote-cache, linux-sandbox ... (3 actions, 2 running)
[239 / 343] Compiling linpir/server.cc; 0s remote-cache, linux-sandbox ... (3 actions, 2 running)
[244 / 360] Compiling linpir/server.cc; 2s remote-cache, linux-sandbox ... (3 actions, 2 running)
[244 / 360] Compiling linpir/server.cc; 3s remote-cache, linux-sandbox ... (4 actions running)
[245 / 360] Compiling linpir/server.cc; 4s remote-cache, linux-sandbox ... (4 actions running)
[246 / 360] Compiling linpir/server.cc; 6s remote-cache, linux-sandbox ... (3 actions, 2 running)
[246 / 360] Compiling linpir/server.cc; 7s remote-cache, linux-sandbox ... (4 actions running)
[247 / 360] Compiling linpir/server.cc; 8s remote-cache, linux-sandbox ... (4 actions running)
[248 / 360] Compiling linpir/server.cc; 9s remote-cache, linux-sandbox ... (3 actions, 2 running)
[248 / 360] Compiling linpir/server.cc; 11s remote-cache, linux-sandbox ... (4 actions running)
[249 / 360] Compiling linpir/server.cc; 12s remote-cache, linux-sandbox ... (4 actions running)
[250 / 360] Compiling linpir/server.cc; 13s remote-cache, linux-sandbox ... (3 actions, 2 running)
[257 / 365] Compiling linpir/database.cc; 0s remote-cache, linux-sandbox ... (3 actions, 2 running)
[258 / 365] Compiling linpir/database.cc; 2s remote-cache, linux-sandbox ... (3 actions, 2 running)
[258 / 365] Compiling linpir/database.cc; 3s remote-cache, linux-sandbox ... (4 actions running)
[259 / 365] Compiling linpir/database.cc; 4s remote-cache, linux-sandbox ... (4 actions running)
[260 / 365] Compiling linpir/database.cc; 5s remote-cache, linux-sandbox ... (4 actions running)
[261 / 365] Compiling linpir/database.cc; 7s remote-cache, linux-sandbox ... (3 actions, 2 running)
[261 / 365] Compiling linpir/database.cc; 8s remote-cache, linux-sandbox ... (4 actions running)
[262 / 365] Compiling linpir/database.cc; 9s remote-cache, linux-sandbox ... (3 actions, 2 running)
[271 / 373] Compiling absl/strings/charconv.cc; 1s remote-cache, linux-sandbox ... (4 actions running)
[272 / 373] Compiling shell_encryption/rns/finite_field_encoder.cc; 2s remote-cache, linux-sandbox ... (4 actions running)
[283 / 388] Compiling shell_encryption/rns/finite_field_encoder.cc; 3s remote-cache, linux-sandbox ... (4 actions running)
[284 / 388] Compiling shell_encryption/rns/finite_field_encoder.cc; 5s remote-cache, linux-sandbox ... (3 actions, 2 running)
[284 / 388] Compiling shell_encryption/rns/finite_field_encoder.cc; 6s remote-cache, linux-sandbox ... (4 actions running)
[285 / 388] Compiling shell_encryption/rns/finite_field_encoder.cc; 7s remote-cache, linux-sandbox ... (4 actions running)
[289 / 391] Compiling absl/strings/internal/str_format/float_conversion.cc; 1s remote-cache, linux-sandbox ... (4 actions running)
[290 / 391] Compiling linpir/serialization.pb.cc; 1s remote-cache, linux-sandbox ... (3 actions, 2 running)
[291 / 391] Compiling linpir/serialization.pb.cc; 3s remote-cache, linux-sandbox ... (3 actions, 2 running)
[298 / 397] Compiling absl/strings/internal/str_format/bind.cc; 1s remote-cache, linux-sandbox ... (4 actions running)
[299 / 397] Compiling shell_encryption/rns/rns_galois_key.cc; 2s remote-cache, linux-sandbox ... (3 actions, 2 running)
[299 / 397] Compiling shell_encryption/rns/rns_galois_key.cc; 4s remote-cache, linux-sandbox ... (4 actions running)
[305 / 401] Compiling shell_encryption/rns/rns_galois_key.cc; 5s remote-cache, linux-sandbox ... (3 actions, 2 running)
[310 / 407] Compiling shell_encryption/rns/rns_galois_key.cc; 7s remote-cache, linux-sandbox ... (4 actions running)
[311 / 407] Compiling shell_encryption/rns/rns_galois_key.cc; 8s remote-cache, linux-sandbox ... (4 actions running)
[311 / 407] Compiling shell_encryption/rns/rns_galois_key.cc; 9s remote-cache, linux-sandbox ... (4 actions running)
[318 / 416] Compiling shell_encryption/rns/rns_galois_key.cc; 11s remote-cache, linux-sandbox ... (4 actions running)
[319 / 416] Compiling shell_encryption/rns/rns_galois_key.cc; 12s remote-cache, linux-sandbox ... (4 actions running)
[320 / 416] Compiling shell_encryption/rns/rns_galois_key.cc; 13s remote-cache, linux-sandbox ... (3 actions, 2 running)
[320 / 416] Compiling shell_encryption/rns/rns_galois_key.cc; 15s remote-cache, linux-sandbox ... (4 actions running)
[321 / 416] Compiling shell_encryption/rns/rns_galois_key.cc; 16s remote-cache, linux-sandbox ... (4 actions running)
[327 / 420] Compiling shell_encryption/rns/rns_galois_key.cc; 17s remote-cache, linux-sandbox ... (3 actions, 2 running)
[335 / 427] Compiling absl/crc/internal/crc_cord_state.cc; 1s remote-cache, linux-sandbox ... (4 actions running)
[340 / 431] Compiling shell_encryption/rns/rns_gadget.cc; 1s remote-cache, linux-sandbox ... (3 actions, 2 running)
[344 / 443] Compiling shell_encryption/rns/rns_gadget.cc; 3s remote-cache, linux-sandbox ... (3 actions, 2 running)
[345 / 443] Compiling shell_encryption/rns/rns_gadget.cc; 4s remote-cache, linux-sandbox ... (3 actions, 2 running)
[346 / 443] Compiling shell_encryption/rns/rns_gadget.cc; 5s remote-cache, linux-sandbox ... (4 actions running)
[347 / 443] Compiling shell_encryption/rns/rns_gadget.cc; 6s remote-cache, linux-sandbox ... (3 actions, 2 running)
[348 / 443] Compiling shell_encryption/rns/rns_gadget.cc; 8s remote-cache, linux-sandbox ... (3 actions, 2 running)
[348 / 443] Compiling shell_encryption/rns/rns_gadget.cc; 9s remote-cache, linux-sandbox ... (4 actions running)
[352 / 446] Compiling absl/time/internal/cctz/src/time_zone_info.cc; 2s remote-cache, linux-sandbox ... (4 actions running)
[353 / 446] Compiling shell_encryption/rns/rns_secret_key.cc; 1s remote-cache, linux-sandbox ... (4 actions running)
[354 / 446] Compiling shell_encryption/rns/rns_secret_key.cc; 3s remote-cache, linux-sandbox ... (3 actions, 2 running)
[354 / 446] Compiling shell_encryption/rns/rns_secret_key.cc; 4s remote-cache, linux-sandbox ... (4 actions running)
[355 / 446] Compiling shell_encryption/rns/rns_secret_key.cc; 5s remote-cache, linux-sandbox ... (4 actions running)
[356 / 446] Compiling shell_encryption/rns/rns_secret_key.cc; 7s remote-cache, linux-sandbox ... (3 actions, 2 running)
[365 / 457] Compiling shell_encryption/rns/coefficient_encoder.cc; 0s remote-cache, linux-sandbox ... (3 actions, 2 running)
[365 / 457] Compiling shell_encryption/rns/coefficient_encoder.cc; 1s remote-cache, linux-sandbox ... (4 actions running)
[366 / 457] Compiling shell_encryption/rns/coefficient_encoder.cc; 2s remote-cache, linux-sandbox ... (4 actions running)
[367 / 457] Compiling shell_encryption/rns/coefficient_encoder.cc; 4s remote-cache, linux-sandbox ... (3 actions, 2 running)
[367 / 457] Compiling shell_encryption/rns/coefficient_encoder.cc; 5s remote-cache, linux-sandbox ... (4 actions running)
[368 / 457] Compiling shell_encryption/rns/coefficient_encoder.cc; 7s remote-cache, linux-sandbox ... (3 actions, 2 running)
[368 / 457] Compiling shell_encryption/rns/coefficient_encoder.cc; 8s remote-cache, linux-sandbox ... (4 actions running)
[374 / 461] Compiling shell_encryption/sampler/discrete_gaussian.cc; 0s remote-cache, linux-sandbox ... (4 actions running)
[380 / 465] Compiling shell_encryption/sampler/discrete_gaussian.cc; 2s remote-cache, linux-sandbox ... (3 actions, 2 running)
[380 / 465] Compiling shell_encryption/sampler/discrete_gaussian.cc; 3s remote-cache, linux-sandbox ... (4 actions running)
[389 / 472] Compiling absl/debugging/internal/demangle.cc; 0s remote-cache, linux-sandbox ... (4 actions running)
[393 / 478] Compiling shell_encryption/rns/rns_bfv_ciphertext.cc; 1s remote-cache, linux-sandbox ... (3 actions, 2 running)
[394 / 478] Compiling shell_encryption/rns/rns_bfv_ciphertext.cc; 2s remote-cache, linux-sandbox ... (3 actions, 2 running)
[395 / 478] Compiling shell_encryption/rns/rns_bfv_ciphertext.cc; 3s remote-cache, linux-sandbox ... (3 actions, 2 running)
[401 / 482] Compiling shell_encryption/rns/rns_bfv_ciphertext.cc; 5s remote-cache, linux-sandbox ... (4 actions running)
[406 / 486] Compiling shell_encryption/rns/rns_bfv_ciphertext.cc; 6s remote-cache, linux-sandbox ... (3 actions, 2 running)
[411 / 490] Compiling shell_encryption/rns/rns_bfv_ciphertext.cc; 8s remote-cache, linux-sandbox ... (4 actions running)
[416 / 494] Compiling shell_encryption/rns/rns_bfv_ciphertext.cc; 9s remote-cache, linux-sandbox ... (4 actions running)
[420 / 509] Compiling shell_encryption/rns/rns_bfv_ciphertext.cc; 10s remote-cache, linux-sandbox ... (3 actions, 2 running)
[420 / 509] Compiling shell_encryption/rns/rns_bfv_ciphertext.cc; 12s remote-cache, linux-sandbox ... (4 actions running)
[421 / 509] Compiling shell_encryption/rns/rns_bfv_ciphertext.cc; 13s remote-cache, linux-sandbox ... (4 actions running)
[425 / 512] Compiling absl/synchronization/mutex.cc; 1s remote-cache, linux-sandbox ... (4 actions running)
[426 / 512] Compiling shell_encryption/rns/rns_bgv_ciphertext.cc; 1s remote-cache, linux-sandbox ... (3 actions, 2 running)
[427 / 512] Compiling shell_encryption/rns/rns_bgv_ciphertext.cc; 3s remote-cache, linux-sandbox ... (4 actions running)
[428 / 512] Compiling shell_encryption/rns/rns_bgv_ciphertext.cc; 4s remote-cache, linux-sandbox ... (4 actions running)
[429 / 512] Compiling shell_encryption/rns/rns_bgv_ciphertext.cc; 5s remote-cache, linux-sandbox ... (3 actions, 2 running)
[429 / 512] Compiling shell_encryption/rns/rns_bgv_ciphertext.cc; 7s remote-cache, linux-sandbox ... (4 actions running)
[430 / 512] Compiling shell_encryption/rns/rns_bgv_ciphertext.cc; 8s remote-cache, linux-sandbox ... (4 actions running)
[431 / 512] Compiling shell_encryption/rns/rns_bgv_ciphertext.cc; 9s remote-cache, linux-sandbox ... (3 actions, 2 running)
[435 / 515] Compiling absl/synchronization/internal/per_thread_sem.cc; 1s remote-cache, linux-sandbox ... (4 actions running)
[436 / 515] Compiling shell_encryption/rns/rns_ciphertext.cc; 1s remote-cache, linux-sandbox ... (4 actions running)
[437 / 515] Compiling shell_encryption/rns/rns_ciphertext.cc; 3s remote-cache, linux-sandbox ... (3 actions, 2 running)
[437 / 515] Compiling shell_encryption/rns/rns_ciphertext.cc; 4s remote-cache, linux-sandbox ... (4 actions running)
[438 / 515] Compiling shell_encryption/rns/rns_ciphertext.cc; 5s remote-cache, linux-sandbox ... (4 actions running)
[439 / 515] Compiling shell_encryption/rns/rns_ciphertext.cc; 7s remote-cache, linux-sandbox ... (3 actions, 2 running)
[439 / 515] Compiling shell_encryption/rns/rns_ciphertext.cc; 8s remote-cache, linux-sandbox ... (4 actions running)
[445 / 519] Compiling shell_encryption/rns/rns_ciphertext.cc; 9s remote-cache, linux-sandbox ... (4 actions running)
[450 / 523] Compiling shell_encryption/rns/rns_ciphertext.cc; 11s remote-cache, linux-sandbox ... (3 actions, 2 running)
[455 / 527] Compiling shell_encryption/rns/rns_ciphertext.cc; 12s remote-cache, linux-sandbox ... (4 actions running)
[460 / 531] Compiling absl/strings/internal/cordz_functions.cc; 1s remote-cache, linux-sandbox ... (4 actions running)
[467 / 543] Compiling shell_encryption/rns/lazy_rns_polynomial.cc; 1s remote-cache, linux-sandbox ... (4 actions running)
[468 / 543] Compiling shell_encryption/rns/lazy_rns_polynomial.cc; 2s remote-cache, linux-sandbox ... (3 actions, 2 running)
[469 / 543] Compiling shell_encryption/rns/lazy_rns_polynomial.cc; 4s remote-cache, linux-sandbox ... (3 actions, 2 running)
[469 / 543] Compiling shell_encryption/rns/lazy_rns_polynomial.cc; 5s remote-cache, linux-sandbox ... (4 actions running)
[470 / 543] Compiling shell_encryption/rns/lazy_rns_polynomial.cc; 6s remote-cache, linux-sandbox ... (4 actions running)
[474 / 546] Compiling absl/strings/internal/cord_rep_btree_navigator.cc; 1s remote-cache, linux-sandbox ... (3 actions, 2 running)
[475 / 546] Compiling shell_encryption/rns/rns_polynomial_hwy.cc; 1s remote-cache, linux-sandbox ... (4 actions running)
[476 / 546] Compiling shell_encryption/rns/rns_polynomial_hwy.cc; 3s remote-cache, linux-sandbox ... (3 actions, 2 running)
[478 / 546] Compiling absl/strings/internal/cord_internal.cc; 1s remote-cache, linux-sandbox ... (3 actions, 2 running)
[480 / 553] Compiling absl/strings/internal/cord_internal.cc; 2s remote-cache, linux-sandbox ... (3 actions, 2 running)
[489 / 559] Compiling absl/strings/internal/cordz_info.cc; 1s remote-cache, linux-sandbox ... (4 actions running)
[491 / 559] Compiling absl/strings/internal/cordz_info.cc; 2s remote-cache, linux-sandbox ... (4 actions running)
[502 / 570] Compiling absl/strings/cord_buffer.cc; 0s remote-cache, linux-sandbox ... (4 actions running)
[505 / 574] Compiling shell_encryption/rns/rns_polynomial.cc; 1s remote-cache, linux-sandbox ... (3 actions, 2 running)
[505 / 574] Compiling shell_encryption/rns/rns_polynomial.cc; 3s remote-cache, linux-sandbox ... (4 actions running)
[508 / 574] Compiling shell_encryption/rns/rns_polynomial.cc; 4s remote-cache, linux-sandbox ... (3 actions, 2 running)
[508 / 574] Compiling shell_encryption/rns/rns_polynomial.cc; 6s remote-cache, linux-sandbox ... (4 actions running)
[509 / 574] Compiling shell_encryption/rns/rns_polynomial.cc; 7s remote-cache, linux-sandbox ... (4 actions running)
[515 / 578] Compiling shell_encryption/rns/rns_polynomial.cc; 12s remote-cache, linux-sandbox ... (3 actions, 2 running)
[519 / 584] Compiling shell_encryption/rns/rns_polynomial.cc; 14s remote-cache, linux-sandbox ... (4 actions running)
[520 / 584] Compiling shell_encryption/rns/rns_polynomial.cc; 16s remote-cache, linux-sandbox ... (3 actions, 2 running)
[524 / 587] Compiling absl/status/status.cc; 1s remote-cache, linux-sandbox ... (3 actions, 2 running)
[524 / 587] Compiling absl/status/status.cc; 2s remote-cache, linux-sandbox ... (4 actions running)
[529 / 591] Compiling absl/status/status.cc; 3s remote-cache, linux-sandbox ... (4 actions running)
[530 / 591] Compiling shell_encryption/prng/single_thread_chacha_prng.cc; 1s remote-cache, linux-sandbox ... (4 actions running)
[535 / 595] Compiling absl/status/internal/status_internal.cc; 2s remote-cache, linux-sandbox ... (3 actions, 2 running)
[535 / 595] Compiling absl/status/internal/status_internal.cc; 3s remote-cache, linux-sandbox ... (4 actions running)
[542 / 600] Compiling shell_encryption/prng/chacha_prng_util.cc; 2s remote-cache, linux-sandbox ... (4 actions running)
[546 / 640] Compiling absl/status/statusor.cc; 2s remote-cache, linux-sandbox ... (3 actions, 2 running)
[550 / 646] Compiling src/ssl/tls_record.cc; 1s remote-cache, linux-sandbox ... (4 actions running)
[552 / 646] Compiling src/ssl/tls_method.cc; 0s remote-cache, linux-sandbox ... (4 actions running)
[553 / 646] Compiling src/gflags_completions.cc; 1s remote-cache, linux-sandbox ... (4 actions running)
[554 / 646] Compiling src/ssl/tls13_server.cc; 1s remote-cache, linux-sandbox ... (4 actions running)
[555 / 646] Compiling src/gflags.cc; 1s remote-cache, linux-sandbox
[560 / 656] Compiling src/ssl/tls13_enc.cc; 1s remote-cache, linux-sandbox ... (3 actions, 2 running)
[561 / 656] Compiling src/vlog_is_on.cc; 1s remote-cache, linux-sandbox ... (4 actions running)
[562 / 656] Compiling src/ssl/tls13_client.cc; 1s remote-cache, linux-sandbox ... (4 actions running)
[564 / 656] Compiling src/ssl/tls13_both.cc; 0s remote-cache, linux-sandbox ... (4 actions running)
[565 / 656] Compiling src/ssl/tls13_both.cc; 1s remote-cache, linux-sandbox ... (4 actions running)
[566 / 656] Compiling src/signalhandler.cc; 1s remote-cache, linux-sandbox ... (4 actions running)
[568 / 656] Compiling src/raw_logging.cc; 0s remote-cache, linux-sandbox ... (4 actions running)
[569 / 656] Compiling src/ssl/ssl_x509.cc; 1s remote-cache, linux-sandbox ... (4 actions running)
[570 / 656] Compiling src/logging.cc; 1s remote-cache, linux-sandbox ... (3 actions, 2 running)
[571 / 656] Compiling src/ssl/ssl_versions.cc; 1s remote-cache, linux-sandbox ... (3 actions, 2 running)
[572 / 656] Compiling src/demangle.cc; 1s remote-cache, linux-sandbox ... (4 actions running)
[578 / 673] Compiling googletest/src/gtest.cc; 0s remote-cache, linux-sandbox ... (4 actions running)
[579 / 673] Compiling googletest/src/gtest.cc; 2s remote-cache, linux-sandbox ... (3 actions, 2 running)
[579 / 673] Compiling googletest/src/gtest.cc; 3s remote-cache, linux-sandbox ... (4 actions running)
[580 / 673] Compiling googletest/src/gtest.cc; 4s remote-cache, linux-sandbox ... (4 actions running)
[581 / 673] Compiling googletest/src/gtest.cc; 6s remote-cache, linux-sandbox ... (3 actions, 2 running)
[581 / 673] Compiling googletest/src/gtest.cc; 7s remote-cache, linux-sandbox ... (4 actions running)
[582 / 673] Compiling googletest/src/gtest.cc; 9s remote-cache, linux-sandbox ... (3 actions, 2 running)
[582 / 673] Compiling googletest/src/gtest.cc; 10s remote-cache, linux-sandbox ... (4 actions running)
[583 / 673] Compiling googletest/src/gtest.cc; 11s remote-cache, linux-sandbox ... (3 actions, 2 running)
[585 / 673] Compiling googletest/src/gtest-typed-test.cc; 1s remote-cache, linux-sandbox ... (3 actions, 2 running)
[585 / 673] Compiling googletest/src/gtest-typed-test.cc; 2s remote-cache, linux-sandbox ... (4 actions running)
[586 / 673] Compiling src/ssl/ssl_cipher.cc; 2s remote-cache, linux-sandbox ... (4 actions running)
[587 / 673] Compiling googletest/src/gtest-test-part.cc; 1s remote-cache, linux-sandbox ... (4 actions running)
[588 / 673] Compiling src/ssl/ssl_cert.cc; 1s remote-cache, linux-sandbox ... (3 actions, 2 running)
[590 / 673] Compiling googletest/src/gtest-printers.cc; 1s remote-cache, linux-sandbox ... (3 actions, 2 running)
[591 / 673] Compiling src/ssl/ssl_asn1.cc; 1s remote-cache, linux-sandbox ... (4 actions running)
[592 / 673] Compiling googletest/src/gtest-port.cc; 2s remote-cache, linux-sandbox ... (4 actions running)
[593 / 673] Compiling googletest/src/gtest-port.cc; 3s remote-cache, linux-sandbox ... (4 actions running)
[595 / 673] Compiling googletest/src/gtest-matchers.cc; 1s remote-cache, linux-sandbox ... (3 actions, 2 running)
[596 / 673] Compiling src/ssl/s3_lib.cc; 1s remote-cache, linux-sandbox ... (3 actions, 2 running)
[597 / 673] Compiling googletest/src/gtest-filepath.cc; 1s remote-cache, linux-sandbox ... (4 actions running)
[599 / 673] Compiling googletest/src/gtest-death-test.cc; 0s remote-cache, linux-sandbox ... (3 actions, 2 running)
[599 / 673] Compiling googletest/src/gtest-death-test.cc; 2s remote-cache, linux-sandbox ... (4 actions running)
[600 / 673] Compiling googletest/src/gtest-death-test.cc; 3s remote-cache, linux-sandbox ... (4 actions running)
[602 / 673] Compiling src/ssl/handshake_client.cc; 2s remote-cache, linux-sandbox ... (3 actions, 2 running)
[603 / 673] Compiling googlemock/src/gmock.cc; 1s remote-cache, linux-sandbox ... (4 actions running)
[604 / 673] Compiling googlemock/src/gmock.cc; 2s remote-cache, linux-sandbox ... (3 actions, 2 running)
[605 / 673] Compiling src/ssl/handoff.cc; 1s remote-cache, linux-sandbox ... (4 actions running)
[606 / 673] Compiling googlemock/src/gmock-spec-builders.cc; 2s remote-cache, linux-sandbox ... (4 actions running)
[607 / 673] Compiling googlemock/src/gmock-spec-builders.cc; 4s remote-cache, linux-sandbox ... (3 actions, 2 running)
[608 / 673] Compiling src/ssl/encrypted_client_hello.cc; 1s remote-cache, linux-sandbox ... (4 actions running)
[609 / 673] Compiling googlemock/src/gmock-matchers.cc; 2s remote-cache, linux-sandbox ... (4 actions running)
[610 / 673] Compiling src/ssl/dtls_record.cc; 1s remote-cache, linux-sandbox ... (3 actions, 2 running)
[611 / 673] Compiling googlemock/src/gmock-internal-utils.cc; 1s remote-cache, linux-sandbox ... (4 actions running)
[613 / 673] Compiling src/ssl/d1_srtp.cc; 1s remote-cache, linux-sandbox ... (3 actions, 2 running)
[614 / 673] Compiling googlemock/src/gmock-cardinalities.cc; 1s remote-cache, linux-sandbox ... (4 actions running)
[661 / 1,034] Compiling src/ssl/d1_lib.cc; 0s remote-cache, linux-sandbox ... (3 actions, 2 running)
[662 / 1,034] Compiling shell_encryption/rns/rns_context.cc; 1s remote-cache, linux-sandbox ... (3 actions, 2 running)
[662 / 1,034] Compiling shell_encryption/rns/rns_context.cc; 2s remote-cache, linux-sandbox ... (4 actions running)
[671 / 1,040] Compiling shell_encryption/rns/rns_context.cc; 4s remote-cache, linux-sandbox ... (3 actions, 2 running)
[671 / 1,040] Compiling shell_encryption/rns/rns_context.cc; 5s remote-cache, linux-sandbox ... (4 actions running)
[803 / 1,040] Compiling shell_encryption/montgomery.cc; 11s remote-cache, linux-sandbox
[1,002 / 1,050] Compiling shell_encryption/ntt_parameters.cc; 1s remote-cache, linux-sandbox ... (3 actions, 2 running)
[1,002 / 1,050] Compiling shell_encryption/ntt_parameters.cc; 2s remote-cache, linux-sandbox ... (4 actions running)
[1,011 / 1,057] Compiling external/com_github_google_shell-encryption/shell_encryption/serialization.pb.cc; 0s remote-cache, linux-sandbox ... (4 actions running)
[1,017 / 1,062] Compiling external/com_github_google_shell-encryption/shell_encryption/serialization.pb.cc; 3s remote-cache, linux-sandbox ... (3 actions, 2 running)
[1,021 / 1,117] Compiling absl/log/log_entry.cc; 1s remote-cache, linux-sandbox ... (4 actions running)
[1,026 / 1,121] Compiling src/google/protobuf/wrappers.pb.cc; 2s remote-cache, linux-sandbox ... (4 actions running)
[1,032 / 1,125] Compiling absl/hash/internal/low_level_hash.cc; 0s remote-cache, linux-sandbox ... (3 actions, 2 running)
[1,037 / 1,129] Compiling src/google/protobuf/wire_format.cc; 1s remote-cache, linux-sandbox ... (3 actions, 2 running)
[1,042 / 1,133] Compiling src/google/protobuf/wire_format.cc; 2s remote-cache, linux-sandbox ... (3 actions, 2 running)
[1,042 / 1,133] Compiling src/google/protobuf/wire_format.cc; 3s remote-cache, linux-sandbox ... (4 actions running)
[1,047 / 1,137] Compiling src/google/protobuf/wire_format.cc; 5s remote-cache, linux-sandbox ... (3 actions, 2 running)
[1,048 / 1,137] Compiling absl/log/globals.cc; 1s remote-cache, linux-sandbox ... (4 actions running)
[1,053 / 1,141] Compiling src/google/protobuf/util/type_resolver_util.cc; 3s remote-cache, linux-sandbox ... (4 actions running)
[1,060 / 1,146] Compiling src/google/protobuf/util/time_util.cc; 1s remote-cache, linux-sandbox ... (4 actions running)
[1,065 / 1,150] Compiling src/google/protobuf/util/time_util.cc; 2s remote-cache, linux-sandbox ... (3 actions, 2 running)
[1,071 / 1,154] Compiling src/google/protobuf/util/message_differencer.cc; 1s remote-cache, linux-sandbox ... (3 actions, 2 running)
[1,071 / 1,154] Compiling src/google/protobuf/util/message_differencer.cc; 2s remote-cache, linux-sandbox ... (4 actions running)
[1,082 / 1,163] Compiling src/google/protobuf/util/message_differencer.cc; 3s remote-cache, linux-sandbox ... (3 actions, 2 running)
[1,082 / 1,163] Compiling src/google/protobuf/util/message_differencer.cc; 5s remote-cache, linux-sandbox ... (4 actions running)
[1,088 / 1,168] Compiling src/google/protobuf/util/message_differencer.cc; 6s remote-cache, linux-sandbox ... (4 actions running)
[1,089 / 1,168] Compiling absl/log/internal/log_message.cc; 1s remote-cache, linux-sandbox ... (3 actions, 2 running)
[1,101 / 1,178] Compiling src/google/protobuf/util/json_util.cc; 1s remote-cache, linux-sandbox ... (3 actions, 2 running)
[1,101 / 1,178] Compiling src/google/protobuf/util/json_util.cc; 2s remote-cache, linux-sandbox ... (4 actions running)
[1,110 / 1,185] Compiling src/google/protobuf/util/internal/utility.cc; 0s remote-cache, linux-sandbox ... (4 actions running)
[1,115 / 1,189] Compiling src/google/protobuf/util/internal/utility.cc; 3s remote-cache, linux-sandbox ... (3 actions, 2 running)
[1,123 / 1,195] Compiling src/google/protobuf/util/internal/type_info.cc; 0s remote-cache, linux-sandbox ... (4 actions running)
[1,128 / 1,199] Compiling src/google/protobuf/util/internal/type_info.cc; 3s remote-cache, linux-sandbox ... (3 actions, 2 running)
[1,129 / 1,199] Compiling tink/subtle/random.cc; 1s remote-cache, linux-sandbox ... (4 actions running)
[1,134 / 1,203] Compiling src/google/protobuf/util/internal/protostream_objectwriter.cc; 2s remote-cache, linux-sandbox ... (3 actions, 2 running)
[1,135 / 1,203] Compiling src/google/protobuf/util/internal/protostream_objectwriter.cc; 4s remote-cache, linux-sandbox
[1,145 / 1,211] Compiling src/google/protobuf/util/internal/protostream_objectsource.cc; 1s remote-cache, linux-sandbox ... (4 actions running)
[1,146 / 1,211] Compiling tink/internal/md_util.cc; 3s remote-cache, linux-sandbox ... (3 actions, 2 running)
[1,151 / 1,215] Compiling src/google/protobuf/util/internal/proto_writer.cc; 1s remote-cache, linux-sandbox ... (4 actions running)
[1,158 / 1,221] Compiling src/google/protobuf/util/internal/proto_writer.cc; 3s remote-cache, linux-sandbox ... (3 actions, 2 running)
[1,159 / 1,221] Compiling tink/subtle/hmac_boringssl.cc; 1s remote-cache, linux-sandbox ... (4 actions running)
[1,160 / 1,221] Compiling tink/subtle/hmac_boringssl.cc; 3s remote-cache, linux-sandbox ... (3 actions, 2 running)
[1,166 / 1,226] Compiling src/google/protobuf/util/internal/json_stream_parser.cc; 1s remote-cache, linux-sandbox ... (4 actions running)
[1,167 / 1,226] Compiling tink/subtle/hkdf.cc; 2s remote-cache, linux-sandbox ... (4 actions running)
[1,173 / 1,231] Compiling src/google/protobuf/util/internal/json_objectwriter.cc; 1s remote-cache, linux-sandbox ... (3 actions, 2 running)
[1,173 / 1,231] Compiling src/google/protobuf/util/internal/json_objectwriter.cc; 3s remote-cache, linux-sandbox ... (4 actions running)
[1,174 / 1,231] Compiling tink/subtle/encrypt_then_authenticate.cc; 2s remote-cache, linux-sandbox ... (4 actions running)
[1,179 / 1,235] Compiling src/google/protobuf/util/internal/json_escaping.cc; 1s remote-cache, linux-sandbox ... (4 actions running)
[1,180 / 1,235] Compiling tink/aead/internal/aead_util.cc; 1s remote-cache, linux-sandbox ... (4 actions running)
[1,186 / 1,240] Compiling src/google/protobuf/util/internal/field_mask_utility.cc; 2s remote-cache, linux-sandbox ... (3 actions, 2 running)
[1,187 / 1,240] Compiling tink/subtle/aes_siv_boringssl.cc; 1s remote-cache, linux-sandbox ... (4 actions running)
[1,188 / 1,240] Compiling tink/subtle/aes_siv_boringssl.cc; 2s remote-cache, linux-sandbox ... (4 actions running)
[1,193 / 1,244] Compiling src/google/protobuf/util/internal/default_value_objectwriter.cc; 1s remote-cache, linux-sandbox ... (3 actions, 2 running)
[1,193 / 1,244] Compiling src/google/protobuf/util/internal/default_value_objectwriter.cc; 3s remote-cache, linux-sandbox ... (4 actions running)
[1,194 / 1,244] Compiling tink/aead/internal/ssl_aead.cc; 3s remote-cache, linux-sandbox ... (4 actions running)
[1,199 / 1,248] Compiling src/google/protobuf/util/internal/datapiece.cc; 3s remote-cache, linux-sandbox ... (4 actions running)
[1,199 / 1,248] Compiling src/google/protobuf/util/internal/datapiece.cc; 4s remote-cache, linux-sandbox ... (4 actions running)
[1,205 / 1,252] Compiling src/google/protobuf/util/field_mask_util.cc; 1s remote-cache, linux-sandbox ... (4 actions running)
[1,206 / 1,252] Compiling tink/subtle/aes_gcm_boringssl.cc; 2s remote-cache, linux-sandbox ... (3 actions, 2 running)
[1,212 / 1,257] Compiling src/google/protobuf/util/field_comparator.cc; 1s remote-cache, linux-sandbox ... (4 actions running)
[1,213 / 1,257] Compiling shell_encryption/prng/hkdf_prng_util.cc; 2s remote-cache, linux-sandbox ... (3 actions, 2 running)
[1,217 / 1,260] Compiling src/google/protobuf/util/delimited_message_util.cc; 1s remote-cache, linux-sandbox ... (3 actions, 2 running)
[1,218 / 1,260] Compiling shell_encryption/prng/single_thread_hkdf_prng.cc; 1s remote-cache, linux-sandbox ... (4 actions running)
[1,222 / 1,263] Compiling src/google/protobuf/unknown_field_set.cc; 2s remote-cache, linux-sandbox ... (3 actions, 2 running)
[1,223 / 1,263] Compiling googlemock/src/gmock_main.cc; 1s remote-cache, linux-sandbox ... (4 actions running)
[1,227 / 1,266] Compiling src/google/protobuf/type.pb.cc; 2s remote-cache, linux-sandbox ... (3 actions, 2 running)
[1,228 / 1,266] Compiling lwe/matrix_conversion.cc; 1s remote-cache, linux-sandbox ... (4 actions running)
[1,229 / 1,266] Compiling lwe/matrix_conversion.cc; 3s remote-cache, linux-sandbox ... (3 actions, 2 running)
[1,236 / 1,272] Compiling src/google/protobuf/text_format.cc; 1s remote-cache, linux-sandbox ... (4 actions running)
[1,257 / 1,323] Compiling src/google/protobuf/text_format.cc; 3s remote-cache, linux-sandbox ... (3 actions, 2 running)
[1,257 / 1,323] Compiling src/google/protobuf/text_format.cc; 4s remote-cache, linux-sandbox ... (4 actions running)
[1,258 / 1,323] Compiling src/google/protobuf/text_format.cc; 5s remote-cache, linux-sandbox ... (3 actions, 2 running)
[1,259 / 1,323] Compiling src/google/protobuf/stubs/time.cc; 1s remote-cache, linux-sandbox ... (3 actions, 2 running)
[1,260 / 1,323] Compiling src/google/protobuf/stubs/substitute.cc; 1s remote-cache, linux-sandbox ... (4 actions running)
[1,261 / 1,323] Compiling src/google/protobuf/stubs/strutil.cc; 2s remote-cache, linux-sandbox ... (4 actions running)
[1,262 / 1,323] Compiling src/google/protobuf/struct.pb.cc; 2s remote-cache, linux-sandbox ... (4 actions running)
[1,265 / 1,323] Compiling src/google/protobuf/stubs/stringprintf.cc; 1s remote-cache, linux-sandbox ... (3 actions, 2 running)
[1,266 / 1,323] Compiling src/google/protobuf/source_context.pb.cc; 1s remote-cache, linux-sandbox ... (4 actions running)
[1,267 / 1,323] Compiling src/google/protobuf/source_context.pb.cc; 2s remote-cache, linux-sandbox ... (4 actions running)
[1,270 / 1,323] Compiling src/google/protobuf/stubs/status.cc; 1s remote-cache, linux-sandbox ... (3 actions, 2 running)
[1,271 / 1,323] Compiling src/google/protobuf/reflection_ops.cc; 1s remote-cache, linux-sandbox ... (4 actions running)
[1,272 / 1,323] Compiling src/google/protobuf/reflection_ops.cc; 3s remote-cache, linux-sandbox ... (4 actions running)
[1,274 / 1,323] Compiling src/google/protobuf/message.cc; 0s remote-cache, linux-sandbox ... (4 actions running)
[1,275 / 1,323] Compiling src/google/protobuf/message.cc; 1s remote-cache, linux-sandbox ... (3 actions, 2 running)
[1,275 / 1,323] Compiling src/google/protobuf/message.cc; 3s remote-cache, linux-sandbox ... (4 actions running)
[1,277 / 1,323] Compiling src/google/protobuf/repeated_field.cc; 0s remote-cache, linux-sandbox ... (4 actions running)
[1,278 / 1,323] Compiling src/google/protobuf/repeated_field.cc; 3s remote-cache, linux-sandbox ... (3 actions, 2 running)
[1,279 / 1,323] Compiling src/google/protobuf/io/tokenizer.cc; 1s remote-cache, linux-sandbox ... (4 actions running)
[1,281 / 1,323] Compiling src/google/protobuf/io/printer.cc; 0s remote-cache, linux-sandbox ... (3 actions, 2 running)
[1,282 / 1,323] Compiling src/google/protobuf/message_lite.cc; 1s remote-cache, linux-sandbox ... (3 actions, 2 running)
[1,283 / 1,323] Compiling src/google/protobuf/io/gzip_stream.cc; 1s remote-cache, linux-sandbox ... (3 actions, 2 running)
[1,284 / 1,323] Compiling src/google/protobuf/map.cc; 1s remote-cache, linux-sandbox ... (4 actions running)
[1,285 / 1,323] Compiling src/google/protobuf/generated_message_tctable_full.cc; 1s remote-cache, linux-sandbox ... (3 actions, 2 running)
[1,287 / 1,323] Compiling src/google/protobuf/generated_message_reflection.cc; 0s remote-cache, linux-sandbox ... (3 actions, 2 running)
[1,287 / 1,323] Compiling src/google/protobuf/generated_message_reflection.cc; 2s remote-cache, linux-sandbox ... (4 actions running)
[1,288 / 1,323] Compiling src/google/protobuf/generated_message_reflection.cc; 3s remote-cache, linux-sandbox ... (4 actions running)
[1,289 / 1,323] Compiling src/google/protobuf/generated_message_reflection.cc; 4s remote-cache, linux-sandbox ... (3 actions, 2 running)
[1,290 / 1,323] Compiling src/google/protobuf/generated_message_reflection.cc; 5s remote-cache, linux-sandbox ... (3 actions, 2 running)
[1,292 / 1,323] Compiling src/google/protobuf/io/coded_stream.cc; 1s remote-cache, linux-sandbox ... (4 actions running)
[1,293 / 1,323] Compiling src/google/protobuf/generated_message_bases.cc; 1s remote-cache, linux-sandbox ... (3 actions, 2 running)
[1,294 / 1,323] Compiling src/google/protobuf/inlined_string_field.cc; 1s remote-cache, linux-sandbox ... (4 actions running)
[1,295 / 1,323] Compiling src/google/protobuf/field_mask.pb.cc; 2s remote-cache, linux-sandbox ... (4 actions running)
[1,297 / 1,323] Compiling src/google/protobuf/extension_set_heavy.cc; 1s remote-cache, linux-sandbox ... (3 actions, 2 running)
[1,297 / 1,323] Compiling src/google/protobuf/extension_set_heavy.cc; 2s remote-cache, linux-sandbox ... (4 actions running)
[1,299 / 1,323] Compiling src/google/protobuf/generated_message_tctable_lite.cc; 1s remote-cache, linux-sandbox ... (4 actions running)
[1,300 / 1,323] Compiling src/google/protobuf/generated_message_tctable_lite.cc; 2s remote-cache, linux-sandbox ... (3 actions, 2 running)
[1,300 / 1,323] Compiling src/google/protobuf/generated_message_tctable_lite.cc; 4s remote-cache, linux-sandbox ... (4 actions running)
[1,301 / 1,323] Compiling src/google/protobuf/dynamic_message.cc; 2s remote-cache, linux-sandbox ... (4 actions running)
[1,303 / 1,323] Compiling src/google/protobuf/duration.pb.cc; 0s remote-cache, linux-sandbox ... (3 actions, 2 running)
[1,303 / 1,323] Compiling src/google/protobuf/duration.pb.cc; 2s remote-cache, linux-sandbox ... (4 actions running)
[1,304 / 1,323] Compiling src/google/protobuf/extension_set.cc; 3s remote-cache, linux-sandbox ... (4 actions running)
[1,305 / 1,323] Compiling src/google/protobuf/descriptor_database.cc; 3s remote-cache, linux-sandbox ... (3 actions, 2 running)
[1,306 / 1,323] Compiling src/google/protobuf/descriptor_database.cc; 4s remote-cache, linux-sandbox ... (4 actions running)
[1,307 / 1,323] Compiling src/google/protobuf/descriptor_database.cc; 6s remote-cache, linux-sandbox ... (3 actions, 2 running)
[1,308 / 1,323] Compiling src/google/protobuf/arena.cc; 1s remote-cache, linux-sandbox ... (4 actions running)
[1,309 / 1,323] Compiling src/google/protobuf/descriptor.pb.cc; 2s remote-cache, linux-sandbox ... (4 actions running)
[1,313 / 1,323] Compiling src/google/protobuf/descriptor.pb.cc; 3s remote-cache, linux-sandbox ... (3 actions, 2 running)
[1,313 / 1,323] Compiling src/google/protobuf/descriptor.pb.cc; 5s remote-cache, linux-sandbox ... (4 actions running)
[1,314 / 1,323] Compiling src/google/protobuf/descriptor.pb.cc; 6s remote-cache, linux-sandbox ... (3 actions, 2 running)
[1,314 / 1,323] Compiling src/google/protobuf/descriptor.pb.cc; 8s remote-cache, linux-sandbox ... (4 actions running)
[1,316 / 1,323] Compiling src/google/protobuf/descriptor.cc; 1s remote-cache, linux-sandbox ... (4 actions running)
[1,317 / 1,323] Compiling src/google/protobuf/descriptor.cc; 3s remote-cache, linux-sandbox ... (3 actions, 2 running)
[1,317 / 1,323] Compiling src/google/protobuf/descriptor.cc; 4s remote-cache, linux-sandbox ... (4 actions running)
[1,318 / 1,323] Compiling src/google/protobuf/descriptor.cc; 7s remote-cache, linux-sandbox ... (3 actions, 2 running)
[1,318 / 1,323] Compiling src/google/protobuf/descriptor.cc; 8s remote-cache, linux-sandbox ... (4 actions running)
[1,319 / 1,323] Compiling src/google/protobuf/descriptor.cc; 13s remote-cache, linux-sandbox
[1,322 / 1,323] [Prepa] Linking hintless_simplepir/new_pir_test
Target //hintless_simplepir:new_pir_test up-to-date:
  /home/cj/PIR/native/cache/symlinks/bazel-bin/hintless_simplepir/new_pir_test
INFO: Elapsed time: 508.191s, Critical Path: 18.93s
INFO: 346 processes: 4 internal, 342 linux-sandbox.
INFO: Build completed successfully, 346 total actions
