project_root=/home/cj/PIR
upstream=https://github.com/mayank0403/Verifiable-Hintless-PIR.git
commit=56b8b744276aa3f3c078509501200967d28cfc7b
target=//hintless_simplepir:new_pir_test
profile=honest-h-smoke-2mib
bazel_version=6.5.0
bazel_jobs=2
bzlmod=false
eigen_override=/home/cj/PIR/native/vendor/eigen-3.4.0
eigen_archive_sha256=eba3f3d414d2f8cba2919c78ec6daab08fc71ba2ba4ae502b7e5d4d99fc02cda
patched_client_sha256=2b24433a067a4747d3bcf210d16907a3c18eead802a05c0d8a59c69eb5b16b76
clear_inherited_proxy=true
CC=clang
CXX=clang++
command: env -u http_proxy -u https_proxy -u all_proxy -u HTTP_PROXY -u HTTPS_PROXY -u ALL_PROXY /home/cj/PIR/native/tools/bazel-6.5.0 --batch --output_user_root=/home/cj/PIR/native/cache/bazel-user build --noenable_bzlmod --override_repository=com_gitlab_libeigen-eigen=/home/cj/PIR/native/vendor/eigen-3.4.0 --jobs=2 --repository_cache=/home/cj/PIR/native/cache/repository --disk_cache=/home/cj/PIR/native/cache/disk --symlink_prefix=/home/cj/PIR/native/cache/symlinks/bazel- --color=no --curses=no -c opt --cxxopt=-std=c++17 --cxxopt=-w --copt=-w --verbose_failures //hintless_simplepir:new_pir_test
INFO: Invocation ID: 442f5119-df08-4b46-b425-1e62893e098c
Loading: 
Loading: 
Loading: 
Loading: 0 packages loaded
Analyzing: target //hintless_simplepir:new_pir_test (1 packages loaded, 0 targets configured)
Analyzing: target //hintless_simplepir:new_pir_test (73 packages loaded, 1201 targets configured)
INFO: Analyzed target //hintless_simplepir:new_pir_test (92 packages loaded, 3070 targets configured).
 checking cached actions
INFO: Found 1 target...
[0 / 121] [Prepa] BazelWorkspaceStatusAction stable-status.txt
[210 / 341] Compiling hintless_simplepir/inner_product_hwy.cc; 1s remote-cache, linux-sandbox ... (4 actions running)
[211 / 341] Compiling hintless_simplepir/inner_product_hwy.cc; 3s remote-cache, linux-sandbox ... (3 actions, 2 running)
[232 / 387] Compiling hintless_simplepir/inner_product_hwy.cc; 5s remote-cache, linux-sandbox ... (4 actions running)
[234 / 387] Compiling hintless_simplepir/inner_product_hwy.cc; 6s remote-cache, linux-sandbox ... (4 actions running)
[234 / 387] Compiling hintless_simplepir/inner_product_hwy.cc; 17s remote-cache, linux-sandbox ... (4 actions running)
[236 / 387] Compiling hintless_simplepir/inner_product_hwy.cc; 18s remote-cache, linux-sandbox ... (3 actions, 2 running)
[244 / 395] Compiling hintless_simplepir/inner_product_hwy.cc; 20s remote-cache, linux-sandbox ... (4 actions running)
[253 / 403] Compiling external/com_github_google_shell-encryption/shell_encryption/rns/serialization.pb.cc; 1s remote-cache, linux-sandbox ... (4 actions running)
[254 / 403] Compiling external/com_github_google_shell-encryption/shell_encryption/rns/serialization.pb.cc; 2s remote-cache, linux-sandbox ... (4 actions running)
[266 / 453] Compiling shell_encryption/sampler/discrete_gaussian.cc; 0s remote-cache, linux-sandbox ... (4 actions running)
[267 / 453] Compiling shell_encryption/sampler/discrete_gaussian.cc; 2s remote-cache, linux-sandbox ... (3 actions, 2 running)
[268 / 453] Compiling shell_encryption/sampler/discrete_gaussian.cc; 3s remote-cache, linux-sandbox ... (3 actions, 2 running)
[271 / 453] Compiling src/ssl/tls13_server.cc; 1s remote-cache, linux-sandbox ... (4 actions running)
[272 / 453] Compiling shell_encryption/prng/chacha_prng_util.cc; 1s remote-cache, linux-sandbox ... (3 actions, 2 running)
[272 / 453] Compiling shell_encryption/prng/chacha_prng_util.cc; 3s remote-cache, linux-sandbox ... (4 actions running)
[276 / 453] Compiling src/ssl/tls13_client.cc; 0s remote-cache, linux-sandbox ... (4 actions running)
[277 / 453] Compiling shell_encryption/prng/single_thread_chacha_prng.cc; 1s remote-cache, linux-sandbox ... (3 actions, 2 running)
[278 / 453] Compiling src/ssl/tls13_both.cc; 1s remote-cache, linux-sandbox ... (3 actions, 2 running)
[281 / 453] Compiling shell_encryption/rns/rns_polynomial_hwy.cc; 1s remote-cache, linux-sandbox ... (4 actions running)
[282 / 453] Compiling shell_encryption/rns/rns_polynomial_hwy.cc; 2s remote-cache, linux-sandbox ... (3 actions, 2 running)
[282 / 453] Compiling shell_encryption/rns/rns_polynomial_hwy.cc; 3s remote-cache, linux-sandbox ... (4 actions running)
[283 / 453] Compiling shell_encryption/rns/rns_polynomial_hwy.cc; 4s remote-cache, linux-sandbox ... (3 actions, 2 running)
[283 / 453] Compiling shell_encryption/rns/rns_polynomial_hwy.cc; 6s remote-cache, linux-sandbox ... (4 actions running)
[284 / 453] Compiling shell_encryption/rns/rns_polynomial_hwy.cc; 7s remote-cache, linux-sandbox ... (4 actions running)
[285 / 453] Compiling shell_encryption/rns/rns_polynomial_hwy.cc; 8s remote-cache, linux-sandbox ... (4 actions running)
[286 / 453] Compiling shell_encryption/rns/rns_polynomial_hwy.cc; 9s remote-cache, linux-sandbox ... (3 actions, 2 running)
[286 / 453] Compiling shell_encryption/rns/rns_polynomial_hwy.cc; 11s remote-cache, linux-sandbox ... (4 actions running)
[287 / 453] Compiling shell_encryption/rns/rns_polynomial_hwy.cc; 12s remote-cache, linux-sandbox ... (4 actions running)
[288 / 453] Compiling shell_encryption/rns/rns_polynomial_hwy.cc; 14s remote-cache, linux-sandbox ... (3 actions, 2 running)
[288 / 453] Compiling shell_encryption/rns/rns_polynomial_hwy.cc; 15s remote-cache, linux-sandbox ... (4 actions running)
[291 / 453] Compiling src/ssl/ssl_lib.cc; 2s remote-cache, linux-sandbox ... (4 actions running)
[292 / 453] Compiling shell_encryption/rns/rns_polynomial.cc; 1s remote-cache, linux-sandbox ... (4 actions running)
[293 / 453] Compiling shell_encryption/rns/rns_polynomial.cc; 3s remote-cache, linux-sandbox ... (3 actions, 2 running)
[293 / 453] Compiling shell_encryption/rns/rns_polynomial.cc; 5s remote-cache, linux-sandbox ... (4 actions running)
[294 / 453] Compiling shell_encryption/rns/rns_polynomial.cc; 6s remote-cache, linux-sandbox ... (4 actions running)
[295 / 453] Compiling shell_encryption/rns/rns_polynomial.cc; 7s remote-cache, linux-sandbox ... (3 actions, 2 running)
[295 / 453] Compiling shell_encryption/rns/rns_polynomial.cc; 9s remote-cache, linux-sandbox ... (4 actions running)
[296 / 453] Compiling shell_encryption/rns/rns_polynomial.cc; 10s remote-cache, linux-sandbox ... (4 actions running)
[297 / 453] Compiling shell_encryption/rns/rns_polynomial.cc; 11s remote-cache, linux-sandbox ... (3 actions, 2 running)
[297 / 453] Compiling shell_encryption/rns/rns_polynomial.cc; 13s remote-cache, linux-sandbox ... (4 actions running)
[298 / 453] Compiling shell_encryption/rns/rns_polynomial.cc; 14s remote-cache, linux-sandbox ... (4 actions running)
[299 / 453] Compiling shell_encryption/rns/rns_polynomial.cc; 15s remote-cache, linux-sandbox ... (3 actions, 2 running)
[300 / 453] Compiling src/ssl/s3_pkt.cc; 1s remote-cache, linux-sandbox ... (3 actions, 2 running)
[303 / 453] Compiling src/ssl/s3_lib.cc; 1s remote-cache, linux-sandbox ... (4 actions running)
[304 / 453] Compiling shell_encryption/rns/rns_gadget.cc; 1s remote-cache, linux-sandbox ... (4 actions running)
[305 / 453] Compiling shell_encryption/rns/rns_gadget.cc; 3s remote-cache, linux-sandbox ... (3 actions, 2 running)
[305 / 453] Compiling shell_encryption/rns/rns_gadget.cc; 4s remote-cache, linux-sandbox ... (4 actions running)
[306 / 453] Compiling shell_encryption/rns/rns_gadget.cc; 6s remote-cache, linux-sandbox ... (3 actions, 2 running)
[306 / 453] Compiling shell_encryption/rns/rns_gadget.cc; 7s remote-cache, linux-sandbox ... (4 actions running)
[307 / 453] Compiling shell_encryption/rns/rns_gadget.cc; 8s remote-cache, linux-sandbox ... (4 actions running)
[308 / 453] Compiling src/ssl/handshake.cc; 1s remote-cache, linux-sandbox ... (4 actions running)
[311 / 453] Compiling shell_encryption/rns/lazy_rns_polynomial.cc; 0s remote-cache, linux-sandbox ... (4 actions running)
[312 / 453] Compiling shell_encryption/rns/lazy_rns_polynomial.cc; 2s remote-cache, linux-sandbox ... (3 actions, 2 running)
[312 / 453] Compiling shell_encryption/rns/lazy_rns_polynomial.cc; 3s remote-cache, linux-sandbox ... (4 actions running)
[312 / 453] Compiling shell_encryption/rns/lazy_rns_polynomial.cc; 5s remote-cache, linux-sandbox ... (4 actions running)
[313 / 453] Compiling shell_encryption/rns/lazy_rns_polynomial.cc; 6s remote-cache, linux-sandbox ... (4 actions running)
[316 / 453] Compiling src/ssl/encrypted_client_hello.cc; 1s remote-cache, linux-sandbox ... (4 actions running)
[317 / 453] Compiling shell_encryption/rns/rns_ciphertext.cc; 1s remote-cache, linux-sandbox ... (4 actions running)
[318 / 453] Compiling shell_encryption/rns/rns_ciphertext.cc; 2s remote-cache, linux-sandbox ... (4 actions running)
[319 / 453] Compiling shell_encryption/rns/rns_ciphertext.cc; 3s remote-cache, linux-sandbox ... (3 actions, 2 running)
[319 / 453] Compiling shell_encryption/rns/rns_ciphertext.cc; 5s remote-cache, linux-sandbox ... (4 actions running)
[320 / 453] Compiling shell_encryption/rns/rns_ciphertext.cc; 6s remote-cache, linux-sandbox ... (4 actions running)
[321 / 453] Compiling shell_encryption/rns/rns_ciphertext.cc; 7s remote-cache, linux-sandbox ... (4 actions running)
[322 / 453] Compiling shell_encryption/rns/rns_ciphertext.cc; 8s remote-cache, linux-sandbox ... (3 actions, 2 running)
[322 / 453] Compiling shell_encryption/rns/rns_ciphertext.cc; 10s remote-cache, linux-sandbox ... (4 actions running)
[323 / 453] Compiling shell_encryption/rns/rns_ciphertext.cc; 11s remote-cache, linux-sandbox ... (4 actions running)
[324 / 453] Compiling shell_encryption/rns/rns_ciphertext.cc; 12s remote-cache, linux-sandbox ... (3 actions, 2 running)
[331 / 456] Compiling shell_encryption/rns/rns_context.cc; 0s remote-cache, linux-sandbox ... (4 actions running)
[331 / 456] Compiling shell_encryption/rns/rns_context.cc; 11s remote-cache, linux-sandbox ... (4 actions running)
[332 / 456] Compiling shell_encryption/rns/rns_bfv_ciphertext.cc; 14s remote-cache, linux-sandbox ... (3 actions, 2 running)
[342 / 463] Compiling shell_encryption/montgomery.cc; 1s remote-cache, linux-sandbox ... (4 actions running)
[343 / 463] Compiling shell_encryption/montgomery.cc; 10s remote-cache, linux-sandbox ... (3 actions, 2 running)
[349 / 466] Compiling shell_encryption/rns/coefficient_encoder.cc; 1s remote-cache, linux-sandbox ... (4 actions running)
[353 / 469] Compiling shell_encryption/rns/coefficient_encoder.cc; 2s remote-cache, linux-sandbox ... (4 actions running)
[354 / 469] Compiling shell_encryption/rns/coefficient_encoder.cc; 4s remote-cache, linux-sandbox ... (3 actions, 2 running)
[357 / 472] Compiling shell_encryption/rns/coefficient_encoder.cc; 6s remote-cache, linux-sandbox ... (4 actions running)
[358 / 472] Compiling shell_encryption/rns/coefficient_encoder.cc; 8s remote-cache, linux-sandbox ... (3 actions, 2 running)
[364 / 527] Compiling src/google/protobuf/wrappers.pb.cc; 1s remote-cache, linux-sandbox ... (4 actions running)
[365 / 527] Compiling shell_encryption/rns/finite_field_encoder.cc; 3s remote-cache, linux-sandbox ... (3 actions, 2 running)
[365 / 527] Compiling shell_encryption/rns/finite_field_encoder.cc; 4s remote-cache, linux-sandbox ... (4 actions running)
[366 / 527] Compiling src/google/protobuf/wire_format.cc; 5s remote-cache, linux-sandbox ... (3 actions, 2 running)
[369 / 527] Compiling src/google/protobuf/util/type_resolver_util.cc; 1s remote-cache, linux-sandbox ... (4 actions running)
[370 / 527] Compiling linpir/database.cc; 3s remote-cache, linux-sandbox ... (3 actions, 2 running)
[370 / 527] Compiling linpir/database.cc; 4s remote-cache, linux-sandbox ... (4 actions running)
[371 / 527] Compiling linpir/database.cc; 6s remote-cache, linux-sandbox ... (3 actions, 2 running)
[371 / 527] Compiling linpir/database.cc; 7s remote-cache, linux-sandbox ... (4 actions running)
[372 / 527] Compiling src/google/protobuf/util/message_differencer.cc; 3s remote-cache, linux-sandbox ... (3 actions, 2 running)
[374 / 527] Compiling src/google/protobuf/util/message_differencer.cc; 5s remote-cache, linux-sandbox ... (4 actions running)
[375 / 527] Compiling shell_encryption/rns/rns_secret_key.cc; 3s remote-cache, linux-sandbox ... (3 actions, 2 running)
[375 / 527] Compiling shell_encryption/rns/rns_secret_key.cc; 4s remote-cache, linux-sandbox ... (4 actions running)
[376 / 527] Compiling shell_encryption/rns/rns_secret_key.cc; 6s remote-cache, linux-sandbox ... (3 actions, 2 running)
[376 / 527] Compiling shell_encryption/rns/rns_secret_key.cc; 7s remote-cache, linux-sandbox ... (4 actions running)
[379 / 527] Compiling src/google/protobuf/util/internal/utility.cc; 2s remote-cache, linux-sandbox ... (4 actions running)
[380 / 527] Compiling shell_encryption/rns/rns_galois_key.cc; 2s remote-cache, linux-sandbox ... (3 actions, 2 running)
[380 / 527] Compiling shell_encryption/rns/rns_galois_key.cc; 3s remote-cache, linux-sandbox ... (4 actions running)
[381 / 527] Compiling shell_encryption/rns/rns_galois_key.cc; 5s remote-cache, linux-sandbox ... (3 actions, 2 running)
[381 / 527] Compiling shell_encryption/rns/rns_galois_key.cc; 7s remote-cache, linux-sandbox ... (4 actions running)
[382 / 527] Compiling shell_encryption/rns/rns_galois_key.cc; 10s remote-cache, linux-sandbox ... (3 actions, 2 running)
[382 / 527] Compiling shell_encryption/rns/rns_galois_key.cc; 11s remote-cache, linux-sandbox ... (4 actions running)
[383 / 527] Compiling shell_encryption/rns/rns_galois_key.cc; 14s remote-cache, linux-sandbox ... (3 actions, 2 running)
[383 / 527] Compiling shell_encryption/rns/rns_galois_key.cc; 15s remote-cache, linux-sandbox ... (4 actions running)
[384 / 527] Compiling shell_encryption/rns/rns_galois_key.cc; 17s remote-cache, linux-sandbox ... (3 actions, 2 running)
[388 / 527] Compiling src/google/protobuf/util/internal/object_writer.cc; 1s remote-cache, linux-sandbox ... (4 actions running)
[389 / 527] Compiling hintless_simplepir/serialization.pb.cc; 2s remote-cache, linux-sandbox ... (4 actions running)
[390 / 527] Compiling src/google/protobuf/util/internal/json_stream_parser.cc; 1s remote-cache, linux-sandbox ... (4 actions running)
[393 / 527] Compiling src/google/protobuf/util/internal/json_stream_parser.cc; 2s remote-cache, linux-sandbox ... (4 actions running)
[394 / 527] Compiling linpir/server.cc; 1s remote-cache, linux-sandbox ... (4 actions running)
[395 / 527] Compiling linpir/server.cc; 4s remote-cache, linux-sandbox ... (3 actions, 2 running)
[396 / 527] Compiling linpir/server.cc; 5s remote-cache, linux-sandbox ... (3 actions, 2 running)
[396 / 527] Compiling linpir/server.cc; 6s remote-cache, linux-sandbox ... (4 actions running)
[397 / 527] Compiling linpir/server.cc; 8s remote-cache, linux-sandbox ... (3 actions, 2 running)
[397 / 527] Compiling linpir/server.cc; 9s remote-cache, linux-sandbox ... (4 actions running)
[398 / 527] Compiling linpir/server.cc; 10s remote-cache, linux-sandbox ... (4 actions running)
[399 / 527] Compiling src/google/protobuf/util/internal/default_value_objectwriter.cc; 3s remote-cache, linux-sandbox ... (3 actions, 2 running)
[402 / 527] Compiling hintless_simplepir/database_hwy.cc; 1s remote-cache, linux-sandbox ... (4 actions running)
[403 / 527] Compiling hintless_simplepir/database_hwy.cc; 4s remote-cache, linux-sandbox ... (3 actions, 2 running)
[403 / 527] Compiling hintless_simplepir/database_hwy.cc; 6s remote-cache, linux-sandbox ... (4 actions running)
[404 / 527] Compiling hintless_simplepir/database_hwy.cc; 8s remote-cache, linux-sandbox ... (3 actions, 2 running)
[405 / 527] Compiling src/google/protobuf/util/field_comparator.cc; 1s remote-cache, linux-sandbox ... (4 actions running)
[407 / 527] Compiling src/google/protobuf/util/field_comparator.cc; 2s remote-cache, linux-sandbox ... (4 actions running)
[408 / 527] Compiling hintless_simplepir/server.cc; 1s remote-cache, linux-sandbox ... (4 actions running)
[409 / 527] Compiling hintless_simplepir/server.cc; 3s remote-cache, linux-sandbox ... (3 actions, 2 running)
[409 / 527] Compiling hintless_simplepir/server.cc; 4s remote-cache, linux-sandbox ... (4 actions running)
[410 / 527] Compiling hintless_simplepir/server.cc; 6s remote-cache, linux-sandbox ... (3 actions, 2 running)
[410 / 527] Compiling hintless_simplepir/server.cc; 7s remote-cache, linux-sandbox ... (4 actions running)
[411 / 527] Compiling hintless_simplepir/server.cc; 10s remote-cache, linux-sandbox ... (3 actions, 2 running)
[411 / 527] Compiling hintless_simplepir/server.cc; 11s remote-cache, linux-sandbox ... (4 actions running)
[415 / 527] Compiling linpir/client.cc; 0s remote-cache, linux-sandbox ... (4 actions running)
[416 / 527] Compiling linpir/client.cc; 7s remote-cache, linux-sandbox ... (3 actions, 2 running)
[416 / 527] Compiling linpir/client.cc; 8s remote-cache, linux-sandbox ... (4 actions running)
[417 / 527] Compiling linpir/client.cc; 9s remote-cache, linux-sandbox ... (4 actions running)
[418 / 527] Compiling src/google/protobuf/struct.pb.cc; 2s remote-cache, linux-sandbox ... (3 actions, 2 running)
[420 / 527] Compiling src/google/protobuf/struct.pb.cc; 4s remote-cache, linux-sandbox ... (4 actions running)
[421 / 527] Compiling hintless_simplepir/client.cc; 2s remote-cache, linux-sandbox ... (4 actions running)
[422 / 527] Compiling hintless_simplepir/client.cc; 4s remote-cache, linux-sandbox ... (3 actions, 2 running)
[422 / 527] Compiling hintless_simplepir/client.cc; 5s remote-cache, linux-sandbox ... (4 actions running)
[423 / 527] Compiling hintless_simplepir/client.cc; 6s remote-cache, linux-sandbox ... (4 actions running)
[424 / 527] Compiling hintless_simplepir/client.cc; 9s remote-cache, linux-sandbox ... (3 actions, 2 running)
[424 / 527] Compiling hintless_simplepir/client.cc; 10s remote-cache, linux-sandbox ... (4 actions running)
[425 / 527] Compiling hintless_simplepir/client.cc; 13s remote-cache, linux-sandbox ... (3 actions, 2 running)
[425 / 527] Compiling hintless_simplepir/client.cc; 14s remote-cache, linux-sandbox ... (4 actions running)
[503 / 593] Compiling src/google/protobuf/map_field.cc; 2s remote-cache, linux-sandbox ... (4 actions running)
[504 / 593] Compiling absl/crc/internal/crc_cord_state.cc; 1s remote-cache, linux-sandbox ... (3 actions, 2 running)
[505 / 593] Compiling src/google/protobuf/io/tokenizer.cc; 0s remote-cache, linux-sandbox ... (3 actions, 2 running)
[510 / 597] Compiling absl/time/internal/cctz/src/civil_time_detail.cc; 1s remote-cache, linux-sandbox ... (3 actions, 2 running)
[514 / 609] Compiling src/google/protobuf/io/printer.cc; 1s remote-cache, linux-sandbox ... (4 actions running)
[516 / 609] Compiling src/google/protobuf/io/printer.cc; 2s remote-cache, linux-sandbox ... (4 actions running)
[517 / 609] Compiling absl/time/internal/cctz/src/time_zone_lookup.cc; 1s remote-cache, linux-sandbox ... (4 actions running)
[519 / 609] Compiling absl/time/internal/cctz/src/time_zone_libc.cc; 0s remote-cache, linux-sandbox ... (4 actions running)
[520 / 609] Compiling src/google/protobuf/generated_message_tctable_full.cc; 1s remote-cache, linux-sandbox ... (4 actions running)
[521 / 609] Compiling absl/time/internal/cctz/src/time_zone_info.cc; 1s remote-cache, linux-sandbox ... (3 actions, 2 running)
[521 / 609] Compiling absl/time/internal/cctz/src/time_zone_info.cc; 3s remote-cache, linux-sandbox ... (4 actions running)
[522 / 609] Compiling src/google/protobuf/generated_message_reflection.cc; 2s remote-cache, linux-sandbox ... (4 actions running)
[523 / 609] Compiling src/google/protobuf/generated_message_reflection.cc; 3s remote-cache, linux-sandbox ... (4 actions running)
[524 / 609] Compiling src/google/protobuf/generated_message_reflection.cc; 5s remote-cache, linux-sandbox ... (3 actions, 2 running)
[525 / 609] Compiling absl/time/internal/cctz/src/time_zone_format.cc; 1s remote-cache, linux-sandbox ... (4 actions running)
[526 / 609] Compiling src/google/protobuf/generated_message_bases.cc; 1s remote-cache, linux-sandbox ... (4 actions running)
[532 / 617] Compiling src/google/protobuf/field_mask.pb.cc; 0s remote-cache, linux-sandbox ... (4 actions running)
[533 / 617] Compiling src/google/protobuf/field_mask.pb.cc; 2s remote-cache, linux-sandbox ... (3 actions, 2 running)
[535 / 617] Compiling src/google/protobuf/extension_set_heavy.cc; 1s remote-cache, linux-sandbox ... (3 actions, 2 running)
[535 / 617] Compiling src/google/protobuf/extension_set_heavy.cc; 2s remote-cache, linux-sandbox ... (4 actions running)
[535 / 617] Compiling src/google/protobuf/extension_set_heavy.cc; 3s remote-cache, linux-sandbox ... (4 actions running)
[537 / 617] Compiling src/google/protobuf/empty.pb.cc; 1s remote-cache, linux-sandbox ... (4 actions running)
[539 / 617] Compiling absl/time/civil_time.cc; 0s remote-cache, linux-sandbox ... (4 actions running)
[540 / 617] Compiling src/google/protobuf/dynamic_message.cc; 2s remote-cache, linux-sandbox ... (3 actions, 2 running)
[545 / 621] Compiling src/google/protobuf/dynamic_message.cc; 3s remote-cache, linux-sandbox ... (4 actions running)
[551 / 625] Compiling src/google/protobuf/duration.pb.cc; 1s remote-cache, linux-sandbox ... (4 actions running)
[557 / 631] Compiling src/google/protobuf/descriptor_database.cc; 0s remote-cache, linux-sandbox ... (3 actions, 2 running)
[558 / 631] Compiling src/google/protobuf/descriptor_database.cc; 2s remote-cache, linux-sandbox ... (3 actions, 2 running)
[561 / 631] Compiling src/google/protobuf/descriptor_database.cc; 3s remote-cache, linux-sandbox ... (3 actions, 2 running)
[564 / 635] Compiling src/google/protobuf/descriptor_database.cc; 4s remote-cache, linux-sandbox ... (4 actions running)
[566 / 635] Compiling src/google/protobuf/descriptor_database.cc; 5s remote-cache, linux-sandbox ... (3 actions, 2 running)
[575 / 643] Compiling absl/synchronization/internal/kernel_timeout.cc; 0s remote-cache, linux-sandbox ... (3 actions, 2 running)
[576 / 643] Compiling src/google/protobuf/descriptor.pb.cc; 1s remote-cache, linux-sandbox ... (3 actions, 2 running)
[580 / 647] Compiling src/google/protobuf/descriptor.pb.cc; 2s remote-cache, linux-sandbox ... (4 actions running)
[584 / 662] Compiling src/google/protobuf/descriptor.pb.cc; 3s remote-cache, linux-sandbox ... (4 actions running)
[585 / 662] Compiling src/google/protobuf/descriptor.pb.cc; 5s remote-cache, linux-sandbox ... (3 actions, 2 running)
[585 / 662] Compiling src/google/protobuf/descriptor.pb.cc; 6s remote-cache, linux-sandbox ... (4 actions running)
[586 / 662] Compiling src/google/protobuf/descriptor.pb.cc; 8s remote-cache, linux-sandbox ... (3 actions, 2 running)
[588 / 662] Compiling src/google/protobuf/descriptor.cc; 1s remote-cache, linux-sandbox ... (4 actions running)
[589 / 662] Compiling src/google/protobuf/descriptor.cc; 2s remote-cache, linux-sandbox ... (4 actions running)
[590 / 662] Compiling src/google/protobuf/descriptor.cc; 4s remote-cache, linux-sandbox ... (3 actions, 2 running)
[590 / 662] Compiling src/google/protobuf/descriptor.cc; 5s remote-cache, linux-sandbox ... (4 actions running)
[591 / 662] Compiling src/google/protobuf/descriptor.cc; 7s remote-cache, linux-sandbox ... (4 actions running)
[592 / 662] Compiling src/google/protobuf/descriptor.cc; 8s remote-cache, linux-sandbox ... (4 actions running)
[593 / 662] Compiling src/google/protobuf/descriptor.cc; 10s remote-cache, linux-sandbox ... (3 actions, 2 running)
[593 / 662] Compiling src/google/protobuf/descriptor.cc; 11s remote-cache, linux-sandbox ... (4 actions running)
[594 / 662] Compiling src/google/protobuf/descriptor.cc; 13s remote-cache, linux-sandbox ... (4 actions running)
[595 / 662] Compiling src/google/protobuf/descriptor.cc; 15s remote-cache, linux-sandbox ... (4 actions running)
[596 / 662] Compiling src/google/protobuf/descriptor.cc; 17s remote-cache, linux-sandbox ... (4 actions running)
[602 / 666] Compiling src/google/protobuf/descriptor.cc; 18s remote-cache, linux-sandbox ... (4 actions running)
[603 / 666] Compiling absl/strings/internal/cordz_handle.cc; 1s remote-cache, linux-sandbox ... (4 actions running)
[605 / 666] Compiling src/google/protobuf/compiler/parser.cc; 1s remote-cache, linux-sandbox ... (3 actions, 2 running)
[613 / 674] Compiling src/google/protobuf/compiler/parser.cc; 3s remote-cache, linux-sandbox ... (4 actions running)
[620 / 686] Compiling src/google/protobuf/compiler/parser.cc; 5s remote-cache, linux-sandbox ... (4 actions running)
[622 / 686] Compiling src/google/protobuf/compiler/importer.cc; 1s remote-cache, linux-sandbox ... (4 actions running)
[623 / 686] Compiling src/google/protobuf/compiler/importer.cc; 2s remote-cache, linux-sandbox ... (4 actions running)
[624 / 686] Compiling src/google/protobuf/compiler/importer.cc; 3s remote-cache, linux-sandbox ... (3 actions, 2 running)
[626 / 686] Compiling src/google/protobuf/api.pb.cc; 1s remote-cache, linux-sandbox ... (3 actions, 2 running)
[626 / 686] Compiling src/google/protobuf/api.pb.cc; 2s remote-cache, linux-sandbox ... (4 actions running)
[628 / 686] Compiling src/google/protobuf/any.pb.cc; 1s remote-cache, linux-sandbox ... (3 actions, 2 running)
[629 / 686] Compiling absl/strings/internal/cord_internal.cc; 1s remote-cache, linux-sandbox ... (3 actions, 2 running)
[629 / 686] Compiling absl/strings/internal/cord_internal.cc; 2s remote-cache, linux-sandbox ... (4 actions running)
[638 / 692] Compiling absl/strings/internal/cordz_info.cc; 1s remote-cache, linux-sandbox ... (3 actions, 2 running)
[641 / 726] Compiling src/google/protobuf/wire_format_lite.cc; 1s remote-cache, linux-sandbox ... (3 actions, 2 running)
[645 / 733] Compiling src/google/protobuf/wire_format_lite.cc; 2s remote-cache, linux-sandbox ... (4 actions running)
[647 / 733] Compiling src/google/protobuf/stubs/time.cc; 1s remote-cache, linux-sandbox ... (4 actions running)
[649 / 733] Compiling src/google/protobuf/stubs/strutil.cc; 1s remote-cache, linux-sandbox ... (3 actions, 2 running)
[649 / 733] Compiling src/google/protobuf/stubs/strutil.cc; 2s remote-cache, linux-sandbox ... (4 actions running)
[651 / 733] Compiling absl/strings/cord.cc; 3s remote-cache, linux-sandbox ... (3 actions, 2 running)
[651 / 733] Compiling absl/strings/cord.cc; 4s remote-cache, linux-sandbox ... (4 actions running)
[658 / 737] Compiling src/google/protobuf/stubs/stringpiece.cc; 0s remote-cache, linux-sandbox ... (4 actions running)
[663 / 743] Compiling absl/status/status_payload_printer.cc; 0s remote-cache, linux-sandbox ... (4 actions running)
[664 / 743] Compiling absl/status/status_payload_printer.cc; 2s remote-cache, linux-sandbox ... (4 actions running)
[666 / 743] Compiling src/google/protobuf/stubs/int128.cc; 0s remote-cache, linux-sandbox ... (4 actions running)
[667 / 743] Compiling absl/status/status.cc; 2s remote-cache, linux-sandbox ... (4 actions running)
[669 / 743] Compiling absl/status/internal/status_internal.cc; 1s remote-cache, linux-sandbox ... (4 actions running)
[670 / 743] Compiling absl/status/internal/status_internal.cc; 2s remote-cache, linux-sandbox ... (4 actions running)
[672 / 743] Compiling src/google/protobuf/repeated_ptr_field.cc; 1s remote-cache, linux-sandbox ... (4 actions running)
[678 / 748] Compiling absl/status/statusor.cc; 1s remote-cache, linux-sandbox ... (4 actions running)
[679 / 748] Compiling src/google/protobuf/repeated_field.cc; 2s remote-cache, linux-sandbox ... (3 actions, 2 running)
[683 / 754] Compiling src/gflags_reporting.cc; 1s remote-cache, linux-sandbox ... (3 actions, 2 running)
[684 / 754] Compiling src/google/protobuf/parse_context.cc; 1s remote-cache, linux-sandbox ... (4 actions running)
[686 / 754] Compiling src/gflags.cc; 0s remote-cache, linux-sandbox ... (3 actions, 2 running)
[686 / 754] Compiling src/gflags.cc; 2s remote-cache, linux-sandbox ... (4 actions running)
[687 / 754] Compiling src/gflags.cc; 3s remote-cache, linux-sandbox ... (3 actions, 2 running)
[692 / 763] Compiling src/google/protobuf/map.cc; 1s remote-cache, linux-sandbox ... (3 actions, 2 running)
[694 / 763] Compiling src/google/protobuf/io/zero_copy_stream_impl_lite.cc; 0s remote-cache, linux-sandbox ... (3 actions, 2 running)
[695 / 763] Compiling src/symbolize.cc; 1s remote-cache, linux-sandbox ... (3 actions, 2 running)
[696 / 763] Compiling src/google/protobuf/io/zero_copy_stream_impl.cc; 1s remote-cache, linux-sandbox ... (4 actions running)
[698 / 763] Compiling src/raw_logging.cc; 0s remote-cache, linux-sandbox ... (4 actions running)
[700 / 763] Compiling src/logging.cc; 0s remote-cache, linux-sandbox ... (3 actions, 2 running)
[701 / 763] Compiling src/logging.cc; 1s remote-cache, linux-sandbox ... (3 actions, 2 running)
[702 / 763] Compiling src/logging.cc; 3s remote-cache, linux-sandbox ... (4 actions running)
[704 / 763] Compiling src/demangle.cc; 0s remote-cache, linux-sandbox ... (3 actions, 2 running)
[709 / 780] Compiling src/google/protobuf/inlined_string_field.cc; 1s remote-cache, linux-sandbox ... (4 actions running)
[710 / 780] Compiling googletest/src/gtest.cc; 3s remote-cache, linux-sandbox ... (4 actions running)
[711 / 780] Compiling googletest/src/gtest.cc; 4s remote-cache, linux-sandbox ... (4 actions running)
[712 / 780] Compiling googletest/src/gtest.cc; 5s remote-cache, linux-sandbox ... (3 actions, 2 running)
[712 / 780] Compiling googletest/src/gtest.cc; 7s remote-cache, linux-sandbox ... (4 actions running)
[713 / 780] Compiling googletest/src/gtest.cc; 10s remote-cache, linux-sandbox ... (3 actions, 2 running)
[714 / 780] Compiling src/google/protobuf/generated_enum_util.cc; 1s remote-cache, linux-sandbox ... (3 actions, 2 running)
[715 / 780] Compiling googletest/src/gtest-typed-test.cc; 1s remote-cache, linux-sandbox ... (4 actions running)
[716 / 780] Compiling src/google/protobuf/extension_set.cc; 2s remote-cache, linux-sandbox ... (3 actions, 2 running)
[716 / 780] Compiling src/google/protobuf/extension_set.cc; 3s remote-cache, linux-sandbox ... (4 actions running)
[717 / 780] Compiling src/google/protobuf/extension_set.cc; 5s remote-cache, linux-sandbox ... (3 actions, 2 running)
[719 / 780] Compiling googletest/src/gtest-printers.cc; 1s remote-cache, linux-sandbox ... (4 actions running)
[720 / 780] Compiling src/google/protobuf/arenastring.cc; 2s remote-cache, linux-sandbox ... (3 actions, 2 running)
[721 / 780] Compiling googletest/src/gtest-port.cc; 1s remote-cache, linux-sandbox ... (4 actions running)
[722 / 780] Compiling googletest/src/gtest-port.cc; 2s remote-cache, linux-sandbox ... (4 actions running)
[723 / 780] Compiling src/google/protobuf/any_lite.cc; 1s remote-cache, linux-sandbox ... (4 actions running)
[726 / 780] Compiling googletest/src/gtest-matchers.cc; 1s remote-cache, linux-sandbox ... (3 actions, 2 running)
[731 / 797] Compiling googletest/src/gtest-matchers.cc; 2s remote-cache, linux-sandbox ... (3 actions, 2 running)
[734 / 797] Compiling googletest/src/gtest-filepath.cc; 0s remote-cache, linux-sandbox ... (3 actions, 2 running)
[738 / 797] Compiling googletest/src/gtest-death-test.cc; 0s remote-cache, linux-sandbox ... (3 actions, 2 running)
[741 / 797] Compiling googletest/src/gtest-death-test.cc; 1s remote-cache, linux-sandbox ... (3 actions, 2 running)
[752 / 804] Compiling googletest/src/gtest-death-test.cc; 2s remote-cache, linux-sandbox ... (4 actions running)
[753 / 804] Compiling absl/log/internal/check_op.cc; 1s remote-cache, linux-sandbox ... (4 actions running)
[755 / 804] Compiling googletest/src/gtest-assertion-result.cc; 1s remote-cache, linux-sandbox ... (3 actions, 2 running)
[758 / 807] Compiling lwe/matrix_conversion.cc; 1s remote-cache, linux-sandbox ... (4 actions running)
[759 / 807] Compiling lwe/matrix_conversion.cc; 3s remote-cache, linux-sandbox ... (3 actions, 2 running)
[763 / 810] Compiling googlemock/src/gmock-spec-builders.cc; 1s remote-cache, linux-sandbox ... (4 actions running)
[764 / 810] Compiling googlemock/src/gmock-spec-builders.cc; 3s remote-cache, linux-sandbox ... (3 actions, 2 running)
[769 / 814] Compiling shell_encryption/prng/single_thread_hkdf_prng.cc; 1s remote-cache, linux-sandbox ... (4 actions running)
[770 / 814] Compiling googlemock/src/gmock-matchers.cc; 3s remote-cache, linux-sandbox ... (3 actions, 2 running)
[775 / 818] Compiling shell_encryption/prng/hkdf_prng_util.cc; 1s remote-cache, linux-sandbox ... (4 actions running)
[776 / 818] Compiling googlemock/src/gmock-internal-utils.cc; 3s remote-cache, linux-sandbox ... (3 actions, 2 running)
[789 / 830] Compiling googlemock/src/gmock-cardinalities.cc; 1s remote-cache, linux-sandbox ... (4 actions running)
[790 / 830] Compiling tink/subtle/aes_gcm_boringssl.cc; 2s remote-cache, linux-sandbox ... (3 actions, 2 running)
[803 / 1,196] Compiling win-aarch64/crypto/fipsmodule/vpaes-armv8-win.S; 0s remote-cache, linux-sandbox ... (3 actions, 2 running)
[807 / 1,196] Compiling tink/aead/internal/zero_copy_aes_gcm_boringssl.cc; 1s remote-cache, linux-sandbox ... (3 actions, 2 running)
[810 / 1,196] Compiling tink/aead/internal/zero_copy_aes_gcm_boringssl.cc; 2s remote-cache, linux-sandbox ... (3 actions, 2 running)
[814 / 1,196] Compiling win-aarch64/crypto/fipsmodule/armv8-mont-win.S; 0s remote-cache, linux-sandbox ... (3 actions, 2 running)
[822 / 1,202] Compiling tink/aead/internal/ssl_aead.cc; 1s remote-cache, linux-sandbox ... (3 actions, 2 running)
[824 / 1,202] Compiling tink/aead/internal/ssl_aead.cc; 2s remote-cache, linux-sandbox ... (4 actions running)
[827 / 1,202] Compiling tink/aead/internal/ssl_aead.cc; 3s remote-cache, linux-sandbox ... (3 actions, 2 running)
[838 / 1,209] Compiling tink/subtle/aes_siv_boringssl.cc; 0s remote-cache, linux-sandbox ... (3 actions, 2 running)
[841 / 1,209] Compiling tink/subtle/aes_siv_boringssl.cc; 1s remote-cache, linux-sandbox ... (3 actions, 2 running)
[843 / 1,209] Compiling tink/subtle/aes_siv_boringssl.cc; 3s remote-cache, linux-sandbox ... (4 actions running)
[847 / 1,209] Linking external/com_github_tink_crypto_tink_cc/tink/subtle/libaes_siv_boringssl.so; 0s remote-cache, linux-sandbox ... (3 actions, 2 running)
[853 / 1,212] Compiling tink/aead/internal/aead_util.cc; 1s remote-cache, linux-sandbox ... (3 actions, 2 running)
[856 / 1,212] Compiling tink/aead/internal/aead_util.cc; 2s remote-cache, linux-sandbox ... (3 actions, 2 running)
[865 / 1,218] Compiling tink/subtle/encrypt_then_authenticate.cc; 0s remote-cache, linux-sandbox ... (4 actions running)
[868 / 1,218] Compiling tink/subtle/encrypt_then_authenticate.cc; 1s remote-cache, linux-sandbox ... (4 actions running)
[871 / 1,218] Compiling tink/subtle/encrypt_then_authenticate.cc; 2s remote-cache, linux-sandbox ... (3 actions, 2 running)
[881 / 1,224] Compiling tink/subtle/hkdf.cc; 0s remote-cache, linux-sandbox ... (3 actions, 2 running)
[884 / 1,224] Compiling tink/subtle/hkdf.cc; 1s remote-cache, linux-sandbox ... (3 actions, 2 running)
[886 / 1,224] Compiling tink/subtle/hkdf.cc; 3s remote-cache, linux-sandbox ... (4 actions running)
[895 / 1,228] Compiling tink/subtle/hmac_boringssl.cc; 0s remote-cache, linux-sandbox ... (3 actions, 2 running)
[898 / 1,228] Compiling tink/subtle/hmac_boringssl.cc; 2s remote-cache, linux-sandbox ... (3 actions, 2 running)
[901 / 1,228] Compiling linux-aarch64/crypto/fipsmodule/aesv8-armv8-linux.S; 0s remote-cache, linux-sandbox ... (3 actions, 2 running)
[907 / 1,231] Compiling tink/internal/fips_utils.cc; 1s remote-cache, linux-sandbox ... (4 actions running)
[910 / 1,231] Compiling tink/internal/fips_utils.cc; 2s remote-cache, linux-sandbox ... (4 actions running)
[917 / 1,234] Compiling tink/internal/md_util.cc; 0s remote-cache, linux-sandbox ... (3 actions, 2 running)
[920 / 1,234] Compiling tink/internal/md_util.cc; 1s remote-cache, linux-sandbox ... (3 actions, 2 running)
[923 / 1,234] Compiling tink/internal/md_util.cc; 2s remote-cache, linux-sandbox ... (3 actions, 2 running)
[929 / 1,237] Compiling tink/internal/err_util.cc; 0s remote-cache, linux-sandbox ... (4 actions running)
[937 / 1,240] Compiling tink/subtle/common_enums.cc; 0s remote-cache, linux-sandbox ... (3 actions, 2 running)
[944 / 1,243] Compiling tink/subtle/random.cc; 0s remote-cache, linux-sandbox ... (3 actions, 2 running)
[947 / 1,243] Compiling tink/subtle/random.cc; 1s remote-cache, linux-sandbox ... (3 actions, 2 running)
[949 / 1,243] Compiling tink/subtle/random.cc; 2s remote-cache, linux-sandbox ... (4 actions running)
[956 / 1,246] Compiling tink/aead/internal/aead_from_zero_copy.cc; 0s remote-cache, linux-sandbox ... (4 actions running)
[959 / 1,246] Compiling tink/aead/internal/aead_from_zero_copy.cc; 1s remote-cache, linux-sandbox ... (3 actions, 2 running)
[962 / 1,246] Compiling apple-x86/crypto/fipsmodule/vpaes-x86-apple.S; 0s remote-cache, linux-sandbox ... (3 actions, 2 running)
[972 / 1,252] Compiling tink/internal/aes_util.cc; 0s remote-cache, linux-sandbox ... (3 actions, 2 running)
[975 / 1,252] Compiling tink/internal/aes_util.cc; 1s remote-cache, linux-sandbox ... (3 actions, 2 running)
[978 / 1,252] Compiling tink/internal/aes_util.cc; 2s remote-cache, linux-sandbox ... (3 actions, 2 running)
[986 / 1,256] Compiling tink/internal/util.cc; 0s remote-cache, linux-sandbox ... (3 actions, 2 running)
[988 / 1,256] Compiling tink/internal/util.cc; 1s remote-cache, linux-sandbox ... (4 actions running)
[1,011 / 1,275] Compiling apple-aarch64/crypto/fipsmodule/p256_beeu-armv8-asm-apple.S; 0s remote-cache, linux-sandbox ... (4 actions running)
[1,015 / 1,275] Compiling absl/log/internal/log_message.cc; 1s remote-cache, linux-sandbox ... (3 actions, 2 running)
[1,018 / 1,275] Compiling apple-aarch64/crypto/fipsmodule/aesv8-gcm-armv8-apple.S; 0s remote-cache, linux-sandbox ... (3 actions, 2 running)
[1,026 / 1,279] Compiling absl/log/internal/log_format.cc; 1s remote-cache, linux-sandbox ... (3 actions, 2 running)
[1,029 / 1,279] Compiling apple-arm/crypto/fipsmodule/sha512-armv4-apple.S; 0s remote-cache, linux-sandbox ... (3 actions, 2 running)
[1,039 / 1,285] Compiling absl/log/internal/proto.cc; 0s remote-cache, linux-sandbox ... (4 actions running)
[1,041 / 1,285] Compiling absl/log/internal/proto.cc; 1s remote-cache, linux-sandbox ... (4 actions running)
[1,048 / 1,288] Compiling absl/debugging/internal/examine_stack.cc; 0s remote-cache, linux-sandbox ... (3 actions, 2 running)
[1,054 / 1,291] Compiling absl/log/internal/log_sink_set.cc; 0s remote-cache, linux-sandbox ... (3 actions, 2 running)
[1,056 / 1,291] Compiling absl/log/internal/log_sink_set.cc; 1s remote-cache, linux-sandbox ... (3 actions, 2 running)
[1,062 / 1,294] Compiling absl/log/internal/globals.cc; 0s remote-cache, linux-sandbox ... (3 actions, 2 running)
[1,064 / 1,294] Compiling absl/log/internal/globals.cc; 1s remote-cache, linux-sandbox ... (3 actions, 2 running)
[1,071 / 1,299] Compiling src/crypto/x509v3/v3_lib.c; 0s remote-cache, linux-sandbox ... (4 actions running)
[1,073 / 1,299] Compiling absl/log/globals.cc; 1s remote-cache, linux-sandbox ... (4 actions running)
[1,076 / 1,299] Compiling absl/log/globals.cc; 2s remote-cache, linux-sandbox ... (3 actions, 2 running)
[1,084 / 1,304] Compiling absl/hash/internal/hash.cc; 0s remote-cache, linux-sandbox ... (3 actions, 2 running)
[1,086 / 1,304] Compiling absl/hash/internal/hash.cc; 1s remote-cache, linux-sandbox ... (3 actions, 2 running)
[1,092 / 1,307] Compiling absl/hash/internal/city.cc; 0s remote-cache, linux-sandbox ... (3 actions, 2 running)
[1,098 / 1,310] Compiling absl/hash/internal/low_level_hash.cc; 0s remote-cache, linux-sandbox ... (3 actions, 2 running)
[1,100 / 1,310] Compiling absl/hash/internal/low_level_hash.cc; 1s remote-cache, linux-sandbox ... (3 actions, 2 running)
[1,105 / 1,313] Compiling absl/log/log_sink.cc; 0s remote-cache, linux-sandbox ... (4 actions running)
[1,109 / 1,313] Linking external/com_google_absl/absl/log/liblog_sink.so; 0s remote-cache, linux-sandbox ... (3 actions, 2 running)
[1,115 / 1,316] Compiling absl/log/log_entry.cc; 1s remote-cache, linux-sandbox ... (3 actions, 2 running)
[1,122 / 1,320] Compiling absl/log/internal/vlog_config.cc; 0s remote-cache, linux-sandbox ... (3 actions, 2 running)
[1,124 / 1,320] Compiling absl/log/internal/vlog_config.cc; 1s remote-cache, linux-sandbox ... (4 actions running)
[1,127 / 1,320] Compiling src/crypto/x509/x_all.c; 0s remote-cache, linux-sandbox ... (4 actions running)
[1,133 / 1,323] Compiling absl/log/internal/fnmatch.cc; 1s remote-cache, linux-sandbox ... (3 actions, 2 running)
[1,140 / 1,323] Compiling src/crypto/asn1/a_bitstr.c; 0s remote-cache, linux-sandbox ... (3 actions, 2 running)
[1,145 / 1,323] Compiling src/crypto/asn1/a_dup.c; 0s remote-cache, linux-sandbox ... (3 actions, 2 running)
[1,149 / 1,323] Compiling src/crypto/asn1/a_int.c; 0s remote-cache, linux-sandbox ... (3 actions, 2 running)
[1,153 / 1,323] Compiling src/crypto/asn1/a_object.c; 0s remote-cache, linux-sandbox ... (3 actions, 2 running)
[1,157 / 1,323] Compiling src/crypto/asn1/a_strex.c; 0s remote-cache, linux-sandbox ... (3 actions, 2 running)
[1,161 / 1,323] Compiling src/crypto/asn1/a_time.c; 0s remote-cache, linux-sandbox ... (3 actions, 2 running)
[1,164 / 1,323] Compiling src/crypto/asn1/a_utctm.c; 0s remote-cache, linux-sandbox ... (4 actions running)
[1,170 / 1,323] Compiling src/crypto/asn1/asn_pack.c; 0s remote-cache, linux-sandbox ... (3 actions, 2 running)
[1,175 / 1,323] Compiling src/crypto/asn1/posix_time.c; 0s remote-cache, linux-sandbox ... (3 actions, 2 running)
[1,179 / 1,323] Compiling src/crypto/asn1/tasn_fre.c; 0s remote-cache, linux-sandbox ... (3 actions, 2 running)
[1,183 / 1,323] Compiling src/crypto/asn1/tasn_typ.c; 0s remote-cache, linux-sandbox ... (3 actions, 2 running)
[1,187 / 1,323] Compiling src/crypto/base64/base64.c; 0s remote-cache, linux-sandbox ... (3 actions, 2 running)
[1,191 / 1,323] Compiling src/crypto/x509/policy.c; 0s remote-cache, linux-sandbox ... (3 actions, 2 running)
[1,196 / 1,323] Compiling src/crypto/bio/file.c; 0s remote-cache, linux-sandbox ... (3 actions, 2 running)
[1,199 / 1,323] Compiling src/crypto/x509/by_dir.c; 0s remote-cache, linux-sandbox ... (4 actions running)
[1,203 / 1,323] Compiling src/crypto/bio/socket.c; 0s remote-cache, linux-sandbox ... (4 actions running)
[1,209 / 1,323] Compiling src/crypto/bn_extra/bn_asn1.c; 0s remote-cache, linux-sandbox ... (3 actions, 2 running)
[1,213 / 1,323] Compiling src/crypto/buf/buf.c; 0s remote-cache, linux-sandbox ... (3 actions, 2 running)
[1,218 / 1,323] Compiling src/crypto/bytestring/cbb.c; 0s remote-cache, linux-sandbox ... (3 actions, 2 running)
[1,223 / 1,323] Compiling src/crypto/bytestring/unicode.c; 0s remote-cache, linux-sandbox ... (3 actions, 2 running)
[1,228 / 1,323] Compiling src/crypto/siphash/siphash.c; 0s remote-cache, linux-sandbox ... (4 actions running)
[1,232 / 1,323] Compiling src/crypto/rsa_extra/rsa_asn1.c; 0s remote-cache, linux-sandbox ... (4 actions running)
[1,238 / 1,323] Compiling src/crypto/rc4/rc4.c; 0s remote-cache, linux-sandbox ... (3 actions, 2 running)
[1,244 / 1,323] Compiling src/crypto/cipher_extra/e_rc4.c; 0s remote-cache, linux-sandbox ... (3 actions, 2 running)
[1,249 / 1,323] Compiling src/crypto/cipher_extra/tls_cbc.c; 0s remote-cache, linux-sandbox ... (3 actions, 2 running)
[1,253 / 1,323] Compiling src/crypto/cpu_aarch64_apple.c; 0s remote-cache, linux-sandbox ... (3 actions, 2 running)
[1,259 / 1,323] Compiling src/crypto/pkcs8/pkcs8_x509.c; 0s remote-cache, linux-sandbox ... (3 actions, 2 running)
[1,263 / 1,323] Compiling src/crypto/cpu_arm_freebsd.c; 0s remote-cache, linux-sandbox ... (4 actions running)
[1,268 / 1,323] Compiling src/crypto/crypto.c; 0s remote-cache, linux-sandbox ... (4 actions running)
[1,272 / 1,323] Compiling src/crypto/curve25519/curve25519.c; 1s remote-cache, linux-sandbox ... (3 actions, 2 running)
[1,274 / 1,323] Compiling src/crypto/curve25519/curve25519.c; 2s remote-cache, linux-sandbox ... (3 actions, 2 running)
[1,278 / 1,323] Compiling src/crypto/des/des.c; 0s remote-cache, linux-sandbox ... (3 actions, 2 running)
[1,281 / 1,323] Compiling src/crypto/pem/pem_all.c; 0s remote-cache, linux-sandbox ... (3 actions, 2 running)
[1,286 / 1,323] Compiling src/crypto/dsa/dsa.c; 0s remote-cache, linux-sandbox ... (3 actions, 2 running)
[1,290 / 1,323] Compiling src/crypto/ec_extra/ec_asn1.c; 0s remote-cache, linux-sandbox ... (3 actions, 2 running)
[1,292 / 1,323] Compiling src/crypto/hrss/hrss.c; 1s remote-cache, linux-sandbox ... (4 actions running)
[1,296 / 1,323] Compiling src/crypto/ecdsa_extra/ecdsa_asn1.c; 0s remote-cache, linux-sandbox ... (4 actions running)
[1,301 / 1,323] Compiling src/crypto/fipsmodule/bcm.c; 0s remote-cache, linux-sandbox ... (3 actions, 2 running)
[1,303 / 1,323] Compiling src/crypto/fipsmodule/bcm.c; 1s remote-cache, linux-sandbox ... (3 actions, 2 running)
[1,306 / 1,323] Compiling src/crypto/fipsmodule/bcm.c; 3s remote-cache, linux-sandbox ... (3 actions, 2 running)
[1,308 / 1,323] Compiling src/crypto/fipsmodule/bcm.c; 4s remote-cache, linux-sandbox ... (4 actions running)
[1,311 / 1,323] Compiling src/crypto/fipsmodule/bcm.c; 5s remote-cache, linux-sandbox ... (3 actions, 2 running)
[1,314 / 1,323] Compiling src/crypto/fipsmodule/bcm.c; 6s remote-cache, linux-sandbox ... (3 actions, 2 running)
[1,317 / 1,323] Compiling src/crypto/fipsmodule/bcm.c; 8s remote-cache, linux-sandbox ... (3 actions, 2 running)
[1,319 / 1,323] Compiling src/crypto/fipsmodule/bcm.c; 9s remote-cache, linux-sandbox
[1,320 / 1,323] [Prepa] Linking external/boringssl/libcrypto.so
Target //hintless_simplepir:new_pir_test up-to-date:
  /home/cj/PIR/native/cache/symlinks/bazel-bin/hintless_simplepir/new_pir_test
INFO: Elapsed time: 565.988s, Critical Path: 20.91s
INFO: 1063 processes: 320 internal, 743 linux-sandbox.
INFO: Build completed successfully, 1063 total actions
