project_root=/home/cj/PIR
upstream=https://github.com/mayank0403/Verifiable-Hintless-PIR.git
commit=56b8b744276aa3f3c078509501200967d28cfc7b
target=//hintless_simplepir:new_pir_test
profile=honest-h-smoke-2mib
bazel_version=6.5.0
bazel_jobs=2
bzlmod=false
eigen_override=/home/cj/PIR/native/vendor/eigen-3.4.0
eigen_archive_sha256=eba3f3d414d2f8cba2919c78ec6daab08fc71ba2ba4ae502b7e5d4d99fc02cda
patched_client_sha256=2b24433a067a4747d3bcf210d16907a3c18eead802a05c0d8a59c69eb5b16b76
highway_mode=scalar
clear_inherited_proxy=true
CC=clang
CXX=clang++
command: /usr/bin/time --verbose --output=/home/cj/PIR/native/logs/smoke-20260824T045659Z-2.time.txt env -u http_proxy -u https_proxy -u all_proxy -u HTTP_PROXY -u HTTPS_PROXY -u ALL_PROXY /home/cj/PIR/native/tools/bazel-6.5.0 --batch --output_user_root=/home/cj/PIR/native/cache/bazel-user run --noenable_bzlmod --override_repository=com_gitlab_libeigen-eigen=/home/cj/PIR/native/vendor/eigen-3.4.0 --jobs=2 --repository_cache=/home/cj/PIR/native/cache/repository --disk_cache=/home/cj/PIR/native/cache/disk --symlink_prefix=/home/cj/PIR/native/cache/symlinks/bazel- --color=no --curses=no -c opt --cxxopt=-std=c++17 --cxxopt=-w --copt=-w --cxxopt=-DHWY_COMPILE_ONLY_SCALAR=1 //hintless_simplepir:new_pir_test
INFO: Invocation ID: 4ecb28a5-42c6-4035-a793-7002749bcc02
Loading: 
Loading: 
Loading: 
Loading: 0 packages loaded
Analyzing: target //hintless_simplepir:new_pir_test (1 packages loaded, 0 targets configured)
Analyzing: target //hintless_simplepir:new_pir_test (72 packages loaded, 1005 targets configured)
INFO: Analyzed target //hintless_simplepir:new_pir_test (92 packages loaded, 3070 targets configured).
 checking cached actions
INFO: Found 1 target...
[0 / 121] [Prepa] BazelWorkspaceStatusAction stable-status.txt
[1,083 / 1,282] checking cached actions
Target //hintless_simplepir:new_pir_test up-to-date:
  /home/cj/PIR/native/cache/symlinks/bazel-bin/hintless_simplepir/new_pir_test
INFO: Elapsed time: 6.128s, Critical Path: 0.06s
INFO: 1 process: 1 internal.
INFO: Build completed successfully, 1 total action
INFO: Running command line: external/bazel_tools/tools/test/test-setup.sh hintless_simplepir/new_pir_test
exec ${PAGER:-/usr/bin/less} "$0" || exit 1
Executing tests from //hintless_simplepir:new_pir_test
-----------------------------------------------------------------------------
Running main() from gmock_main.cc
[==========] Running 1 test from 1 test suite.
[----------] Global test environment set-up.
[----------] 1 test from HintlessSimplePir
[ RUN      ] HintlessSimplePir.EndToEndPIRTest
Input params: N = 2097152 d = 8
database size: 0.00195312 GiB
Rows per block: 2048
Shards: 1 and Stacks: 1
-----   Using BSGS   -----

Online LWE correctness slack success
Offline LWE correctness slack success
Offline SIS hardness check success
Using static DB
Baby steps total: 32, Giant steps total: 32
BSGS DISTINCT rotations total (Hintless has 511; baby steps once, giant steps multiple times): 64
external/bazel_tools/tools/test/test-setup.sh: line 328:   315 Segmentation fault      (core dumped) "${TEST_PATH}" "$@" 2>&1
       316 Done                    | tee -a "${XML_OUTPUT_FILE}.log"
