project_root=/home/user/small-client-pir
upstream=https://github.com/mayank0403/Verifiable-Hintless-PIR.git
commit=56b8b744276aa3f3c078509501200967d28cfc7b
target=//hintless_simplepir:new_pir_test
profile=honest-h-smoke-2mib
bazel_version=6.5.0
bazel_jobs=2
bzlmod=false
eigen_override=/home/user/small-client-pir/native/vendor/eigen-3.4.0
eigen_archive_sha256=eba3f3d414d2f8cba2919c78ec6daab08fc71ba2ba4ae502b7e5d4d99fc02cda
patched_client_sha256=2b24433a067a4747d3bcf210d16907a3c18eead802a05c0d8a59c69eb5b16b76
patched_mat_sha256=2de69ab966fa322ade2bf92f405b21214ffa6e2def6d0728afdea61e453e946e
highway_mode=native-dispatch
clear_inherited_proxy=true
CC=clang
CXX=clang++

Build/check configured binary:
command: env -u http_proxy -u https_proxy -u all_proxy -u HTTP_PROXY -u HTTPS_PROXY -u ALL_PROXY /home/user/small-client-pir/native/tools/bazel-6.5.0 --batch --output_user_root=/home/user/small-client-pir/native/cache/bazel-user build --noenable_bzlmod --override_repository=com_gitlab_libeigen-eigen=/home/user/small-client-pir/native/vendor/eigen-3.4.0 --jobs=2 --repository_cache=/home/user/small-client-pir/native/cache/repository --disk_cache=/home/user/small-client-pir/native/cache/disk --symlink_prefix=/home/user/small-client-pir/native/cache/symlinks/bazel- --color=no --curses=no -c opt --cxxopt=-std=c++17 --cxxopt=-w --copt=-w //hintless_simplepir:new_pir_test
INFO: Invocation ID: 2445da66-e0bd-4686-939c-52aafd9cfc11
Loading: 
Loading: 
Loading: 0 packages loaded
Analyzing: target //hintless_simplepir:new_pir_test (1 packages loaded, 0 targets configured)
INFO: Analyzed target //hintless_simplepir:new_pir_test (92 packages loaded, 3070 targets configured).
 checking cached actions
INFO: Found 1 target...
[0 / 121] [Prepa] BazelWorkspaceStatusAction stable-status.txt
Target //hintless_simplepir:new_pir_test up-to-date:
  /home/user/small-client-pir/native/cache/symlinks/bazel-bin/hintless_simplepir/new_pir_test
INFO: Elapsed time: 2.585s, Critical Path: 0.03s
INFO: 1 process: 1 internal.
INFO: Build completed successfully, 1 total action

Run binary-only smoke test:
command: /usr/bin/time --verbose --output=/home/user/small-client-pir/native/logs/smoke-20260824T120340Z-802982.time.txt /home/user/small-client-pir/native/cache/symlinks/bazel-bin/hintless_simplepir/new_pir_test --gtest_filter=HintlessSimplePir.EndToEndPIRTest
Running main() from gmock_main.cc
Note: Google Test filter = HintlessSimplePir.EndToEndPIRTest
[==========] Running 1 test from 1 test suite.
[----------] Global test environment set-up.
[----------] 1 test from HintlessSimplePir
[ RUN      ] HintlessSimplePir.EndToEndPIRTest
Input params: N = 2097152 d = 8
database size: 0.00195312 GiB
Rows per block: 2048
Shards: 1 and Stacks: 1
-----   Using BSGS   -----

Online LWE correctness slack success
Offline LWE correctness slack success
Offline SIS hardness check success
Using static DB
Baby steps total: 32, Giant steps total: 32
BSGS DISTINCT rotations total (Hintless has 511; baby steps once, giant steps multiple times): 64
Proof compression: no. of rows in Z_prime = RC = 2
Primary verify success
Success: (Compressed) Z in preprocessing verified and preprocessing phase done.
[==> TIMER  <==] Total preprocessing (server + client compute) time: 8403.8 ms | 8.4038 sec
H*s recovered from RLWE
H*s verify success
[34m[==> TIMER  <==] Prepare phase (query-level preprocessing) total (client + server) time: 166.66 ms | 0.16666 sec[0m
Reconstructing record
D*u verify success
[34m[==> TIMER  <==] Query-level preprocessing + online time: 167.247 ms | 0.167247 sec[0m
[34m[==> TIMER  <==] Online-only (w/o prepare) phase total (client + server) time: 0.593925 ms | 0.000593925 sec[0m
End-to-end test done.
----------------------------------
Recorded metrics
Database size: 0.00195312 GiB
Shards: 1 and Stacks: 1
Client Local Prepr (s) : 5.56333
Client Prepa Post Req (s) : 0.00091298
Client Prepa Pre Req (s) : 0.127406
Global Prepr (s) : 3.71389
Hints (MiB) : 33
Long Term State (KiB) : 8
Offline Down (KiB) : 320
Offline Up (KiB) : 640
Online State (KiB) : 1116
Prep Down (KiB) : 112
Prep Up (Kib) : 952
Query Down (KiB) : 9
Query Up (KiB) : 2
Query: Client Decryption (ms) : 0.005843
Query: Client Req Gen (ms) : 0.129973
Query: Client Verification (ms) : 0.08763
Query: Server Comp (s) : 0.000334253
Server Per-Client Prepr (s) : 0.0257694
Server Prepa Comp (s) : 0.0383104
[       OK ] HintlessSimplePir.EndToEndPIRTest (8589 ms)
[----------] 1 test from HintlessSimplePir (8589 ms total)

[----------] Global test environment tear-down
[==========] 1 test from 1 test suite ran. (8589 ms total)
[  PASSED  ] 1 test.
