--procs-- -----------------------memory---------------------- ---swap-- -----io---- -system-- --------cpu-------- -----timestamp-----
   r    b         swpd         free         buff        cache   si   so    bi    bo   in   cs  us  sy  id  wa  st                 UTC
   2    0            0     58129372       710900      6154180    0    0     0     0    0    0   0   0 100   0   0 2026-08-24 15:08:26
   1    0            0     55856992       710900      6154188    0    0     0   158 1123  128   6   1  94   0   0 2026-08-24 15:08:31
   1    0            0     55864472       710900      6154188    0    0     0     0 1041   79   6   0  94   0   0 2026-08-24 15:08:36
   1    0            0     55872012       710900      6154188    0    0     0     3 1050   85   6   0  94   0   0 2026-08-24 15:08:41
   1    0            0     55881172       710900      6154188    0    0     0     0 1038   80   6   0  94   0   0 2026-08-24 15:08:46
   1    0            0     55887540       710900      6154188    0    0     0     3 1078   97   6   0  94   0   0 2026-08-24 15:08:51
   1    0            0     55888856       710900      6154188    0    0     0     0 1049   84   6   0  94   0   0 2026-08-24 15:08:56
   1    0            0     55890192       710900      6154188    0    0     0     3 1047   86   6   0  94   0   0 2026-08-24 15:09:01
   1    0            0     55890192       710900      6154188    0    0     0    27 1047   77   6   0  94   0   0 2026-08-24 15:09:06
   1    0            0     55890192       710900      6154188    0    0     0     3 1110  161   6   0  94   0   0 2026-08-24 15:09:11
   1    0            0     55890192       710900      6154188    0    0     0     0 1046   87   6   0  94   0   0 2026-08-24 15:09:16
   1    0            0     55890192       710900      6154188    0    0     0     3 1043   78   6   0  94   0   0 2026-08-24 15:09:21
   1    0            0     55890192       710900      6154188    0    0     0     0 1041   75   6   0  94   0   0 2026-08-24 15:09:26
   1    0            0     55890192       710900      6154188    0    0     0     3 1071  100   6   0  94   0   0 2026-08-24 15:09:31
   1    0            0     55890192       710900      6154188    0    0     0     0 1052   81   6   0  94   0   0 2026-08-24 15:09:36
   1    0            0     55890192       710900      6154188    0    0     0     3 1046   82   6   0  94   0   0 2026-08-24 15:09:41
   1    0            0     55890192       710900      6154188    0    0     0     0 1042   75   6   0  94   0   0 2026-08-24 15:09:46
   1    0            0     55890444       710900      6154188    0    0     0     3 1096  116   6   0  94   0   0 2026-08-24 15:09:51
   1    0            0     55890444       710900      6154188    0    0     0     0 1048   82   6   0  94   0   0 2026-08-24 15:09:56
   1    0            0     55890444       710900      6154188    0    0     0     8 1055   98   6   0  94   0   0 2026-08-24 15:10:01
   2    0            0     55890696       710900      6154188    0    0     0     2 1054   92   6   0  94   0   0 2026-08-24 15:10:06
--procs-- -----------------------memory---------------------- ---swap-- -----io---- -system-- --------cpu-------- -----timestamp-----
   r    b         swpd         free         buff        cache   si   so    bi    bo   in   cs  us  sy  id  wa  st                 UTC
   1    0            0     55890696       710900      6154188    0    0     0     3 1072  100   6   0  94   0   0 2026-08-24 15:10:11
   1    0            0     55890696       710900      6154188    0    0     0     0 1109  162   6   0  94   0   0 2026-08-24 15:10:16
   1    0            0     55890696       710900      6154188    0    0     0     3 1044   81   6   0  94   0   0 2026-08-24 15:10:21
   1    0            0     55890696       710900      6154188    0    0     0     0 1061  100   6   0  94   0   0 2026-08-24 15:10:26
   1    0            0     55890696       710900      6154188    0    0     0     3 1065  107   6   0  94   0   0 2026-08-24 15:10:31
   1    0            0     55890696       710900      6154188    0    0     0     0 1084  101   6   0  94   0   0 2026-08-24 15:10:36
   1    0            0     55890696       710900      6154192    0    0     0     4 1062   95   6   0  94   0   0 2026-08-24 15:10:41
   1    0            0     55989840       710900      6154192    0    0     0     4 1076  100   6   0  94   0   0 2026-08-24 15:10:46
   1    0            0     52030416       710900      6154192    0    0     0     6 1046   92   5   1  94   0   0 2026-08-24 15:10:51
   1    0            0     52256460       710900      6154192    0    0     0     0 1044   81   6   1  94   0   0 2026-08-24 15:10:56
   1    0            0     52256460       710900      6154192    0    0     0     3 1058   87   6   0  94   0   0 2026-08-24 15:11:01
   1    0            0     51853260       710900      6154192    0    0     0     0 1082  103   6   0  94   0   0 2026-08-24 15:11:06
   1    0            0     51377484       710900      6154192    0    0     0     3 1058   93   6   0  94   0   0 2026-08-24 15:11:11
   1    0            0     51369420       710900      6154192    0    0     0     0 1120  167   6   0  94   0   0 2026-08-24 15:11:16
   1    0            0     51369420       710900      6154192    0    0     0     3 1038   81   6   0  94   0   0 2026-08-24 15:11:21
   1    0            0     51361356       710900      6154192    0    0     0     0 1041   80   6   0  94   0   0 2026-08-24 15:11:26
   1    0            0     51361356       710900      6154192    0    0     0     3 1045   91   6   0  94   0   0 2026-08-24 15:11:31
   1    0            0     51353292       710900      6154192    0    0     0     0 1046   82   6   0  94   0   0 2026-08-24 15:11:36
   2    0            0     51353292       710900      6154192    0    0     0     3 1080  105   6   0  94   0   0 2026-08-24 15:11:41
   1    0            0     51346428       710900      6154192    0    0     0     0 1042   88   6   0  94   0   0 2026-08-24 15:11:46
   1    0            0     51348992       710900      6154192    0    0     0     3 1053  100   6   0  94   0   0 2026-08-24 15:11:51
--procs-- -----------------------memory---------------------- ---swap-- -----io---- -system-- --------cpu-------- -----timestamp-----
   r    b         swpd         free         buff        cache   si   so    bi    bo   in   cs  us  sy  id  wa  st                 UTC
   1    1            0     51349000       710900      6154192    0    0     0     2 1044   82   6   0  94   0   0 2026-08-24 15:11:56
   1    0            0     51340936       710900      6154192    0    0     0     2 1073  103   6   0  94   0   0 2026-08-24 15:12:01
   1    0            0     51340936       710900      6154192    0    0     0     2 1042   82   6   0  94   0   0 2026-08-24 15:12:06
   1    0            0     51332872       710900      6154192    0    0     0     1 1082  110   6   0  94   0   0 2026-08-24 15:12:11
   1    0            0     51332872       710900      6154192    0    0     0     2 1067  138   6   0  94   0   0 2026-08-24 15:12:16
   1    0            0     51324808       710900      6154192    0    0     0     1 1068   97   6   0  94   0   0 2026-08-24 15:12:21
   1    0            0     51324884       710900      6154192    0    0     0     2 1039   75   6   0  94   0   0 2026-08-24 15:12:26
   1    0            0     51316820       710900      6154192    0    0     0     1 1059   94   6   0  94   0   0 2026-08-24 15:12:31
   1    0            0     51316820       710900      6154192    0    0     0     2 1039   74   6   0  94   0   0 2026-08-24 15:12:36
   1    0            0     51308756       710900      6154192    0    0     0     1 1074   93   6   0  94   0   0 2026-08-24 15:12:41
   1    0            0     51309012       710900      6154192    0    0     0     2 1049   86   6   0  94   0   0 2026-08-24 15:12:46
   1    0            0     51300948       710900      6154192    0    0     0     1 1044   85   6   0  94   0   0 2026-08-24 15:12:51
   1    0            0     51301020       710900      6154192    0    0     0     2 1053   84   6   0  94   0   0 2026-08-24 15:12:56
   1    0            0     51292956       710900      6154192    0    0     0     1 1067   89   6   0  94   0   0 2026-08-24 15:13:01
   1    0            0     51292956       710900      6154196    0    0     0     2 1043   77   6   0  94   0   0 2026-08-24 15:13:06
   1    0            0     51292956       710900      6154196    0    0     0     2 1060   91   6   0  94   0   0 2026-08-24 15:13:11
   1    0            0     51284892       710900      6154196    0    0     0     4 1041   76   6   0  94   0   0 2026-08-24 15:13:16
   1    0            0     51284892       710900      6154196    0    0     0     2 1078  139   6   0  94   0   0 2026-08-24 15:13:21
   1    0            0     51276828       710900      6154196    0    0     0     2 1069   89   6   0  94   0   0 2026-08-24 15:13:26
   1    0            0     51276828       710900      6154196    0    0     0     1 1043   82   6   0  94   0   0 2026-08-24 15:13:31
   1    0            0     51268764       710900      6154196    0    0     0     2 1040   77   6   0  94   0   0 2026-08-24 15:13:36
--procs-- -----------------------memory---------------------- ---swap-- -----io---- -system-- --------cpu-------- -----timestamp-----
   r    b         swpd         free         buff        cache   si   so    bi    bo   in   cs  us  sy  id  wa  st                 UTC
   1    1            0     51268764       710900      6154196    0    0     0     2 1041   74   6   0  94   0   0 2026-08-24 15:13:41
   1    0            0     51260700       710900      6154196    0    0     0     1 1077   91   6   0  94   0   0 2026-08-24 15:13:46
   1    0            0     51260700       710900      6154196    0    0     0     3 1050   88   6   0  94   0   0 2026-08-24 15:13:51
   1    0            0     51252636       710900      6154196    0    0     0     0 1046   80   6   0  94   0   0 2026-08-24 15:13:56
   1    0            0     51252636       710900      6154196    0    0     0     3 1049   80   6   0  94   0   0 2026-08-24 15:14:01
   2    0            0     51244572       710900      6154196    0    0     0     0 1066   88   6   0  94   0   0 2026-08-24 15:14:06
   1    0            0     51244572       710900      6154196    0    0     0     3 1047   82   6   0  94   0   0 2026-08-24 15:14:11
   1    0            0     51236508       710900      6154196    0    0     0     0 1057   91   6   0  94   0   0 2026-08-24 15:14:16
   1    1            0     51236508       710900      6154196    0    0     0     3 1073  134   6   0  94   0   0 2026-08-24 15:14:21
   1    0            0     51236508       710900      6154196    0    0     0     0 1068   92   6   0  94   0   0 2026-08-24 15:14:26
   1    0            0     51228444       710900      6154196    0    0     0     3 1045   82   6   0  94   0   0 2026-08-24 15:14:31
   1    0            0     51228444       710900      6154196    0    0     0     0 1038   76   6   0  94   0   0 2026-08-24 15:14:36
   1    0            0     51220380       710900      6154196    0    0     0     3 1049   78   6   0  94   0   0 2026-08-24 15:14:41
   1    0            0     51220380       710900      6154196    0    0     0     0 1070   99   6   0  94   0   0 2026-08-24 15:14:46
   1    0            0     51212316       710900      6154196    0    0     0     3 1046   84   6   0  94   0   0 2026-08-24 15:14:51
   1    0            0     51212316       710900      6154196    0    0     0     0 1043   77   6   0  94   0   0 2026-08-24 15:14:56
   1    0            0     51204252       710900      6154196    0    0     0    10 1072   91   6   0  94   0   0 2026-08-24 15:15:01
   1    0            0     51204252       710900      6154196    0    0     0    35 1081   96   6   0  94   0   0 2026-08-24 15:15:06
   1    0            0     51196188       710900      6154196    0    0     0     6 1052   87   6   0  94   0   0 2026-08-24 15:15:11
   1    0            0     51196188       710900      6154196    0    0     0     3 1038   74   6   0  94   0   0 2026-08-24 15:15:16
   1    0            0     51188124       710900      6154196    0    0     0     3 1081  142   6   0  94   0   0 2026-08-24 15:15:21
--procs-- -----------------------memory---------------------- ---swap-- -----io---- -system-- --------cpu-------- -----timestamp-----
   r    b         swpd         free         buff        cache   si   so    bi    bo   in   cs  us  sy  id  wa  st                 UTC
   1    1            0     51188124       710900      6154200    0    0     0     2 1041   75   6   0  94   0   0 2026-08-24 15:15:26
   1    0            0     51186360       710900      6154200    0    0     0     2 1080  106   6   0  94   0   0 2026-08-24 15:15:31
   1    0            0     51180312       710900      6154200    0    0     0     4 1052   84   6   0  94   0   0 2026-08-24 15:15:36
   1    0            0     51172248       710900      6154200    0    0     0     2 1064   91   6   0  94   0   0 2026-08-24 15:15:41
   1    0            0     51173552       710900      6154200    0    0     0     2 1046   81   6   0  94   0   0 2026-08-24 15:15:46
   1    0            0     51165488       710900      6154200    0    0     0     1 1081  103   6   0  94   0   0 2026-08-24 15:15:51
   1    0            0     51165488       710900      6154200    0    0     0     2 1059   89   6   0  94   0   0 2026-08-24 15:15:56
   1    0            0     51165488       710900      6154200    0    0     0     1 1057   91   6   0  94   0   0 2026-08-24 15:16:01
   2    0            0     51157200       710900      6154200    0    0     0     2 1046   83   6   0  94   0   0 2026-08-24 15:16:06
   1    0            0     51157200       710900      6154200    0    0     0     1 1086  107   6   0  94   0   0 2026-08-24 15:16:11
   1    0            0     51149136       710900      6154200    0    0     0     2 1057   84   6   0  94   0   0 2026-08-24 15:16:16
   1    0            0     51149212       710900      6154200    0    0     0     1 1100  151   6   0  94   0   0 2026-08-24 15:16:21
   1    0            0     51141148       710900      6154200    0    0     0     2 1045   79   6   0  94   0   0 2026-08-24 15:16:26
   1    0            0     51141148       710900      6154200    0    0     0     1 1092  111   6   0  94   0   0 2026-08-24 15:16:31
   1    0            0     51133084       710900      6154200    0    0     0     2 1047   84   6   0  94   0   0 2026-08-24 15:16:36
   1    0            0     51133084       710900      6154200    0    0     0     1 1059   93   6   0  94   0   0 2026-08-24 15:16:41
   1    0            0     51125020       710900      6154200    0    0     0     2 1050   85   6   0  94   0   0 2026-08-24 15:16:46
   1    0            0     51125020       710900      6154200    0    0     0     1 1075  103   6   0  94   0   0 2026-08-24 15:16:51
   1    0            0     51116956       710900      6154200    0    0     0     2 1056   89   6   0  94   0   0 2026-08-24 15:16:56
   1    0            0     51116956       710900      6154200    0    0     0     1 1082   99   6   0  94   0   0 2026-08-24 15:17:01
   1    0            0     51108640       710900      6154200    0    0     0    42 1061   97   6   0  94   0   0 2026-08-24 15:17:06
--procs-- -----------------------memory---------------------- ---swap-- -----io---- -system-- --------cpu-------- -----timestamp-----
   r    b         swpd         free         buff        cache   si   so    bi    bo   in   cs  us  sy  id  wa  st                 UTC
   1    1            0     51108640       710900      6154200    0    0     0     9 1055   90   6   0  94   0   0 2026-08-24 15:17:11
   1    0            0     51108640       710900      6154200    0    0     0     1 1079   96   6   0  94   0   0 2026-08-24 15:17:16
   1    0            0     51100576       710900      6154200    0    0     0     6 1052   84   6   0  94   0   0 2026-08-24 15:17:21
   1    0            0     51100576       710900      6154200    0    0     0     0 1093  147   6   0  94   0   0 2026-08-24 15:17:26
   1    0            0     51092512       710900      6154200    0    0     0     3 1055   89   6   0  94   0   0 2026-08-24 15:17:31
   1    0            0     51092512       710900      6154200    0    0     0     0 1077   95   6   0  94   0   0 2026-08-24 15:17:36
   1    0            0     51084448       710900      6154204    0    0     0     4 1052   83   6   0  94   0   0 2026-08-24 15:17:41
   1    0            0     51084448       710900      6154204    0    0     0     6 1063   97   6   0  94   0   0 2026-08-24 15:17:46
   1    0            0     51076384       710900      6154204    0    0     0     5 1055   90   6   0  94   0   0 2026-08-24 15:17:51
   1    0            0     51076384       710900      6154204    0    0     0     2 1080  104   6   0  94   0   0 2026-08-24 15:17:56
   1    0            0     51068320       710900      6154204    0    0     0     1 1055   86   6   0  94   0   0 2026-08-24 15:18:01
   1    0            0     51068320       710900      6154204    0    0     0     2 1047   82   6   0  94   0   0 2026-08-24 15:18:06
   1    0            0     51060256       710900      6154204    0    0     0     1 1057   96   6   0  94   0   0 2026-08-24 15:18:11
   1    0            0     51060256       710900      6154204    0    0     0     2 1078   98   6   0  94   0   0 2026-08-24 15:18:16
   1    0            0     51052192       710900      6154204    0    0     0     0 1045   81   6   0  94   0   0 2026-08-24 15:18:21
   1    0            0     51052192       710900      6154204    0    0     0     2 1095  148   6   0  94   0   0 2026-08-24 15:18:26
   1    0            0     51052192       710900      6154204    0    0     0     0 1053   93   6   0  94   0   0 2026-08-24 15:18:31
   1    0            0     51044128       710900      6154204    0    0     0     2 1047   81   6   0  94   0   0 2026-08-24 15:18:36
   1    0            0     51044128       710900      6154204    0    0     0     0 1077   97   6   0  94   0   0 2026-08-24 15:18:41
   1    0            0     51036064       710900      6154204    0    0     0     3 1052   87   6   0  94   0   0 2026-08-24 15:18:46
   1    0            0     51036064       710900      6154204    0    0     0     0 1050   91   6   0  94   0   0 2026-08-24 15:18:51
--procs-- -----------------------memory---------------------- ---swap-- -----io---- -system-- --------cpu-------- -----timestamp-----
   r    b         swpd         free         buff        cache   si   so    bi    bo   in   cs  us  sy  id  wa  st                 UTC
   1    0            0     51028000       710900      6154204    0    0     0     2 1052   87   6   0  94   0   0 2026-08-24 15:18:56
   1    0            0     51028000       710900      6154204    0    0     0     0 1092  102   6   0  94   0   0 2026-08-24 15:19:01
   1    0            0     51019936       710900      6154204    0    0     0     3 1053   84   6   0  94   0   0 2026-08-24 15:19:06
   1    0            0     50294176       710900      6154204    0    0     0     1 1064   93   6   0  94   0   0 2026-08-24 15:19:11
   1    0            0     50286112       710900      6154204    0    0     0     2 1052   86   6   0  94   0   0 2026-08-24 15:19:16
   1    0            0     50286112       710900      6154204    0    0     0     1 1083  103   6   0  94   0   0 2026-08-24 15:19:21
   1    0            0     50278048       710900      6154204    0    0     0     2 1081  141   6   0  94   0   0 2026-08-24 15:19:26
   1    0            0     50269984       710900      6154204    0    0     0     0 1060   96   6   0  94   0   0 2026-08-24 15:19:31
   1    0            0     50269984       710900      6154204    0    0     0     2 1044   80   6   0  94   0   0 2026-08-24 15:19:36
   1    0            0     50261920       710900      6154204    0    0     0     0 1076   96   6   0  94   0   0 2026-08-24 15:19:41
   1    0            0     50253856       710900      6154204    0    0     0     2 1052   83   6   0  94   0   0 2026-08-24 15:19:46
   1    0            0     50253856       710900      6154204    0    0     0     0 1065   99   6   0  94   0   0 2026-08-24 15:19:51
   1    0            0     50245792       710900      6154204    0    0     0     3 1054   85   6   0  94   0   0 2026-08-24 15:19:56
   1    0            0     50213536       710900      6154208    0    0     0     4 1075  100   6   0  94   0   0 2026-08-24 15:20:01
   1    0            0     50197408       710900      6154208    0    0     0     1 1051   90   6   0  94   0   0 2026-08-24 15:20:06
   1    0            0     50189344       710900      6154208    0    0     0     2 1065   97   6   0  94   0   0 2026-08-24 15:20:11
   1    0            0     50189344       710900      6154208    0    0     0     0 1075   92   6   0  94   0   0 2026-08-24 15:20:16
   1    0            0     50181280       710900      6154208    0    0     0     2 1047   80   6   0  94   0   0 2026-08-24 15:20:21
   1    0            0     50084512       710900      6154208    0    0     0     0 1077   96   6   0  94   0   0 2026-08-24 15:20:26
