command: /usr/bin/time --verbose --output=/home/user/small-client-pir/native/logs/512mib/20260825T135331Z-829717/build.time.txt env -u http_proxy -u https_proxy -u all_proxy -u HTTP_PROXY -u HTTPS_PROXY -u ALL_PROXY /home/user/small-client-pir/native/tools/bazel-6.5.0 --batch --output_user_root=/home/user/small-client-pir/native/cache/bazel-user build --noenable_bzlmod --override_repository=com_gitlab_libeigen-eigen=/home/user/small-client-pir/native/vendor/eigen-3.4.0 --jobs=2 --repository_cache=/home/user/small-client-pir/native/cache/repository --disk_cache=/home/user/small-client-pir/native/cache/disk --symlink_prefix=/home/user/small-client-pir/native/cache/symlinks/bazel- --color=no --curses=no -c opt --cxxopt=-std=c++17 --cxxopt=-w --copt=-w --verbose_failures //hintless_simplepir:new_pir_test
INFO: Invocation ID: fa1dcbbe-90e7-4b48-9d36-b2d84b1e748e
Loading: 
Loading: 
Loading: 0 packages loaded
Analyzing: target //hintless_simplepir:new_pir_test (1 packages loaded, 0 targets configured)
INFO: Analyzed target //hintless_simplepir:new_pir_test (92 packages loaded, 3070 targets configured).
 checking cached actions
INFO: Found 1 target...
[1 / 125] [Prepa] BazelWorkspaceStatusAction stable-status.txt
[29 / 177] Compiling bazel/expanded_template/expand_template.cc [for tool]; 1s remote-cache, linux-sandbox ... (4 actions running)
[30 / 177] Compiling bazel/expanded_template/expand_template.cc [for tool]; 2s remote-cache, linux-sandbox ... (4 actions running)
[103 / 239] Compiling verisimplepir/src/lib/pir/pir.cpp; 0s remote-cache, linux-sandbox ... (4 actions running)
[104 / 239] Compiling hintless_simplepir/new_pir_test.cc; 1s remote-cache, linux-sandbox ... (4 actions running)
[107 / 239] Compiling hintless_simplepir/new_pir_test.cc; 3s remote-cache, linux-sandbox ... (3 actions, 2 running)
[108 / 239] Compiling hintless_simplepir/new_pir_test.cc; 4s remote-cache, linux-sandbox ... (4 actions running)
[129 / 259] Compiling hintless_simplepir/client.cc; 0s remote-cache, linux-sandbox ... (4 actions running)
[130 / 259] Compiling hintless_simplepir/client.cc; 1s remote-cache, linux-sandbox ... (4 actions running)
[133 / 259] Compiling hintless_simplepir/client.cc; 3s remote-cache, linux-sandbox ... (3 actions, 2 running)
[135 / 259] Compiling hintless_simplepir/client.cc; 4s remote-cache, linux-sandbox ... (4 actions running)
[149 / 272] Compiling verisimplepir/src/lib/math/aes.cpp; 1s remote-cache, linux-sandbox ... (4 actions running)
[152 / 272] Compiling linpir/client.cc; 1s remote-cache, linux-sandbox ... (3 actions, 2 running)
[168 / 282] Compiling linpir/client.cc; 3s remote-cache, linux-sandbox ... (3 actions, 2 running)
[198 / 312] Compiling absl/base/internal/thread_identity.cc; 0s remote-cache, linux-sandbox ... (3 actions, 2 running)
[201 / 312] Compiling hintless_simplepir/server.cc; 1s remote-cache, linux-sandbox ... (3 actions, 2 running)
[218 / 326] Compiling hintless_simplepir/server.cc; 2s remote-cache, linux-sandbox ... (3 actions, 2 running)
[225 / 343] Compiling hintless_simplepir/server.cc; 3s remote-cache, linux-sandbox ... (3 actions, 2 running)
[231 / 347] Compiling hintless_simplepir/database_hwy.cc; 0s remote-cache, linux-sandbox ... (4 actions running)
[233 / 347] Compiling hintless_simplepir/database_hwy.cc; 1s remote-cache, linux-sandbox ... (4 actions running)
[241 / 351] Compiling absl/strings/internal/damerau_levenshtein_distance.cc; 0s remote-cache, linux-sandbox ... (3 actions, 2 running)
[244 / 351] Compiling hintless_simplepir/inner_product_hwy.cc; 1s remote-cache, linux-sandbox ... (3 actions, 2 running)
[246 / 351] Compiling hintless_simplepir/inner_product_hwy.cc; 2s remote-cache, linux-sandbox ... (3 actions, 2 running)
[258 / 366] Compiling hintless_simplepir/inner_product_hwy.cc; 3s remote-cache, linux-sandbox ... (3 actions, 2 running)
[259 / 366] Compiling hintless_simplepir/inner_product_hwy.cc; 4s remote-cache, linux-sandbox ... (4 actions running)
[262 / 366] Compiling absl/strings/internal/str_format/bind.cc; 0s remote-cache, linux-sandbox ... (3 actions, 2 running)
[271 / 371] [Prepa] Linking external/com_google_absl/absl/strings/libstr_format_internal.so
[287 / 385] Compiling linpir/server.cc; 1s remote-cache, linux-sandbox ... (3 actions, 2 running)
[294 / 394] Compiling linpir/server.cc; 2s remote-cache, linux-sandbox ... (3 actions, 2 running)
[297 / 394] Compiling linpir/server.cc; 3s remote-cache, linux-sandbox ... (3 actions, 2 running)
[306 / 402] Compiling linpir/server.cc; 4s remote-cache, linux-sandbox ... (4 actions running)
[318 / 419] Compiling linpir/database.cc; 0s remote-cache, linux-sandbox ... (4 actions running)
[321 / 419] Compiling linpir/database.cc; 2s remote-cache, linux-sandbox ... (3 actions, 2 running)
[331 / 427] Compiling absl/time/internal/cctz/src/time_zone_if.cc; 0s remote-cache, linux-sandbox ... (3 actions, 2 running)
[335 / 427] Compiling shell_encryption/rns/finite_field_encoder.cc; 1s remote-cache, linux-sandbox ... (3 actions, 2 running)
[339 / 435] Compiling shell_encryption/rns/finite_field_encoder.cc; 2s remote-cache, linux-sandbox ... (4 actions running)
[346 / 438] Compiling linpir/serialization.pb.cc; 0s remote-cache, linux-sandbox ... (3 actions, 2 running)
[360 / 448] Compiling shell_encryption/rns/rns_galois_key.cc; 1s remote-cache, linux-sandbox ... (3 actions, 2 running)
[369 / 458] Compiling shell_encryption/rns/rns_galois_key.cc; 2s remote-cache, linux-sandbox ... (3 actions, 2 running)
[377 / 462] Compiling shell_encryption/rns/rns_galois_key.cc; 3s remote-cache, linux-sandbox ... (3 actions, 2 running)
[391 / 474] Compiling shell_encryption/rns/rns_galois_key.cc; 4s remote-cache, linux-sandbox ... (4 actions running)
[397 / 489] Compiling shell_encryption/rns/rns_galois_key.cc; 6s remote-cache, linux-sandbox ... (3 actions, 2 running)
[408 / 496] Compiling shell_encryption/rns/rns_gadget.cc; 0s remote-cache, linux-sandbox ... (3 actions, 2 running)
[410 / 496] Compiling shell_encryption/rns/rns_gadget.cc; 1s remote-cache, linux-sandbox ... (3 actions, 2 running)
[411 / 496] Compiling shell_encryption/rns/rns_gadget.cc; 2s remote-cache, linux-sandbox ... (4 actions running)
[414 / 496] Compiling shell_encryption/rns/rns_gadget.cc; 3s remote-cache, linux-sandbox ... (3 actions, 2 running)
[425 / 503] Compiling shell_encryption/rns/rns_secret_key.cc; 1s remote-cache, linux-sandbox ... (3 actions, 2 running)
[442 / 523] Compiling shell_encryption/rns/rns_secret_key.cc; 2s remote-cache, linux-sandbox ... (3 actions, 2 running)
[448 / 526] Compiling shell_encryption/rns/coefficient_encoder.cc; 1s remote-cache, linux-sandbox ... (4 actions running)
[450 / 526] Compiling shell_encryption/rns/coefficient_encoder.cc; 2s remote-cache, linux-sandbox ... (3 actions, 2 running)
[464 / 536] Compiling shell_encryption/sampler/discrete_gaussian.cc; 0s remote-cache, linux-sandbox ... (3 actions, 2 running)
[474 / 546] Compiling shell_encryption/rns/rns_bfv_ciphertext.cc; 0s remote-cache, linux-sandbox ... (3 actions, 2 running)
[474 / 546] Compiling shell_encryption/rns/rns_bfv_ciphertext.cc; 1s remote-cache, linux-sandbox ... (4 actions running)
[476 / 549] Compiling shell_encryption/rns/rns_bfv_ciphertext.cc; 3s remote-cache, linux-sandbox ... (4 actions running)
[477 / 549] Compiling shell_encryption/rns/rns_bgv_ciphertext.cc; 3s remote-cache, linux-sandbox ... (3 actions, 2 running)
[492 / 562] Compiling shell_encryption/rns/rns_ciphertext.cc; 1s remote-cache, linux-sandbox ... (4 actions running)
[493 / 562] Compiling shell_encryption/rns/rns_ciphertext.cc; 2s remote-cache, linux-sandbox ... (4 actions running)
[496 / 562] Compiling shell_encryption/rns/rns_ciphertext.cc; 3s remote-cache, linux-sandbox ... (3 actions, 2 running)
[506 / 573] Compiling src/gflags_reporting.cc; 0s remote-cache, linux-sandbox ... (3 actions, 2 running)
[512 / 577] Compiling shell_encryption/rns/lazy_rns_polynomial.cc; 1s remote-cache, linux-sandbox ... (4 actions running)
[521 / 590] Compiling src/vlog_is_on.cc; 0s remote-cache, linux-sandbox ... (4 actions running)
[524 / 590] Compiling shell_encryption/rns/rns_polynomial_hwy.cc; 1s remote-cache, linux-sandbox ... (4 actions running)
[526 / 590] Compiling shell_encryption/rns/rns_polynomial_hwy.cc; 3s remote-cache, linux-sandbox ... (4 actions running)
[532 / 607] Compiling shell_encryption/rns/rns_polynomial_hwy.cc; 4s remote-cache, linux-sandbox ... (4 actions running)
[533 / 607] Compiling googletest/src/gtest.cc; 1s remote-cache, linux-sandbox ... (3 actions, 2 running)
[537 / 614] Compiling googletest/src/gtest.cc; 3s remote-cache, linux-sandbox ... (4 actions running)
[538 / 614] Compiling hwy/per_target.cc; 2s remote-cache, linux-sandbox ... (4 actions running)
[539 / 614] Compiling hwy/per_target.cc; 3s remote-cache, linux-sandbox ... (4 actions running)
[549 / 618] Compiling shell_encryption/rns/rns_polynomial.cc; 0s remote-cache, linux-sandbox ... (3 actions, 2 running)
[550 / 618] Compiling shell_encryption/rns/rns_polynomial.cc; 2s remote-cache, linux-sandbox ... (4 actions running)
[553 / 622] Compiling shell_encryption/rns/rns_polynomial.cc; 3s remote-cache, linux-sandbox ... (4 actions running)
[557 / 622] Compiling shell_encryption/rns/rns_polynomial.cc; 4s remote-cache, linux-sandbox ... (3 actions, 2 running)
[558 / 622] Compiling shell_encryption/rns/rns_polynomial.cc; 5s remote-cache, linux-sandbox ... (3 actions, 2 running)
[564 / 625] Compiling googlemock/src/gmock.cc; 0s remote-cache, linux-sandbox ... (3 actions, 2 running)
[574 / 633] Compiling googlemock/src/gmock-spec-builders.cc; 1s remote-cache, linux-sandbox ... (4 actions running)
[580 / 673] Compiling googlemock/src/gmock-matchers.cc; 0s remote-cache, linux-sandbox ... (4 actions running)
[584 / 673] Compiling googlemock/src/gmock-internal-utils.cc; 1s remote-cache, linux-sandbox ... (3 actions, 2 running)
[592 / 1,031] Compiling src/ssl/tls13_both.cc; 0s remote-cache, linux-sandbox ... (3 actions, 2 running)
[612 / 1,031] Compiling src/ssl/ssl_x509.cc; 0s remote-cache, linux-sandbox ... (3 actions, 2 running)
[623 / 1,034] Compiling shell_encryption/rns/rns_context.cc; 0s remote-cache, linux-sandbox ... (3 actions, 2 running)
[625 / 1,034] Compiling shell_encryption/rns/rns_context.cc; 2s remote-cache, linux-sandbox ... (3 actions, 2 running)
[626 / 1,034] Compiling shell_encryption/rns/rns_context.cc; 3s remote-cache, linux-sandbox ... (4 actions running)
[628 / 1,034] Compiling shell_encryption/rns/rns_context.cc; 4s remote-cache, linux-sandbox ... (3 actions, 2 running)
[630 / 1,034] Compiling shell_encryption/rns/rns_context.cc; 5s remote-cache, linux-sandbox ... (3 actions, 2 running)
[648 / 1,034] Compiling src/ssl/ssl_buffer.cc; 0s remote-cache, linux-sandbox ... (3 actions, 2 running)
[668 / 1,034] Compiling src/ssl/ssl_aead_ctx.cc; 0s remote-cache, linux-sandbox ... (3 actions, 2 running)
[688 / 1,034] Compiling src/ssl/s3_lib.cc; 0s remote-cache, linux-sandbox ... (3 actions, 2 running)
[707 / 1,034] Compiling src/ssl/handshake_server.cc; 0s remote-cache, linux-sandbox ... (3 actions, 2 running)
[726 / 1,034] Compiling src/ssl/handshake_client.cc; 0s remote-cache, linux-sandbox ... (3 actions, 2 running)
[745 / 1,034] Compiling src/ssl/handshake.cc; 0s remote-cache, linux-sandbox ... (3 actions, 2 running)
[757 / 1,034] Compiling src/ssl/extensions.cc; 0s remote-cache, linux-sandbox ... (3 actions, 2 running)
[768 / 1,034] Compiling src/ssl/encrypted_client_hello.cc; 0s remote-cache, linux-sandbox ... (3 actions, 2 running)
[779 / 1,034] Compiling src/ssl/dtls_method.cc; 0s remote-cache, linux-sandbox ... (3 actions, 2 running)
[793 / 1,034] Compiling src/crypto/x509/x_all.c; 0s remote-cache, linux-sandbox ... (3 actions, 2 running)
[802 / 1,034] Compiling src/ssl/d1_both.cc; 0s remote-cache, linux-sandbox ... (3 actions, 2 running)
[821 / 1,040] Compiling shell_encryption/montgomery.cc; 0s remote-cache, linux-sandbox ... (3 actions, 2 running)
[831 / 1,040] Compiling shell_encryption/montgomery.cc; 1s remote-cache, linux-sandbox ... (3 actions, 2 running)
[841 / 1,040] Compiling shell_encryption/montgomery.cc; 2s remote-cache, linux-sandbox ... (3 actions, 2 running)
[858 / 1,040] Compiling shell_encryption/montgomery.cc; 3s remote-cache, linux-sandbox ... (3 actions, 2 running)
[877 / 1,046] Compiling shell_encryption/ntt_parameters.cc; 0s remote-cache, linux-sandbox ... (3 actions, 2 running)
[891 / 1,049] Compiling external/com_github_google_shell-encryption/shell_encryption/serialization.pb.cc; 0s remote-cache, linux-sandbox ... (3 actions, 2 running)
[900 / 1,104] Compiling src/google/protobuf/wrappers.pb.cc; 0s remote-cache, linux-sandbox ... (4 actions running)
[901 / 1,104] Compiling src/crypto/fipsmodule/bcm.c; 1s remote-cache, linux-sandbox ... (4 actions running)
[902 / 1,104] Compiling src/crypto/fipsmodule/bcm.c; 2s remote-cache, linux-sandbox ... (3 actions, 2 running)
[903 / 1,104] Compiling src/crypto/fipsmodule/bcm.c; 3s remote-cache, linux-sandbox ... (3 actions, 2 running)
[904 / 1,104] Compiling src/crypto/fipsmodule/bcm.c; 5s remote-cache, linux-sandbox ... (4 actions running)
[905 / 1,104] Compiling src/google/protobuf/util/message_differencer.cc; 2s remote-cache, linux-sandbox ... (3 actions, 2 running)
[920 / 1,104] Compiling src/google/protobuf/util/json_util.cc; 0s remote-cache, linux-sandbox ... (3 actions, 2 running)
[933 / 1,104] Compiling src/google/protobuf/util/internal/utility.cc; 0s remote-cache, linux-sandbox ... (3 actions, 2 running)
[940 / 1,104] Compiling src/google/protobuf/util/internal/type_info.cc; 0s remote-cache, linux-sandbox ... (4 actions running)
[953 / 1,104] Compiling src/google/protobuf/util/internal/protostream_objectwriter.cc; 0s remote-cache, linux-sandbox ... (3 actions, 2 running)
[968 / 1,104] Compiling src/google/protobuf/util/internal/protostream_objectsource.cc; 0s remote-cache, linux-sandbox ... (3 actions, 2 running)
[983 / 1,104] Compiling src/google/protobuf/util/internal/proto_writer.cc; 0s remote-cache, linux-sandbox ... (3 actions, 2 running)
[994 / 1,104] Compiling src/google/protobuf/util/internal/object_writer.cc; 0s remote-cache, linux-sandbox ... (3 actions, 2 running)
[1,011 / 1,104] Compiling src/google/protobuf/util/internal/json_stream_parser.cc; 0s remote-cache, linux-sandbox ... (3 actions, 2 running)
[1,019 / 1,104] Compiling src/google/protobuf/util/internal/json_objectwriter.cc; 0s remote-cache, linux-sandbox ... (3 actions, 2 running)
[1,033 / 1,112] Compiling absl/log/internal/vlog_config.cc; 0s remote-cache, linux-sandbox ... (3 actions, 2 running)
[1,045 / 1,121] Compiling src/google/protobuf/util/internal/default_value_objectwriter.cc; 0s remote-cache, linux-sandbox ... (4 actions running)
[1,061 / 1,133] Compiling src/google/protobuf/util/internal/datapiece.cc; 0s remote-cache, linux-sandbox ... (4 actions running)
[1,067 / 1,137] Compiling absl/log/globals.cc; 0s remote-cache, linux-sandbox ... (3 actions, 2 running)
[1,079 / 1,146] Compiling absl/log/internal/log_sink_set.cc; 0s remote-cache, linux-sandbox ... (3 actions, 2 running)
[1,091 / 1,154] Compiling src/google/protobuf/util/delimited_message_util.cc; 0s remote-cache, linux-sandbox ... (3 actions, 2 running)
[1,109 / 1,168] Compiling absl/log/internal/log_message.cc; 0s remote-cache, linux-sandbox ... (4 actions running)
[1,131 / 1,185] Compiling tink/internal/aes_util.cc; 0s remote-cache, linux-sandbox ... (3 actions, 2 running)
[1,144 / 1,195] Compiling src/google/protobuf/text_format.cc; 1s remote-cache, linux-sandbox ... (3 actions, 2 running)
[1,153 / 1,237] Compiling src/google/protobuf/wire_format_lite.cc; 0s remote-cache, linux-sandbox ... (4 actions running)
[1,156 / 1,237] Compiling src/google/protobuf/struct.pb.cc; 0s remote-cache, linux-sandbox ... (3 actions, 2 running)
[1,159 / 1,237] Compiling src/google/protobuf/stubs/structurally_valid.cc; 0s remote-cache, linux-sandbox ... (3 actions, 2 running)
[1,164 / 1,237] Compiling src/google/protobuf/reflection_ops.cc; 0s remote-cache, linux-sandbox ... (3 actions, 2 running)
[1,167 / 1,237] Compiling src/google/protobuf/message.cc; 1s remote-cache, linux-sandbox ... (4 actions running)
[1,171 / 1,237] Compiling src/google/protobuf/map_field.cc; 0s remote-cache, linux-sandbox ... (3 actions, 2 running)
[1,173 / 1,237] Compiling src/google/protobuf/repeated_field.cc; 1s remote-cache, linux-sandbox ... (3 actions, 2 running)
[1,176 / 1,237] Compiling src/google/protobuf/parse_context.cc; 0s remote-cache, linux-sandbox ... (3 actions, 2 running)
[1,179 / 1,237] Compiling src/google/protobuf/generated_message_reflection.cc; 0s remote-cache, linux-sandbox ... (3 actions, 2 running)
[1,181 / 1,237] Compiling src/google/protobuf/generated_message_reflection.cc; 1s remote-cache, linux-sandbox ... (3 actions, 2 running)
[1,184 / 1,237] Compiling src/google/protobuf/generated_message_bases.cc; 0s remote-cache, linux-sandbox ... (4 actions running)
[1,190 / 1,237] Compiling src/google/protobuf/extension_set_heavy.cc; 0s remote-cache, linux-sandbox ... (3 actions, 2 running)
[1,193 / 1,237] Compiling src/google/protobuf/empty.pb.cc; 0s remote-cache, linux-sandbox ... (3 actions, 2 running)
[1,195 / 1,237] Compiling src/google/protobuf/generated_message_tctable_lite.cc; 1s remote-cache, linux-sandbox ... (3 actions, 2 running)
[1,197 / 1,237] Compiling src/google/protobuf/generated_enum_util.cc; 0s remote-cache, linux-sandbox ... (4 actions running)
[1,199 / 1,237] Compiling src/google/protobuf/extension_set.cc; 1s remote-cache, linux-sandbox ... (3 actions, 2 running)
[1,202 / 1,237] Compiling src/google/protobuf/descriptor.pb.cc; 1s remote-cache, linux-sandbox ... (4 actions running)
[1,205 / 1,237] Compiling src/google/protobuf/descriptor.pb.cc; 2s remote-cache, linux-sandbox ... (4 actions running)
[1,219 / 1,245] Compiling tink/internal/md_util.cc; 0s remote-cache, linux-sandbox ... (3 actions, 2 running)
[1,225 / 1,249] Compiling src/google/protobuf/descriptor.cc; 1s remote-cache, linux-sandbox ... (3 actions, 2 running)
[1,237 / 1,260] Compiling src/google/protobuf/descriptor.cc; 2s remote-cache, linux-sandbox ... (3 actions, 2 running)
[1,243 / 1,265] Compiling src/google/protobuf/descriptor.cc; 3s remote-cache, linux-sandbox ... (3 actions, 2 running)
[1,248 / 1,269] Compiling src/google/protobuf/descriptor.cc; 4s remote-cache, linux-sandbox ... (4 actions running)
[1,254 / 1,274] Compiling src/google/protobuf/descriptor.cc; 5s remote-cache, linux-sandbox ... (4 actions running)
[1,260 / 1,278] Compiling tink/aead/internal/ssl_aead.cc; 0s remote-cache, linux-sandbox ... (3 actions, 2 running)
[1,266 / 1,282] Compiling src/google/protobuf/compiler/parser.cc; 1s remote-cache, linux-sandbox ... (3 actions, 2 running)
[1,277 / 1,291] Compiling src/google/protobuf/compiler/importer.cc; 0s remote-cache, linux-sandbox ... (4 actions running)
[1,283 / 1,294] Compiling src/google/protobuf/api.pb.cc; 0s remote-cache, linux-sandbox ... (3 actions, 2 running)
[1,296 / 1,317] Compiling trees.c; 0s remote-cache, linux-sandbox ... (3 actions, 2 running)
[1,304 / 1,317] Compiling lwe/matrix_conversion.cc; 1s remote-cache, linux-sandbox ... (3 actions, 2 running)
Target //hintless_simplepir:new_pir_test up-to-date:
  /home/user/small-client-pir/native/cache/symlinks/bazel-bin/hintless_simplepir/new_pir_test
INFO: Elapsed time: 187.785s, Critical Path: 9.70s
INFO: 835 processes: 3 internal, 832 linux-sandbox.
INFO: Build completed successfully, 835 total actions
