--procs-- -----------------------memory---------------------- ---swap-- -----io---- -system-- --------cpu-------- -----timestamp-----
   r    b         swpd         free         buff        cache   si   so    bi    bo   in   cs  us  sy  id  wa  st                 UTC
   2    0            0     57315548       763096      6528360    0    0     0     0    0    0   0   0 100   0   0 2026-08-25 13:56:40
   1    0            0     55128712       763096      6528368    0    0     0  1324 1163  122   6   1  94   0   0 2026-08-25 13:56:45
   1    0            0     55184676       763096      6528368    0    0     0     0 1059   93   6   0  94   0   0 2026-08-25 13:56:50
   1    0            0     55229036       763096      6528300    0    0     0     2 1085  111   6   0  94   0   0 2026-08-25 13:56:55
   1    0            0     55262348       763096      6528300    0    0     0     1 1051   88   6   0  94   0   0 2026-08-25 13:57:00
   1    0            0     55281136       763096      6528300    0    0     0     2 1043   90   6   0  94   0   0 2026-08-25 13:57:05
   1    0            0     55291648       763096      6528300    0    0     0     1 1052   85   6   0  94   0   0 2026-08-25 13:57:10
   1    0            0     55302276       763096      6528300    0    0     0     2 1109  167   6   0  94   0   0 2026-08-25 13:57:15
   1    0            0     55310316       763096      6528300    0    0     0    92 1064   83   6   0  94   0   0 2026-08-25 13:57:20
   1    0            0     55317316       763096      6528240    0    0     0     2 1080  108   6   0  94   0   0 2026-08-25 13:57:25
   1    0            0     55333628       763096      6528240    0    0     0     1 1059   86   6   0  94   0   0 2026-08-25 13:57:30
   1    0            0     55333620       763096      6528240    0    0     0     2 1065  106   6   0  94   0   0 2026-08-25 13:57:35
   1    0            0     55335552       763096      6528240    0    0     0     1 1053   84   6   0  94   0   0 2026-08-25 13:57:40
   1    0            0     55337424       763096      6528240    0    0     0     2 1052   87   6   0  94   0   0 2026-08-25 13:57:45
   1    0            0     55342140       763096      6528240    0    0     0     1 1077   99   6   0  94   0   0 2026-08-25 13:57:50
   1    0            0     55343832       763096      6528240    0    0     0     3 1062   94   6   0  94   0   0 2026-08-25 13:57:55
   1    0            0     55349452       763096      6528240    0    0     0     1 1045   82   6   0  94   0   0 2026-08-25 13:58:00
   1    0            0     55349308       763096      6528240    0    0     0     2 1044   82   6   0  94   0   0 2026-08-25 13:58:05
   1    0            0     55349552       763096      6528240    0    0     0     1 1078   93   6   0  94   0   0 2026-08-25 13:58:10
   1    0            0     55349716       763096      6528240    0    0     0     2 1059   94   6   0  94   0   0 2026-08-25 13:58:15
   1    0            0     55349712       763096      6528240    0    0     0     1 1114  167   6   0  94   0   0 2026-08-25 13:58:20
--procs-- -----------------------memory---------------------- ---swap-- -----io---- -system-- --------cpu-------- -----timestamp-----
   r    b         swpd         free         buff        cache   si   so    bi    bo   in   cs  us  sy  id  wa  st                 UTC
   1    0            0     55351008       763096      6528240    0    0     0     2 1045   78   6   0  94   0   0 2026-08-25 13:58:25
   1    0            0     55355652       763096      6528240    0    0     0     1 1068   97   6   0  94   0   0 2026-08-25 13:58:30
   1    0            0     55355652       763096      6528240    0    0     0     3 1054   95   6   0  94   0   0 2026-08-25 13:58:35
   1    0            0     55355644       763096      6528240    0    0     0     1 1067   91   6   0  94   0   0 2026-08-25 13:58:40
   1    0            0     55358664       763096      6528240    0    0     0     2 1056   96   6   0  94   0   0 2026-08-25 13:58:45
   1    0            0     55358664       763096      6528240    0    0     0     1 1056   92   6   0  94   0   0 2026-08-25 13:58:50
   1    0            0     55358664       763096      6528244    0    0     0     2 1059   94   6   0  94   0   0 2026-08-25 13:58:55
   1    0            0     55356160       763096      6528244    0    0     0     2 1076   88   6   0  94   0   0 2026-08-25 13:59:00
   1    0            0     52324080       763096      6528244    0    0     0     6 1060   92   5   1  94   0   0 2026-08-25 13:59:05
   1    0            0     51728368       763096      6528244    0    0     0     0 1082  105   6   0  94   0   0 2026-08-25 13:59:10
   1    0            0     51733148       763096      6528244    0    0     0     6 1068   99   6   0  94   0   0 2026-08-25 13:59:15
   1    0            0     51227884       763096      6528244    0    0     0     0 1077  137   6   0  94   0   0 2026-08-25 13:59:20
   1    0            0     50856940       763096      6528244    0    0     0     3 1044   75   6   0  94   0   0 2026-08-25 13:59:25
   1    0            0     50855672       763096      6528244    0    0     0     0 1067   87   6   0  94   0   0 2026-08-25 13:59:30
   1    0            0     50871488       763096      6528244    0    0     0     3 1043   80   6   0  94   0   0 2026-08-25 13:59:35
   1    0            0     50872408       763096      6528244    0    0     0     0 1062   93   6   0  94   0   0 2026-08-25 13:59:40
   1    0            0     50874524       763096      6528244    0    0     0     3 1044   79   6   0  94   0   0 2026-08-25 13:59:45
   1    0            0     50866708       763096      6528244    0    0     0     0 1078   96   6   0  94   0   0 2026-08-25 13:59:50
   1    0            0     50866956       763096      6528244    0    0     0     4 1052   88   6   0  94   0   0 2026-08-25 13:59:55
   1    0            0     50870688       763096      6528244    0    0     0     0 1044   77   6   0  94   0   0 2026-08-25 14:00:00
   1    0            0     50867880       763096      6528244    0    0     0     6 1052   93   6   0  94   0   0 2026-08-25 14:00:05
--procs-- -----------------------memory---------------------- ---swap-- -----io---- -system-- --------cpu-------- -----timestamp-----
   r    b         swpd         free         buff        cache   si   so    bi    bo   in   cs  us  sy  id  wa  st                 UTC
   2    1            0     50869968       763096      6528244    0    0     0     2 1067   96   6   0  94   0   0 2026-08-25 14:00:10
   1    0            0     50861904       763096      6528244    0    0     0     2 1060   86   6   0  94   0   0 2026-08-25 14:00:15
   1    0            0     50861400       763096      6528244    0    0     0     2 1073  138   6   0  94   0   0 2026-08-25 14:00:20
   1    0            0     50853336       763096      6528244    0    0     0     1 1064  101   6   0  94   0   0 2026-08-25 14:00:25
   1    0            0     50853140       763096      6528244    0    0     0     2 1053   92   6   0  94   0   0 2026-08-25 14:00:30
   1    0            0     50845076       763096      6528244    0    0     0     2 1080  109   6   0  94   0   0 2026-08-25 14:00:35
   1    0            0     50845328       763096      6528244    0    0     0     2 1049   86   6   0  94   0   0 2026-08-25 14:00:40
   1    0            0     50837264       763096      6528244    0    0     0     1 1051   87   6   0  94   0   0 2026-08-25 14:00:45
   1    0            0     50837012       763096      6528244    0    0     0     2 1051   89   6   0  94   0   0 2026-08-25 14:00:50
   1    0            0     50828948       763096      6528244    0    0     0     1 1087  112   6   0  94   0   0 2026-08-25 14:00:55
   1    0            0     50828948       763096      6528244    0    0     0     2 1066   95   6   0  94   0   0 2026-08-25 14:01:00
   1    0            0     50828948       763096      6528244    0    0     0     1 1081  107   6   0  94   0   0 2026-08-25 14:01:05
   1    0            0     50820884       763096      6528244    0    0     0     3 1047   90   6   0  94   0   0 2026-08-25 14:01:10
   1    0            0     50820884       763096      6528244    0    0     0     1 1054   95   6   0  94   0   0 2026-08-25 14:01:15
   1    0            0     50812820       763096      6528248    0    0     0     2 1047   83   6   0  94   0   0 2026-08-25 14:01:20
   1    0            0     50813072       763096      6528248    0    0     0     2 1107  160   6   0  94   0   0 2026-08-25 14:01:25
   1    0            0     50807824       763096      6528248    0    0     0     4 1051   87   6   0  94   0   0 2026-08-25 14:01:30
   1    0            0     50807824       763096      6528248    0    0     0     1 1054   92   6   0  94   0   0 2026-08-25 14:01:35
   1    0            0     50799760       763096      6528248    0    0     0     2 1049   80   6   0  94   0   0 2026-08-25 14:01:40
   1    0            0     50799760       763096      6528248    0    0     0     1 1066   94   6   0  94   0   0 2026-08-25 14:01:45
   1    0            0     50791672       763096      6528248    0    0     0     5 1071   97   6   0  94   0   0 2026-08-25 14:01:50
--procs-- -----------------------memory---------------------- ---swap-- -----io---- -system-- --------cpu-------- -----timestamp-----
   r    b         swpd         free         buff        cache   si   so    bi    bo   in   cs  us  sy  id  wa  st                 UTC
   1    1            0     50791672       763096      6528248    0    0     0     2 1054   92   6   0  94   0   0 2026-08-25 14:01:55
   1    0            0     50783608       763096      6528248    0    0     0     1 1058   90   6   0  94   0   0 2026-08-25 14:02:00
   1    0            0     50783608       763096      6528248    0    0     0     3 1055   91   6   0  94   0   0 2026-08-25 14:02:05
   1    0            0     50783588       763096      6528248    0    0     0     0 1069   95   6   0  94   0   0 2026-08-25 14:02:10
   1    0            0     50775524       763096      6528248    0    0     0     3 1067  101   6   0  94   0   0 2026-08-25 14:02:15
   1    0            0     50775524       763096      6528248    0    0     0     0 1047   82   6   0  94   0   0 2026-08-25 14:02:20
   1    0            0     50767460       763096      6528248    0    0     0     3 1077  137   6   0  94   0   0 2026-08-25 14:02:25
   1    0            0     50767504       763096      6528248    0    0     0     0 1081  110   6   0  94   0   0 2026-08-25 14:02:30
   1    0            0     50759440       763096      6528248    0    0     0     4 1064  100   6   0  94   0   0 2026-08-25 14:02:35
   1    0            0     50759428       763096      6528248    0    0     0     0 1049   85   6   0  94   0   0 2026-08-25 14:02:40
   1    0            0     50751360       763096      6528248    0    0     0     3 1052   89   6   0  94   0   0 2026-08-25 14:02:45
   1    0            0     50751104       763096      6528248    0    0     0     0 1087  106   6   0  94   0   0 2026-08-25 14:02:50
   1    0            0     50745056       763096      6528248    0    0     0     3 1062   91   6   0  94   0   0 2026-08-25 14:02:55
   1    0            0     50745056       763096      6528248    0    0     0     0 1056   91   6   0  94   0   0 2026-08-25 14:03:00
   1    0            0     50736980       763096      6528248    0    0     0     3 1065  102   6   0  94   0   0 2026-08-25 14:03:05
   1    0            0     50736968       763096      6528248    0    0     0     0 1077   92   6   0  94   0   0 2026-08-25 14:03:10
   1    0            0     50736968       763096      6528248    0    0     0     4 1072  109   6   0  94   0   0 2026-08-25 14:03:15
   1    0            0     50728904       763096      6528248    0    0     0     0 1051   88   6   0  94   0   0 2026-08-25 14:03:20
   1    0            0     50728904       763096      6528248    0    0     0     3 1080  142   6   0  94   0   0 2026-08-25 14:03:25
   1    0            0     50722360       763096      6528248    0    0     0     0 1074  100   6   0  94   0   0 2026-08-25 14:03:30
   1    0            0     50723716       763096      6528248    0    0     0     3 1056   99   6   0  94   0   0 2026-08-25 14:03:35
--procs-- -----------------------memory---------------------- ---swap-- -----io---- -system-- --------cpu-------- -----timestamp-----
   r    b         swpd         free         buff        cache   si   so    bi    bo   in   cs  us  sy  id  wa  st                 UTC
   1    1            0     50716836       763096      6528248    0    0     0     2 1066   95   6   0  94   0   0 2026-08-25 14:03:40
   1    0            0     50717048       763096      6528248    0    0     0     2 1051   91   6   0  94   0   0 2026-08-25 14:03:45
   1    0            0     50708972       763096      6528252    0    0     0     4 1059   95   6   0  94   0   0 2026-08-25 14:03:50
   1    0            0     50708972       763096      6528252    0    0     0     2 1080  107   6   0  94   0   0 2026-08-25 14:03:55
   1    0            0     50700908       763096      6528252    0    0     0     2 1045   83   6   0  94   0   0 2026-08-25 14:04:00
   1    0            0     50700908       763096      6528252    0    0     0     1 1051   86   6   0  94   0   0 2026-08-25 14:04:05
   1    0            0     50692844       763096      6528252    0    0     0     2 1047   84   6   0  94   0   0 2026-08-25 14:04:10
   1    0            0     50692828       763096      6528252    0    0     0     1 1090  113   6   0  94   0   0 2026-08-25 14:04:15
   1    0            0     50692828       763096      6528252    0    0     0     2 1047   86   6   0  94   0   0 2026-08-25 14:04:20
   1    0            0     50684764       763096      6528252    0    0     0     1 1074  141   6   0  94   0   0 2026-08-25 14:04:25
   1    0            0     50684764       763096      6528252    0    0     0     3 1054   92   6   0  94   0   0 2026-08-25 14:04:30
   1    0            0     50676696       763096      6528252    0    0     0     1 1097  123   6   0  94   0   0 2026-08-25 14:04:35
   1    0            0     50677104       763096      6528252    0    0     0     2 1051   90   6   0  94   0   0 2026-08-25 14:04:40
   1    0            0     50669036       763096      6528252    0    0     0     1 1066   95   6   0  94   0   0 2026-08-25 14:04:45
   1    0            0     50669056       763096      6528252    0    0     0     2 1048   85   6   0  94   0   0 2026-08-25 14:04:50
   1    0            0     50660992       763096      6528252    0    0     0     1 1072  100   6   0  94   0   0 2026-08-25 14:04:55
   1    0            0     50660992       763096      6528252    0    0     0     2 1039   85   6   0  94   0   0 2026-08-25 14:05:00
   1    0            0     50653208       763096      6528252    0    0     0     9 1089  112   6   0  94   0   0 2026-08-25 14:05:05
   1    0            0     50653208       763096      6528252    0    0     0    10 1057   97   6   0  94   0   0 2026-08-25 14:05:10
   1    0            0     50645144       763096      6528252    0    0     0     1 1069  101   6   0  94   0   0 2026-08-25 14:05:15
   1    0            0     50645144       763096      6528252    0    0     0     2 1076   98   6   0  94   0   0 2026-08-25 14:05:20
--procs-- -----------------------memory---------------------- ---swap-- -----io---- -system-- --------cpu-------- -----timestamp-----
   r    b         swpd         free         buff        cache   si   so    bi    bo   in   cs  us  sy  id  wa  st                 UTC
   1    1            0     50645144       763096      6528252    0    0     0     2 1046   80   6   0  94   0   0 2026-08-25 14:05:25
   1    0            0     50637080       763096      6528252    0    0     0     1 1084  151   6   0  94   0   0 2026-08-25 14:05:30
   1    0            0     50637452       763096      6528252    0    0     0    35 1073  104   6   0  94   0   0 2026-08-25 14:05:35
   1    0            0     50629388       763096      6528252    0    0     0     6 1070   97   6   0  94   0   0 2026-08-25 14:05:40
   1    0            0     50629388       763096      6528252    0    0     0     1 1061   94   6   0  94   0   0 2026-08-25 14:05:45
   1    0            0     50621324       763096      6528252    0    0     0     2 1047   84   6   0  94   0   0 2026-08-25 14:05:50
   1    0            0     50621324       763100      6528256    0    0     0     2 1059   95   6   0  94   0   0 2026-08-25 14:05:55
   1    0            0     50613260       763100      6528256    0    0     0     6 1062   96   6   0  94   0   0 2026-08-25 14:06:00
   1    0            0     50613260       763100      6528256    0    0     0     1 1049   81   6   0  94   0   0 2026-08-25 14:06:05
   1    0            0     50605196       763100      6528256    0    0     0     9 1052   88   6   0  94   0   0 2026-08-25 14:06:10
   1    0            0     50605196       763100      6528256    0    0     0     1 1057   89   6   0  94   0   0 2026-08-25 14:06:15
   1    0            0     50597132       763100      6528256    0    0     0     2 1062   94   6   0  94   0   0 2026-08-25 14:06:20
   1    0            0     50597132       763100      6528256    0    0     0     1 1077  103   6   0  94   0   0 2026-08-25 14:06:25
   1    0            0     50597132       763100      6528256    0    0     0     2 1084  149   6   0  94   0   0 2026-08-25 14:06:30
   1    0            0     50589068       763100      6528256    0    0     0     1 1063  102   6   0  94   0   0 2026-08-25 14:06:35
   1    0            0     50589068       763100      6528256    0    0     0     2 1047   82   6   0  94   0   0 2026-08-25 14:06:40
   1    0            0     50580756       763100      6528256    0    0     0     1 1078  103   6   0  94   0   0 2026-08-25 14:06:45
   1    0            0     50580756       763100      6528256    0    0     0     3 1056   96   6   0  94   0   0 2026-08-25 14:06:50
   1    0            0     50572692       763100      6528256    0    0     0     1 1053   90   6   0  94   0   0 2026-08-25 14:06:55
   1    0            0     50572692       763100      6528256    0    0     0     2 1041   82   6   0  94   0   0 2026-08-25 14:07:00
   1    0            0     50564628       763100      6528256    0    0     0     1 1072  103   6   0  94   0   0 2026-08-25 14:07:05
--procs-- -----------------------memory---------------------- ---swap-- -----io---- -system-- --------cpu-------- -----timestamp-----
   r    b         swpd         free         buff        cache   si   so    bi    bo   in   cs  us  sy  id  wa  st                 UTC
   1    0            0     50564628       763100      6528256    0    0     0     2 1047   80   6   0  94   0   0 2026-08-25 14:07:10
   1    0            0     50556564       763100      6528256    0    0     0     1 1080  111   6   0  94   0   0 2026-08-25 14:07:15
   1    0            0     50556564       763100      6528256    0    0     0     2 1051   86   6   0  94   0   0 2026-08-25 14:07:20
   1    0            0     50548364       763100      6528256    0    0     0     1 1063   95   6   0  94   0   0 2026-08-25 14:07:25
   1    0            0     49822604       763100      6528256    0    0     0     3 1103  149   6   0  94   0   0 2026-08-25 14:07:30
   1    0            0     49822604       763100      6528256    0    0     0     1 1052   88   6   0  94   0   0 2026-08-25 14:07:35
   1    0            0     49814540       763100      6528256    0    0     0     2 1043   82   6   0  94   0   0 2026-08-25 14:07:40
   1    0            0     49806476       763100      6528256    0    0     0     1 1059   89   6   0  94   0   0 2026-08-25 14:07:45
   1    0            0     49806476       763100      6528256    0    0     0     2 1074  103   6   0  94   0   0 2026-08-25 14:07:50
   1    0            0     49798412       763100      6528256    0    0     0     1 1058   92   6   0  94   0   0 2026-08-25 14:07:55
   1    0            0     49790348       763100      6528256    0    0     0     2 1045   85   6   0  94   0   0 2026-08-25 14:08:00
   1    0            0     49790600       763100      6528256    0    0     0     1 1049   79   6   0  94   0   0 2026-08-25 14:08:05
   1    0            0     49782284       763100      6528256    0    0     0     3 1072   99   6   0  94   0   0 2026-08-25 14:08:10
   1    0            0     49773968       763100      6528260    0    0     0     2 1059   92   6   0  94   0   0 2026-08-25 14:08:15
   1    0            0     49741712       763100      6528260    0    0     0     5 1048   92   6   0  94   0   0 2026-08-25 14:08:20
   1    0            0     49725584       763100      6528260    0    0     0     1 1048   82   6   0  94   0   0 2026-08-25 14:08:25
   1    0            0     49717520       763100      6528260    0    0     0     2 1076  102   6   0  94   0   0 2026-08-25 14:08:30
   1    0            0     49717520       763100      6528260    0    0     0     1 1089  152   6   0  94   0   0 2026-08-25 14:08:35
   1    0            0     49717520       763100      6528260    0    0     0     2 1043   87   6   0  94   0   0 2026-08-25 14:08:40
   1    0            0     49709456       763100      6528260    0    0     0     1 1057   94   6   0  94   0   0 2026-08-25 14:08:45
