--procs-- -----------------------memory---------------------- ---swap-- -----io---- -system-- --------cpu-------- -----timestamp-----
   r    b         swpd         free         buff        cache   si   so    bi    bo   in   cs  us  sy  id  wa  st                 UTC
   1    0            0     58154864       710896      6153520    0    0     0     0    0    0   0   0 100   0   0 2026-08-24 12:30:26
   1    0            0     55866536       710896      6153548    0    0     0     0 1088  140   6   1  94   0   0 2026-08-24 12:30:31
   1    0            0     55866512       710896      6153552    0    0     0    12 1050   84   6   0  94   0   0 2026-08-24 12:30:36
   1    0            0     55866512       710896      6153552    0    0     0     4 1040   72   6   0  94   0   0 2026-08-24 12:30:41
   1    0            0     55866512       710896      6153552    0    0     0     2 1076   92   6   0  94   0   0 2026-08-24 12:30:46
   2    0            0     55866512       710896      6153552    0    0     0     2 1044   81   6   0  94   0   0 2026-08-24 12:30:51
   1    0            0     55866512       710896      6153552    0    0     0     1 1040   72   6   0  94   0   0 2026-08-24 12:30:56
   1    0            0     55866512       710896      6153552    0    0     0     2 1039   75   6   0  94   0   0 2026-08-24 12:31:01
   1    0            0     55866560       710896      6153552    0    0     0     1 1069   84   6   0  94   0   0 2026-08-24 12:31:06
   1    0            0     55866560       710896      6153552    0    0     0     2 1058   86   6   0  94   0   0 2026-08-24 12:31:11
   2    0            0     55866560       710896      6153552    0    0     0     1 1044   80   6   0  94   0   0 2026-08-24 12:31:16
   1    0            0     55866560       710896      6153552    0    0     0     2 1046   73   6   0  94   0   0 2026-08-24 12:31:21
   1    0            0     55866860       710896      6153552    0    0     0     1 1063   88   6   0  94   0   0 2026-08-24 12:31:26
   1    0            0     55866860       710896      6153552    0    0     0     2 1074  137   6   0  94   0   0 2026-08-24 12:31:31
   1    0            0     55866860       710896      6153552    0    0     0     1 1043   78   6   0  94   0   0 2026-08-24 12:31:36
   1    0            0     55866860       710896      6153552    0    0     0     2 1046   70   6   0  94   0   0 2026-08-24 12:31:41
   1    0            0     55866860       710896      6153552    0    0     0     1 1088   99   6   0  94   0   0 2026-08-24 12:31:46
   1    0            0     55866860       710896      6153552    0    0     0     2 1043   78   6   0  94   0   0 2026-08-24 12:31:51
   1    0            0     55866860       710896      6153552    0    0     0     1 1044   75   6   0  94   0   0 2026-08-24 12:31:56
   1    0            0     55866860       710896      6153552    0    0     0     2 1036   69   6   0  94   0   0 2026-08-24 12:32:01
   1    0            0     55866860       710896      6153552    0    0     0     4 1053   77   6   0  94   0   0 2026-08-24 12:32:06
--procs-- -----------------------memory---------------------- ---swap-- -----io---- -system-- --------cpu-------- -----timestamp-----
   r    b         swpd         free         buff        cache   si   so    bi    bo   in   cs  us  sy  id  wa  st                 UTC
   1    1            0     55867116       710896      6153552    0    0     0     3 1077   88   6   0  94   0   0 2026-08-24 12:32:11
   1    0            0     55867116       710896      6153552    0    0     0     1 1048   78   6   0  94   0   0 2026-08-24 12:32:16
   1    0            0     55867116       710896      6153552    0    0     0     4 1042   73   6   0  94   0   0 2026-08-24 12:32:21
   1    0            0     55867116       710896      6153552    0    0     0     0 1037   68   6   0  94   0   0 2026-08-24 12:32:26
   1    0            0     55867116       710896      6153552    0    0     0     4 1132  165   6   0  94   0   0 2026-08-24 12:32:31
   1    0            0     55867116       710896      6153552    0    0     0     0 1048   79   6   0  94   0   0 2026-08-24 12:32:36
   1    0            0     55867116       710896      6153556    0    0     0     4 1061   88   6   0  94   0   0 2026-08-24 12:32:41
   1    0            0     55780324       710896      6153556    0    0     0     4 1049   91   6   0  94   0   0 2026-08-24 12:32:46
   1    0            0     52232164       710896      6153556    0    0     0     6 1080  105   5   2  94   0   0 2026-08-24 12:32:51
   1    0            0     52216036       710896      6153556    0    0     0     1 1041   72   6   0  94   0   0 2026-08-24 12:32:56
   1    0            0     52216288       710896      6153556    0    0     0     2 1052   84   6   0  94   0   0 2026-08-24 12:33:01
   1    0            0     51442144       710896      6153556    0    0     0     1 1046   76   6   0  94   0   0 2026-08-24 12:33:06
   1    0            0     51345372       710896      6153556    0    0     0     2 1093  108   6   0  94   0   0 2026-08-24 12:33:11
   1    0            0     51345616       710896      6153556    0    0     0     1 1049   85   6   0  94   0   0 2026-08-24 12:33:16
   1    0            0     51337552       710896      6153556    0    0     0     2 1053   86   6   0  94   0   0 2026-08-24 12:33:21
   1    0            0     51337548       710896      6153556    0    0     0     1 1050   86   6   0  94   0   0 2026-08-24 12:33:26
   1    0            0     51329484       710896      6153556    0    0     0     2 1045   83   6   0  94   0   0 2026-08-24 12:33:31
   1    0            0     51329484       710896      6153556    0    0     0     1 1097  149   6   0  94   0   0 2026-08-24 12:33:36
   1    0            0     51325704       710896      6153556    0    0     0     2 1042   74   6   0  94   0   0 2026-08-24 12:33:41
   1    0            0     51325052       710896      6153556    0    0     0     1 1057   84   6   0  94   0   0 2026-08-24 12:33:46
   1    0            0     51319668       710896      6153556    0    0     0     2 1051   91   6   0  94   0   0 2026-08-24 12:33:51
--procs-- -----------------------memory---------------------- ---swap-- -----io---- -system-- --------cpu-------- -----timestamp-----
   r    b         swpd         free         buff        cache   si   so    bi    bo   in   cs  us  sy  id  wa  st                 UTC
   1    1            0     51321040       710896      6153556    0    0     0     2 1065   93   6   0  94   0   0 2026-08-24 12:33:56
   1    0            0     51321040       710896      6153556    0    0     0     1 1043   79   6   0  94   0   0 2026-08-24 12:34:01
   1    0            0     51312968       710896      6153556    0    0     0     4 1045   81   6   0  94   0   0 2026-08-24 12:34:06
   1    0            0     51313220       710896      6153556    0    0     0     0 1049   80   6   0  94   0   0 2026-08-24 12:34:11
   1    0            0     51305156       710896      6153556    0    0     0     4 1090  110   6   0  94   0   0 2026-08-24 12:34:16
   2    0            0     51305156       710896      6153556    0    0     0     0 1053   85   6   0  94   0   0 2026-08-24 12:34:21
   1    0            0     51297092       710896      6153556    0    0     0     4 1049   78   6   0  94   0   0 2026-08-24 12:34:26
   1    0            0     51297092       710896      6153556    0    0     0     0 1062   91   6   0  94   0   0 2026-08-24 12:34:31
   1    0            0     51289028       710896      6153556    0    0     0     4 1083  140   6   0  94   0   0 2026-08-24 12:34:36
   1    0            0     51289028       710896      6153556    0    0     0     0 1069   88   6   0  94   0   0 2026-08-24 12:34:41
   1    0            0     51280964       710896      6153556    0    0     0     4 1054   88   6   0  94   0   0 2026-08-24 12:34:46
   1    0            0     51280964       710896      6153556    0    0     0     0 1045   82   6   0  94   0   0 2026-08-24 12:34:51
   1    0            0     51272900       710896      6153556    0    0     0     4 1046   77   6   0  94   0   0 2026-08-24 12:34:56
   1    0            0     51272648       710896      6153556    0    0     0     8 1125  111   6   0  94   0   0 2026-08-24 12:35:01
   1    0            0     51272648       710896      6153560    0    0     0    45 1054   85   6   0  94   0   0 2026-08-24 12:35:06
   1    0            0     51272648       710896      6153560    0    0     0     5 1063   96   6   0  94   0   0 2026-08-24 12:35:11
   1    0            0     51264584       710896      6153560    0    0     0     4 1052   86   6   0  94   0   0 2026-08-24 12:35:16
   1    0            0     51264584       710896      6153560    0    0     0     2 1075   95   6   0  94   0   0 2026-08-24 12:35:21
   1    0            0     51256520       710896      6153560    0    0     0     2 1042   77   6   0  94   0   0 2026-08-24 12:35:26
   1    0            0     51256508       710896      6153560    0    0     0     1 1051   89   6   0  94   0   0 2026-08-24 12:35:31
   1    0            0     51248444       710896      6153560    0    0     0     2 1069  130   6   0  94   0   0 2026-08-24 12:35:36
--procs-- -----------------------memory---------------------- ---swap-- -----io---- -system-- --------cpu-------- -----timestamp-----
   r    b         swpd         free         buff        cache   si   so    bi    bo   in   cs  us  sy  id  wa  st                 UTC
   1    1            0     51248444       710896      6153560    0    0     0     2 1053   84   6   0  94   0   0 2026-08-24 12:35:41
   1    0            0     51240368       710896      6153560    0    0     0     1 1073   97   6   0  94   0   0 2026-08-24 12:35:46
   1    0            0     51240364       710896      6153560    0    0     0     4 1049   85   6   0  94   0   0 2026-08-24 12:35:51
   1    0            0     51240364       710896      6153560    0    0     0     0 1047   80   6   0  94   0   0 2026-08-24 12:35:56
   1    0            0     51223980       710896      6153560    0    0     0     4 1055   84   6   0  94   0   0 2026-08-24 12:36:01
   1    0            0     51224224       710896      6153560    0    0     0     0 1061   88   6   0  94   0   0 2026-08-24 12:36:06
   1    0            0     51224224       710896      6153560    0    0     0     4 1050   84   6   0  94   0   0 2026-08-24 12:36:11
   1    0            0     51216152       710896      6153560    0    0     0     0 1048   83   6   0  94   0   0 2026-08-24 12:36:16
   1    0            0     51216140       710896      6153560    0    0     0     4 1053   84   6   0  94   0   0 2026-08-24 12:36:21
   1    0            0     51208072       710896      6153560    0    0     0     0 1066   94   6   0  94   0   0 2026-08-24 12:36:26
   1    0            0     51208072       710896      6153560    0    0     0     4 1055   85   6   0  94   0   0 2026-08-24 12:36:31
   1    0            0     51200008       710896      6153560    0    0     0     0 1087  147   6   0  94   0   0 2026-08-24 12:36:36
   1    0            0     51200004       710896      6153560    0    0     0     4 1046   76   6   0  94   0   0 2026-08-24 12:36:41
   1    0            0     51191936       710896      6153560    0    0     0     0 1083  106   6   0  94   0   0 2026-08-24 12:36:46
   1    0            0     51191932       710896      6153560    0    0     0     4 1053   88   6   0  94   0   0 2026-08-24 12:36:51
   1    0            0     51184120       710896      6153560    0    0     0     0 1042   82   6   0  94   0   0 2026-08-24 12:36:56
   1    0            0     51184112       710896      6153560    0    0     0     4 1046   83   6   0  94   0   0 2026-08-24 12:37:01
   1    0            0     51184112       710896      6153560    0    0     0     0 1069   86   6   0  94   0   0 2026-08-24 12:37:06
   1    0            0     51176048       710896      6153560    0    0     0     4 1050   84   6   0  94   0   0 2026-08-24 12:37:11
   1    0            0     51176048       710896      6153560    0    0     0     0 1043   76   6   0  94   0   0 2026-08-24 12:37:16
   1    0            0     51167984       710896      6153560    0    0     0     4 1054   81   6   0  94   0   0 2026-08-24 12:37:21
--procs-- -----------------------memory---------------------- ---swap-- -----io---- -system-- --------cpu-------- -----timestamp-----
   r    b         swpd         free         buff        cache   si   so    bi    bo   in   cs  us  sy  id  wa  st                 UTC
   1    1            0     51167984       710896      6153564    0    0     0     2 1042   71   6   0  94   0   0 2026-08-24 12:37:26
   1    0            0     51159920       710896      6153564    0    0     0     2 1080  107   6   0  94   0   0 2026-08-24 12:37:31
   1    0            0     51159920       710896      6153564    0    0     0     4 1040   77   6   0  94   0   0 2026-08-24 12:37:36
   1    0            0     51151856       710896      6153564    0    0     0     2 1092  141   6   0  94   0   0 2026-08-24 12:37:41
   1    0            0     51151856       710896      6153564    0    0     0     2 1044   82   6   0  94   0   0 2026-08-24 12:37:46
   1    0            0     51143792       710896      6153564    0    0     0     1 1070   96   6   0  94   0   0 2026-08-24 12:37:51
   1    0            0     51143784       710896      6153564    0    0     0     2 1039   75   6   0  94   0   0 2026-08-24 12:37:56
   1    0            0     51135720       710896      6153564    0    0     0     1 1055   87   6   0  94   0   0 2026-08-24 12:38:01
   1    0            0     51135720       710896      6153564    0    0     0     2 1043   74   6   0  94   0   0 2026-08-24 12:38:06
   1    0            0     51135720       710896      6153564    0    0     0     1 1090  103   6   0  94   0   0 2026-08-24 12:38:11
   1    0            0     51127656       710896      6153564    0    0     0     2 1042   79   6   0  94   0   0 2026-08-24 12:38:16
   1    0            0     51127656       710896      6153564    0    0     0     1 1049   81   6   0  94   0   0 2026-08-24 12:38:21
   1    0            0     51119592       710896      6153564    0    0     0     2 1045   80   6   0  94   0   0 2026-08-24 12:38:26
   1    0            0     51119592       710896      6153564    0    0     0     1 1082  108   6   0  94   0   0 2026-08-24 12:38:31
   1    0            0     51111528       710896      6153564    0    0     0     2 1057   90   6   0  94   0   0 2026-08-24 12:38:36
   1    0            0     51111528       710896      6153564    0    0     0     1 1075  132   6   0  94   0   0 2026-08-24 12:38:41
   1    0            0     51103464       710896      6153564    0    0     0     2 1047   84   6   0  94   0   0 2026-08-24 12:38:46
   1    0            0     51103464       710896      6153564    0    0     0     1 1047   81   6   0  94   0   0 2026-08-24 12:38:51
   1    0            0     51095400       710896      6153564    0    0     0     2 1065   90   6   0  94   0   0 2026-08-24 12:38:56
   1    0            0     51095400       710896      6153564    0    0     0     1 1045   79   6   0  94   0   0 2026-08-24 12:39:01
   1    0            0     51087588       710896      6153564    0    0     0     2 1054   89   6   0  94   0   0 2026-08-24 12:39:06
--procs-- -----------------------memory---------------------- ---swap-- -----io---- -system-- --------cpu-------- -----timestamp-----
   r    b         swpd         free         buff        cache   si   so    bi    bo   in   cs  us  sy  id  wa  st                 UTC
   1    1            0     51087588       710896      6153564    0    0     0     2 1048   84   6   0  94   0   0 2026-08-24 12:39:11
   1    0            0     51087588       710896      6153564    0    0     0     1 1102  111   6   0  94   0   0 2026-08-24 12:39:16
   1    0            0     51079524       710896      6153564    0    0     0     4 1040   76   6   0  94   0   0 2026-08-24 12:39:21
   1    0            0     51079524       710896      6153564    0    0     0     0 1045   78   6   0  94   0   0 2026-08-24 12:39:26
   1    0            0     51071460       710896      6153564    0    0     0     4 1052   91   6   0  94   0   0 2026-08-24 12:39:31
   1    0            0     51071460       710896      6153564    0    0     0     0 1073   92   6   0  94   0   0 2026-08-24 12:39:36
   1    0            0     51063396       710896      6153564    0    0     0     4 1073  133   6   0  94   0   0 2026-08-24 12:39:41
   1    0            0     51063144       710896      6153568    0    0     0     4 1049   83   6   0  94   0   0 2026-08-24 12:39:46
   1    0            0     51055080       710896      6153568    0    0     0     2 1054   89   6   0  94   0   0 2026-08-24 12:39:51
   1    0            0     51055080       710896      6153568    0    0     0     2 1040   75   6   0  94   0   0 2026-08-24 12:39:56
   1    0            0     51047016       710896      6153568    0    0     0     5 1077   96   6   0  94   0   0 2026-08-24 12:40:01
   1    0            0     51047016       710896      6153568    0    0     0    26 1086  117   6   0  94   0   0 2026-08-24 12:40:06
   1    0            0     51038952       710896      6153568    0    0     0     5 1062   97   6   0  94   0   0 2026-08-24 12:40:11
   1    0            0     51038952       710896      6153568    0    0     0     2 1042   72   6   0  94   0   0 2026-08-24 12:40:16
   1    0            0     51038952       710896      6153568    0    0     0     2 1073   97   6   0  94   0   0 2026-08-24 12:40:21
   1    0            0     51030888       710896      6153568    0    0     0     1 1043   73   6   0  94   0   0 2026-08-24 12:40:26
   1    0            0     51030888       710896      6153568    0    0     0     2 1060   94   6   0  94   0   0 2026-08-24 12:40:31
   1    0            0     51022824       710896      6153568    0    0     0     1 1063   91   6   0  94   0   0 2026-08-24 12:40:36
   1    0            0     51022824       710896      6153568    0    0     0     2 1065   90   6   0  94   0   0 2026-08-24 12:40:41
   1    0            0     51014760       710896      6153568    0    0     0     1 1076  129   6   0  94   0   0 2026-08-24 12:40:46
   1    0            0     51014536       710896      6153568    0    0     0     2 1059   92   6   0  94   0   0 2026-08-24 12:40:51
--procs-- -----------------------memory---------------------- ---swap-- -----io---- -system-- --------cpu-------- -----timestamp-----
   r    b         swpd         free         buff        cache   si   so    bi    bo   in   cs  us  sy  id  wa  st                 UTC
   1    1            0     51006472       710896      6153568    0    0     0     2 1044   74   6   0  94   0   0 2026-08-24 12:40:56
   1    0            0     51006472       710896      6153568    0    0     0     1 1055   80   6   0  94   0   0 2026-08-24 12:41:01
   1    0            0     50998408       710896      6153568    0    0     0     4 1084  106   6   0  94   0   0 2026-08-24 12:41:06
   1    0            0     50998408       710896      6153568    0    0     0     0 1051   81   6   0  94   0   0 2026-08-24 12:41:11
   1    0            0     50264836       710896      6153568    0    0     0     4 1043   76   6   0  94   0   0 2026-08-24 12:41:16
   1    0            0     50256772       710896      6153568    0    0     0     0 1044   79   6   0  94   0   0 2026-08-24 12:41:21
   1    1            0     50248708       710896      6153568    0    0     0     4 1076   96   6   0  94   0   0 2026-08-24 12:41:26
   1    0            0     50248708       710896      6153568    0    0     0     0 1048   84   6   0  94   0   0 2026-08-24 12:41:31
   1    0            0     50240644       710896      6153568    0    0     0     4 1048   79   6   0  94   0   0 2026-08-24 12:41:36
   1    0            0     50232580       710896      6153568    0    0     0     0 1041   75   6   0  94   0   0 2026-08-24 12:41:41
   1    0            0     50232580       710896      6153568    0    0     0     4 1121  159   6   0  94   0   0 2026-08-24 12:41:46
   1    0            0     50224516       710896      6153568    0    0     0     0 1054   85   6   0  94   0   0 2026-08-24 12:41:51
   1    0            0     50217208       710896      6153568    0    0     0     4 1049   84   6   0  94   0   0 2026-08-24 12:41:56
   1    0            0     50217880       710896      6153572    0    0     0     0 1042   72   6   0  94   0   0 2026-08-24 12:42:01
   1    0            0     50177560       710900      6153572    0    0     0     4 1067   88   6   0  94   0   0 2026-08-24 12:42:06
   1    0            0     50161432       710900      6153572    0    0     0     6 1060   86   6   0  94   0   0 2026-08-24 12:42:11
   1    0            0     50161432       710900      6153572    0    0     0     5 1058   88   6   0  94   0   0 2026-08-24 12:42:16
   1    0            0     50161432       710900      6153572    0    0     0     2 1041   74   6   0  94   0   0 2026-08-24 12:42:21
   1    0            0     50154724       710900      6153572    0    0     0     1 1066   84   6   0  94   0   0 2026-08-24 12:42:26
   1    0            0     50155616       710900      6153572    0    0     0     2 1055   83   6   0  94   0   0 2026-08-24 12:42:31
