command: /usr/bin/time --verbose --output=/home/user/small-client-pir/native/logs/512mib/20260825T133249Z-826082/build.time.txt env -u http_proxy -u https_proxy -u all_proxy -u HTTP_PROXY -u HTTPS_PROXY -u ALL_PROXY /home/user/small-client-pir/native/tools/bazel-6.5.0 --batch --output_user_root=/home/user/small-client-pir/native/cache/bazel-user build --noenable_bzlmod --override_repository=com_gitlab_libeigen-eigen=/home/user/small-client-pir/native/vendor/eigen-3.4.0 --jobs=2 --repository_cache=/home/user/small-client-pir/native/cache/repository --disk_cache=/home/user/small-client-pir/native/cache/disk --symlink_prefix=/home/user/small-client-pir/native/cache/symlinks/bazel- --color=no --curses=no -c opt --cxxopt=-std=c++17 --cxxopt=-w --copt=-w --verbose_failures //hintless_simplepir:new_pir_test
INFO: Invocation ID: 51d4a1ae-3048-46f5-8569-89b069d7649c
Loading: 
Loading: 
Loading: 0 packages loaded
Analyzing: target //hintless_simplepir:new_pir_test (1 packages loaded, 0 targets configured)
INFO: Analyzed target //hintless_simplepir:new_pir_test (92 packages loaded, 3070 targets configured).
 checking cached actions
INFO: Found 1 target...
[1 / 125] [Prepa] BazelWorkspaceStatusAction stable-status.txt
[37 / 188] Compiling bazel/expanded_template/expand_template.cc [for tool]; 0s remote-cache, linux-sandbox ... (4 actions running)
[38 / 188] Compiling bazel/expanded_template/expand_template.cc [for tool]; 1s remote-cache, linux-sandbox ... (4 actions running)
[121 / 259] Compiling verisimplepir/src/lib/pir/pir.cpp; 0s remote-cache, linux-sandbox ... (4 actions running)
[123 / 259] Compiling hintless_simplepir/client.cc; 1s remote-cache, linux-sandbox ... (3 actions, 2 running)
[125 / 259] Compiling hintless_simplepir/client.cc; 2s remote-cache, linux-sandbox ... (3 actions, 2 running)
[127 / 259] Compiling hintless_simplepir/client.cc; 4s remote-cache, linux-sandbox ... (3 actions, 2 running)
[131 / 259] Compiling verisimplepir/src/lib/math/prng.cpp; 0s remote-cache, linux-sandbox ... (3 actions, 2 running)
[132 / 259] Compiling hintless_simplepir/new_pir_test.cc; 1s remote-cache, linux-sandbox ... (4 actions running)
[134 / 259] Compiling hintless_simplepir/new_pir_test.cc; 2s remote-cache, linux-sandbox ... (4 actions running)
[137 / 259] Compiling hintless_simplepir/new_pir_test.cc; 3s remote-cache, linux-sandbox ... (3 actions, 2 running)
[149 / 272] Compiling verisimplepir/src/lib/math/aes.cpp; 1s remote-cache, linux-sandbox ... (4 actions running)
[152 / 272] Compiling linpir/client.cc; 1s remote-cache, linux-sandbox ... (4 actions running)
[173 / 286] Compiling linpir/client.cc; 3s remote-cache, linux-sandbox ... (3 actions, 2 running)
[200 / 312] Compiling hintless_simplepir/server.cc; 0s remote-cache, linux-sandbox ... (3 actions, 2 running)
[212 / 319] Compiling hintless_simplepir/server.cc; 1s remote-cache, linux-sandbox ... (3 actions, 2 running)
[224 / 343] Compiling hintless_simplepir/server.cc; 2s remote-cache, linux-sandbox ... (3 actions, 2 running)
[231 / 347] Compiling hintless_simplepir/database_hwy.cc; 0s remote-cache, linux-sandbox ... (3 actions, 2 running)
[232 / 347] Compiling hintless_simplepir/database_hwy.cc; 1s remote-cache, linux-sandbox ... (4 actions running)
[236 / 347] Compiling hintless_simplepir/database_hwy.cc; 2s remote-cache, linux-sandbox ... (3 actions, 2 running)
[244 / 351] Compiling hintless_simplepir/inner_product_hwy.cc; 1s remote-cache, linux-sandbox ... (3 actions, 2 running)
[245 / 351] Compiling hintless_simplepir/inner_product_hwy.cc; 2s remote-cache, linux-sandbox ... (4 actions running)
[258 / 366] Compiling hintless_simplepir/inner_product_hwy.cc; 3s remote-cache, linux-sandbox ... (3 actions, 2 running)
[260 / 366] Compiling hintless_simplepir/inner_product_hwy.cc; 5s remote-cache, linux-sandbox ... (3 actions, 2 running)
[262 / 366] Compiling hintless_simplepir/inner_product_hwy.cc; 6s remote-cache, linux-sandbox ... (3 actions, 2 running)
[275 / 375] Compiling hintless_simplepir/serialization.pb.cc; 0s remote-cache, linux-sandbox ... (3 actions, 2 running)
[292 / 394] Compiling linpir/server.cc; 0s remote-cache, linux-sandbox ... (4 actions running)
[294 / 394] Compiling linpir/server.cc; 1s remote-cache, linux-sandbox ... (4 actions running)
[295 / 394] Compiling linpir/server.cc; 2s remote-cache, linux-sandbox ... (4 actions running)
[307 / 402] Compiling linpir/server.cc; 4s remote-cache, linux-sandbox ... (3 actions, 2 running)
[320 / 419] Compiling linpir/database.cc; 0s remote-cache, linux-sandbox ... (3 actions, 2 running)
[321 / 419] Compiling linpir/database.cc; 1s remote-cache, linux-sandbox ... (3 actions, 2 running)
[323 / 419] Compiling linpir/database.cc; 2s remote-cache, linux-sandbox ... (3 actions, 2 running)
[335 / 427] Compiling shell_encryption/rns/finite_field_encoder.cc; 0s remote-cache, linux-sandbox ... (3 actions, 2 running)
[339 / 435] Compiling shell_encryption/rns/finite_field_encoder.cc; 1s remote-cache, linux-sandbox ... (4 actions running)
[342 / 435] Compiling absl/time/clock.cc; 0s remote-cache, linux-sandbox ... (3 actions, 2 running)
[360 / 448] Compiling shell_encryption/rns/rns_galois_key.cc; 0s remote-cache, linux-sandbox ... (3 actions, 2 running)
[369 / 458] Compiling shell_encryption/rns/rns_galois_key.cc; 1s remote-cache, linux-sandbox ... (3 actions, 2 running)
[377 / 462] Compiling shell_encryption/rns/rns_galois_key.cc; 2s remote-cache, linux-sandbox ... (3 actions, 2 running)
[391 / 474] Compiling shell_encryption/rns/rns_galois_key.cc; 3s remote-cache, linux-sandbox ... (4 actions running)
[397 / 489] Compiling shell_encryption/rns/rns_galois_key.cc; 5s remote-cache, linux-sandbox ... (3 actions, 2 running)
[400 / 489] Compiling shell_encryption/rns/rns_galois_key.cc; 6s remote-cache, linux-sandbox ... (3 actions, 2 running)
[410 / 496] Compiling shell_encryption/rns/rns_gadget.cc; 0s remote-cache, linux-sandbox ... (3 actions, 2 running)
[412 / 496] Compiling shell_encryption/rns/rns_gadget.cc; 1s remote-cache, linux-sandbox ... (3 actions, 2 running)
[414 / 496] Compiling shell_encryption/rns/rns_gadget.cc; 2s remote-cache, linux-sandbox ... (3 actions, 2 running)
[424 / 503] Compiling absl/strings/internal/cordz_handle.cc; 0s remote-cache, linux-sandbox ... (4 actions running)
[441 / 523] Compiling shell_encryption/rns/rns_secret_key.cc; 1s remote-cache, linux-sandbox ... (4 actions running)
[444 / 523] Compiling shell_encryption/rns/rns_secret_key.cc; 2s remote-cache, linux-sandbox ... (3 actions, 2 running)
[450 / 526] Compiling shell_encryption/rns/coefficient_encoder.cc; 1s remote-cache, linux-sandbox ... (3 actions, 2 running)
[458 / 532] Compiling shell_encryption/rns/coefficient_encoder.cc; 2s remote-cache, linux-sandbox ... (4 actions running)
[470 / 543] Compiling shell_encryption/sampler/discrete_gaussian.cc; 1s remote-cache, linux-sandbox ... (3 actions, 2 running)
[474 / 546] Compiling absl/strings/cord.cc; 1s remote-cache, linux-sandbox ... (4 actions running)
[485 / 556] Compiling shell_encryption/rns/rns_bfv_ciphertext.cc; 2s remote-cache, linux-sandbox ... (3 actions, 2 running)
[486 / 556] Compiling shell_encryption/rns/rns_bfv_ciphertext.cc; 4s remote-cache, linux-sandbox ... (4 actions running)
[498 / 564] Compiling shell_encryption/rns/rns_bgv_ciphertext.cc; 0s remote-cache, linux-sandbox ... (3 actions, 2 running)
[503 / 570] Compiling shell_encryption/rns/rns_bgv_ciphertext.cc; 1s remote-cache, linux-sandbox ... (3 actions, 2 running)
[505 / 570] Compiling shell_encryption/rns/rns_bgv_ciphertext.cc; 2s remote-cache, linux-sandbox ... (3 actions, 2 running)
[511 / 580] Compiling src/symbolize.cc; 0s remote-cache, linux-sandbox ... (3 actions, 2 running)
[517 / 583] Compiling shell_encryption/rns/rns_ciphertext.cc; 1s remote-cache, linux-sandbox ... (3 actions, 2 running)
[518 / 583] Compiling shell_encryption/rns/rns_ciphertext.cc; 2s remote-cache, linux-sandbox ... (3 actions, 2 running)
[523 / 600] Compiling shell_encryption/rns/rns_ciphertext.cc; 3s remote-cache, linux-sandbox ... (4 actions running)
[524 / 600] Compiling googletest/src/gtest.cc; 2s remote-cache, linux-sandbox ... (3 actions, 2 running)
[528 / 604] Compiling googletest/src/gtest.cc; 3s remote-cache, linux-sandbox ... (4 actions running)
[534 / 607] Compiling shell_encryption/rns/rns_polynomial_hwy.cc; 0s remote-cache, linux-sandbox ... (3 actions, 2 running)
[535 / 607] Compiling shell_encryption/rns/rns_polynomial_hwy.cc; 2s remote-cache, linux-sandbox ... (4 actions running)
[536 / 607] Compiling shell_encryption/rns/rns_polynomial_hwy.cc; 3s remote-cache, linux-sandbox ... (4 actions running)
[538 / 607] Compiling shell_encryption/rns/rns_polynomial_hwy.cc; 4s remote-cache, linux-sandbox ... (3 actions, 2 running)
[543 / 614] Compiling googletest/src/gtest-death-test.cc; 0s remote-cache, linux-sandbox ... (3 actions, 2 running)
[546 / 614] Compiling hwy/per_target.cc; 1s remote-cache, linux-sandbox ... (3 actions, 2 running)
[547 / 614] Compiling hwy/per_target.cc; 2s remote-cache, linux-sandbox ... (3 actions, 2 running)
[548 / 614] Compiling googlemock/src/gmock-spec-builders.cc; 1s remote-cache, linux-sandbox ... (3 actions, 2 running)
[556 / 618] Compiling googlemock/src/gmock-matchers.cc; 1s remote-cache, linux-sandbox ... (4 actions running)
[557 / 618] Compiling shell_encryption/rns/rns_polynomial.cc; 1s remote-cache, linux-sandbox ... (4 actions running)
[564 / 977] Compiling shell_encryption/rns/rns_polynomial.cc; 2s remote-cache, linux-sandbox
[582 / 977] Compiling shell_encryption/rns/rns_polynomial.cc; 3s remote-cache, linux-sandbox ... (3 actions, 2 running)
[598 / 977] Compiling shell_encryption/rns/rns_polynomial.cc; 4s remote-cache, linux-sandbox ... (3 actions, 2 running)
[617 / 977] Compiling shell_encryption/rns/rns_polynomial.cc; 5s remote-cache, linux-sandbox ... (3 actions, 2 running)
[640 / 981] Compiling external/com_github_google_shell-encryption/shell_encryption/rns/serialization.pb.cc; 0s remote-cache, linux-sandbox ... (3 actions, 2 running)
[662 / 984] Compiling lwe/utils.cc; 0s remote-cache, linux-sandbox ... (3 actions, 2 running)
[674 / 992] Compiling shell_encryption/prng/chacha_prng_util.cc; 0s remote-cache, linux-sandbox ... (3 actions, 2 running)
[698 / 1,031] Compiling src/ssl/tls13_server.cc; 0s remote-cache, linux-sandbox ... (3 actions, 2 running)
[717 / 1,031] Compiling src/ssl/tls13_enc.cc; 0s remote-cache, linux-sandbox ... (3 actions, 2 running)
[730 / 1,031] Compiling src/ssl/tls13_both.cc; 0s remote-cache, linux-sandbox ... (3 actions, 2 running)
[743 / 1,031] Compiling src/ssl/ssl_x509.cc; 0s remote-cache, linux-sandbox ... (3 actions, 2 running)
[755 / 1,031] Compiling src/ssl/ssl_transcript.cc; 0s remote-cache, linux-sandbox ... (3 actions, 2 running)
[768 / 1,031] Compiling src/ssl/ssl_session.cc; 0s remote-cache, linux-sandbox ... (3 actions, 2 running)
[777 / 1,031] Compiling src/ssl/ssl_privkey.cc; 0s remote-cache, linux-sandbox ... (3 actions, 2 running)
[788 / 1,031] Compiling src/crypto/x509/x509_cmp.c; 0s remote-cache, linux-sandbox ... (3 actions, 2 running)
[800 / 1,031] Compiling src/ssl/ssl_file.cc; 0s remote-cache, linux-sandbox ... (3 actions, 2 running)
[812 / 1,031] Compiling src/ssl/ssl_cert.cc; 0s remote-cache, linux-sandbox ... (3 actions, 2 running)
[834 / 1,034] Compiling src/ssl/ssl_asn1.cc; 0s remote-cache, linux-sandbox ... (3 actions, 2 running)
[837 / 1,034] Compiling shell_encryption/rns/rns_context.cc; 1s remote-cache, linux-sandbox ... (3 actions, 2 running)
[839 / 1,034] Compiling shell_encryption/rns/rns_context.cc; 2s remote-cache, linux-sandbox ... (3 actions, 2 running)
[840 / 1,034] Compiling shell_encryption/rns/rns_context.cc; 3s remote-cache, linux-sandbox ... (4 actions running)
[841 / 1,034] Compiling shell_encryption/rns/rns_context.cc; 4s remote-cache, linux-sandbox ... (4 actions running)
[844 / 1,034] Compiling src/ssl/extensions.cc; 0s remote-cache, linux-sandbox ... (3 actions, 2 running)
[858 / 1,034] Compiling src/ssl/encrypted_client_hello.cc; 0s remote-cache, linux-sandbox ... (3 actions, 2 running)
[870 / 1,034] Compiling src/ssl/d1_srtp.cc; 0s remote-cache, linux-sandbox ... (3 actions, 2 running)
[876 / 1,034] Compiling src/crypto/fipsmodule/bcm.c; 0s remote-cache, linux-sandbox ... (4 actions running)
[884 / 1,040] Compiling src/crypto/fipsmodule/bcm.c; 2s remote-cache, linux-sandbox ... (4 actions running)
[885 / 1,040] Compiling src/crypto/fipsmodule/bcm.c; 5s remote-cache, linux-sandbox ... (3 actions, 2 running)
[893 / 1,046] Compiling src/crypto/fipsmodule/bcm.c; 6s remote-cache, linux-sandbox ... (3 actions, 2 running)
[904 / 1,104] Compiling external/com_github_google_shell-encryption/shell_encryption/serialization.pb.cc; 1s remote-cache, linux-sandbox ... (4 actions running)
[910 / 1,138] Compiling src/google/protobuf/wire_format.cc; 0s remote-cache, linux-sandbox ... (3 actions, 2 running)
[912 / 1,138] Compiling src/google/protobuf/stubs/structurally_valid.cc; 0s remote-cache, linux-sandbox ... (3 actions, 2 running)
[915 / 1,138] Compiling src/google/protobuf/util/type_resolver_util.cc; 1s remote-cache, linux-sandbox ... (3 actions, 2 running)
[920 / 1,138] Compiling src/google/protobuf/util/message_differencer.cc; 0s remote-cache, linux-sandbox ... (3 actions, 2 running)
[922 / 1,138] Compiling src/google/protobuf/util/message_differencer.cc; 1s remote-cache, linux-sandbox ... (3 actions, 2 running)
[923 / 1,138] Compiling src/google/protobuf/util/message_differencer.cc; 2s remote-cache, linux-sandbox ... (4 actions running)
[927 / 1,138] Compiling src/google/protobuf/util/internal/utility.cc; 0s remote-cache, linux-sandbox ... (3 actions, 2 running)
[929 / 1,138] Compiling src/google/protobuf/util/internal/type_info.cc; 0s remote-cache, linux-sandbox ... (4 actions running)
[932 / 1,138] Compiling src/google/protobuf/util/internal/protostream_objectwriter.cc; 0s remote-cache, linux-sandbox ... (4 actions running)
[936 / 1,138] Compiling src/google/protobuf/util/internal/protostream_objectsource.cc; 0s remote-cache, linux-sandbox ... (3 actions, 2 running)
[940 / 1,138] Compiling src/google/protobuf/util/internal/proto_writer.cc; 0s remote-cache, linux-sandbox ... (3 actions, 2 running)
[943 / 1,138] Compiling src/google/protobuf/util/internal/object_writer.cc; 0s remote-cache, linux-sandbox ... (3 actions, 2 running)
[945 / 1,138] Compiling src/google/protobuf/generated_message_tctable_lite.cc; 1s remote-cache, linux-sandbox ... (4 actions running)
[952 / 1,155] Compiling inflate.c; 0s remote-cache, linux-sandbox ... (4 actions running)
[961 / 1,155] Compiling src/google/protobuf/util/internal/error_listener.cc; 0s remote-cache, linux-sandbox ... (3 actions, 2 running)
[970 / 1,155] Compiling src/google/protobuf/extension_set.cc; 0s remote-cache, linux-sandbox ... (3 actions, 2 running)
[971 / 1,155] Compiling src/google/protobuf/util/internal/datapiece.cc; 1s remote-cache, linux-sandbox ... (3 actions, 2 running)
[974 / 1,155] Compiling src/google/protobuf/util/field_mask_util.cc; 0s remote-cache, linux-sandbox ... (4 actions running)
[985 / 1,162] Compiling src/google/protobuf/util/field_comparator.cc; 0s remote-cache, linux-sandbox ... (4 actions running)
[992 / 1,165] Compiling lwe/matrix_conversion.cc; 1s remote-cache, linux-sandbox ... (3 actions, 2 running)
[997 / 1,168] Compiling googlemock/src/gmock_main.cc; 0s remote-cache, linux-sandbox ... (3 actions, 2 running)
[1,008 / 1,176] Compiling src/google/protobuf/text_format.cc; 0s remote-cache, linux-sandbox ... (4 actions running)
[1,022 / 1,188] Compiling src/google/protobuf/text_format.cc; 2s remote-cache, linux-sandbox ... (3 actions, 2 running)
[1,039 / 1,202] Compiling src/google/protobuf/struct.pb.cc; 0s remote-cache, linux-sandbox ... (4 actions running)
[1,049 / 1,209] Compiling src/google/protobuf/source_context.pb.cc; 0s remote-cache, linux-sandbox ... (3 actions, 2 running)
[1,061 / 1,218] Compiling src/google/protobuf/reflection_ops.cc; 1s remote-cache, linux-sandbox ... (4 actions running)
[1,069 / 1,224] Compiling src/google/protobuf/message.cc; 0s remote-cache, linux-sandbox ... (4 actions running)
[1,076 / 1,228] Compiling src/google/protobuf/map_field.cc; 0s remote-cache, linux-sandbox ... (3 actions, 2 running)
[1,085 / 1,234] Compiling tink/internal/md_util.cc; 0s remote-cache, linux-sandbox ... (3 actions, 2 running)
[1,095 / 1,240] Compiling src/google/protobuf/io/gzip_stream.cc; 0s remote-cache, linux-sandbox ... (3 actions, 2 running)
[1,104 / 1,246] Compiling src/google/protobuf/generated_message_reflection.cc; 0s remote-cache, linux-sandbox ... (4 actions running)
[1,113 / 1,252] Compiling src/google/protobuf/generated_message_reflection.cc; 2s remote-cache, linux-sandbox ... (3 actions, 2 running)
[1,141 / 1,275] Compiling src/google/protobuf/field_mask.pb.cc; 0s remote-cache, linux-sandbox ... (3 actions, 2 running)
[1,155 / 1,285] Compiling src/google/protobuf/extension_set_heavy.cc; 0s remote-cache, linux-sandbox ... (3 actions, 2 running)
[1,165 / 1,291] Compiling src/google/protobuf/dynamic_message.cc; 0s remote-cache, linux-sandbox ... (3 actions, 2 running)
[1,175 / 1,299] Compiling absl/log/globals.cc; 0s remote-cache, linux-sandbox ... (3 actions, 2 running)
[1,183 / 1,304] Compiling src/google/protobuf/descriptor_database.cc; 0s remote-cache, linux-sandbox ... (3 actions, 2 running)
[1,194 / 1,313] Compiling src/google/protobuf/descriptor_database.cc; 1s remote-cache, linux-sandbox ... (4 actions running)
[1,205 / 1,320] Compiling src/google/protobuf/descriptor.pb.cc; 0s remote-cache, linux-sandbox ... (3 actions, 2 running)
[1,222 / 1,323] Compiling src/google/protobuf/descriptor.pb.cc; 1s remote-cache, linux-sandbox ... (3 actions, 2 running)
[1,236 / 1,323] Compiling src/google/protobuf/descriptor.pb.cc; 2s remote-cache, linux-sandbox ... (3 actions, 2 running)
[1,249 / 1,323] Compiling src/google/protobuf/descriptor.cc; 0s remote-cache, linux-sandbox ... (3 actions, 2 running)
[1,262 / 1,323] Compiling src/google/protobuf/descriptor.cc; 1s remote-cache, linux-sandbox ... (3 actions, 2 running)
[1,275 / 1,323] Compiling src/google/protobuf/descriptor.cc; 2s remote-cache, linux-sandbox ... (3 actions, 2 running)
[1,284 / 1,323] Compiling src/google/protobuf/descriptor.cc; 3s remote-cache, linux-sandbox ... (4 actions running)
[1,292 / 1,323] Compiling src/google/protobuf/descriptor.cc; 4s remote-cache, linux-sandbox ... (3 actions, 2 running)
[1,304 / 1,323] Compiling src/google/protobuf/descriptor.cc; 5s remote-cache, linux-sandbox ... (3 actions, 2 running)
[1,315 / 1,323] Compiling src/google/protobuf/descriptor.cc; 7s remote-cache, linux-sandbox ... (3 actions, 2 running)
[1,317 / 1,323] Compiling src/google/protobuf/compiler/parser.cc; 1s remote-cache, linux-sandbox ... (4 actions running)
[1,320 / 1,323] [Prepa] Linking external/com_github_protocolbuffers_protobuf/libprotobuf.so
Target //hintless_simplepir:new_pir_test up-to-date:
  /home/user/small-client-pir/native/cache/symlinks/bazel-bin/hintless_simplepir/new_pir_test
INFO: Elapsed time: 185.521s, Critical Path: 9.55s
INFO: 835 processes: 121 disk cache hit, 3 internal, 711 linux-sandbox.
INFO: Build completed successfully, 835 total actions
